Component: ARM Compiler 5.06 update 7 (build 960) Tool: armlink [4d3601]

==============================================================================

Section Cross References

    startup_stm32h723xx.o(STACK) refers (Special) to heapauxi.o(.text) for __use_two_region_memory
    startup_stm32h723xx.o(HEAP) refers (Special) to heapauxi.o(.text) for __use_two_region_memory
    startup_stm32h723xx.o(RESET) refers (Special) to heapauxi.o(.text) for __use_two_region_memory
    startup_stm32h723xx.o(RESET) refers to startup_stm32h723xx.o(STACK) for __initial_sp
    startup_stm32h723xx.o(RESET) refers to startup_stm32h723xx.o(.text) for Reset_Handler
    startup_stm32h723xx.o(RESET) refers to stm32h7xx_it.o(i.NMI_Handler) for NMI_Handler
    startup_stm32h723xx.o(RESET) refers to stm32h7xx_it.o(i.HardFault_Handler) for HardFault_Handler
    startup_stm32h723xx.o(RESET) refers to stm32h7xx_it.o(i.MemManage_Handler) for MemManage_Handler
    startup_stm32h723xx.o(RESET) refers to stm32h7xx_it.o(i.BusFault_Handler) for BusFault_Handler
    startup_stm32h723xx.o(RESET) refers to stm32h7xx_it.o(i.UsageFault_Handler) for UsageFault_Handler
    startup_stm32h723xx.o(RESET) refers to stm32h7xx_it.o(i.SVC_Handler) for SVC_Handler
    startup_stm32h723xx.o(RESET) refers to stm32h7xx_it.o(i.DebugMon_Handler) for DebugMon_Handler
    startup_stm32h723xx.o(RESET) refers to stm32h7xx_it.o(i.PendSV_Handler) for PendSV_Handler
    startup_stm32h723xx.o(RESET) refers to stm32h7xx_it.o(i.SysTick_Handler) for SysTick_Handler
    startup_stm32h723xx.o(RESET) refers to stm32h7xx_it.o(i.DMA1_Stream3_IRQHandler) for DMA1_Stream3_IRQHandler
    startup_stm32h723xx.o(.text) refers (Special) to heapauxi.o(.text) for __use_two_region_memory
    startup_stm32h723xx.o(.text) refers to system_stm32h7xx.o(i.ExitRun0Mode) for ExitRun0Mode
    startup_stm32h723xx.o(.text) refers to system_stm32h7xx.o(i.SystemInit) for SystemInit
    startup_stm32h723xx.o(.text) refers to __main.o(!!!main) for __main
    startup_stm32h723xx.o(.text) refers to startup_stm32h723xx.o(HEAP) for Heap_Mem
    startup_stm32h723xx.o(.text) refers to startup_stm32h723xx.o(STACK) for Stack_Mem
    main.o(i.HAL_TIM_PWM_PulseFinishedCallback) refers to stm32h7xx_hal_tim.o(i.HAL_TIM_PWM_Stop_DMA) for HAL_TIM_PWM_Stop_DMA
    main.o(i.HAL_TIM_PWM_PulseFinishedCallback) refers to tim.o(.bss) for htim3
    main.o(i.SystemClock_Config) refers to rt_memclr_w.o(.text) for __aeabi_memclr4
    main.o(i.SystemClock_Config) refers to stm32h7xx_hal_pwr_ex.o(i.HAL_PWREx_ConfigSupply) for HAL_PWREx_ConfigSupply
    main.o(i.SystemClock_Config) refers to stm32h7xx_hal_rcc.o(i.HAL_RCC_OscConfig) for HAL_RCC_OscConfig
    main.o(i.SystemClock_Config) refers to stm32h7xx_hal_rcc.o(i.HAL_RCC_ClockConfig) for HAL_RCC_ClockConfig
    main.o(i.main) refers to stm32h7xx_hal_cortex.o(i.HAL_MPU_Disable) for HAL_MPU_Disable
    main.o(i.main) refers to stm32h7xx_hal_cortex.o(i.HAL_MPU_ConfigRegion) for HAL_MPU_ConfigRegion
    main.o(i.main) refers to stm32h7xx_hal_cortex.o(i.HAL_MPU_Enable) for HAL_MPU_Enable
    main.o(i.main) refers to stm32h7xx_hal.o(i.HAL_Init) for HAL_Init
    main.o(i.main) refers to main.o(i.SystemClock_Config) for SystemClock_Config
    main.o(i.main) refers to gpio.o(i.MX_GPIO_Init) for MX_GPIO_Init
    main.o(i.main) refers to dma.o(i.MX_DMA_Init) for MX_DMA_Init
    main.o(i.main) refers to tim.o(i.MX_TIM3_Init) for MX_TIM3_Init
    main.o(i.main) refers to stm32h7xx_hal_gpio.o(i.HAL_GPIO_WritePin) for HAL_GPIO_WritePin
    main.o(i.main) refers to stm32h7xx_hal_tim.o(i.HAL_TIM_PWM_Start_DMA) for HAL_TIM_PWM_Start_DMA
    main.o(i.main) refers to stm32h7xx_hal.o(i.HAL_Delay) for HAL_Delay
    main.o(i.main) refers to main.o(.data) for .data
    main.o(i.main) refers to tim.o(.bss) for htim3
    gpio.o(i.MX_GPIO_Init) refers to rt_memclr_w.o(.text) for __aeabi_memclr4
    gpio.o(i.MX_GPIO_Init) refers to stm32h7xx_hal_gpio.o(i.HAL_GPIO_WritePin) for HAL_GPIO_WritePin
    gpio.o(i.MX_GPIO_Init) refers to stm32h7xx_hal_gpio.o(i.HAL_GPIO_Init) for HAL_GPIO_Init
    dma.o(i.MX_DMA_Init) refers to stm32h7xx_hal_cortex.o(i.HAL_NVIC_SetPriority) for HAL_NVIC_SetPriority
    dma.o(i.MX_DMA_Init) refers to stm32h7xx_hal_cortex.o(i.HAL_NVIC_EnableIRQ) for HAL_NVIC_EnableIRQ
    tim.o(i.HAL_TIM_MspPostInit) refers to rt_memclr_w.o(.text) for __aeabi_memclr4
    tim.o(i.HAL_TIM_MspPostInit) refers to stm32h7xx_hal_gpio.o(i.HAL_GPIO_Init) for HAL_GPIO_Init
    tim.o(i.HAL_TIM_PWM_MspDeInit) refers to stm32h7xx_hal_dma.o(i.HAL_DMA_DeInit) for HAL_DMA_DeInit
    tim.o(i.HAL_TIM_PWM_MspInit) refers to stm32h7xx_hal_dma.o(i.HAL_DMA_Init) for HAL_DMA_Init
    tim.o(i.HAL_TIM_PWM_MspInit) refers to main.o(i.Error_Handler) for Error_Handler
    tim.o(i.HAL_TIM_PWM_MspInit) refers to tim.o(.bss) for .bss
    tim.o(i.MX_TIM3_Init) refers to rt_memclr_w.o(.text) for __aeabi_memclr4
    tim.o(i.MX_TIM3_Init) refers to stm32h7xx_hal_tim.o(i.HAL_TIM_PWM_Init) for HAL_TIM_PWM_Init
[...]
    Removing stm32h7xx_hal_tim.o(.revsh_text), (4 bytes).
    Removing stm32h7xx_hal_tim.o(.rrx_text), (6 bytes).
    Removing stm32h7xx_hal_tim.o(i.HAL_TIM_Base_DeInit), (100 bytes).
    Removing stm32h7xx_hal_tim.o(i.HAL_TIM_Base_GetState), (6 bytes).
    Removing stm32h7xx_hal_tim.o(i.HAL_TIM_Base_Init), (98 bytes).
    Removing stm32h7xx_hal_tim.o(i.HAL_TIM_Base_MspDeInit), (2 bytes).
    Removing stm32h7xx_hal_tim.o(i.HAL_TIM_Base_MspInit), (2 bytes).
    Removing stm32h7xx_hal_tim.o(i.HAL_TIM_Base_Start), (148 bytes).
    Removing stm32h7xx_hal_tim.o(i.HAL_TIM_Base_Start_DMA), (220 bytes).
    Removing stm32h7xx_hal_tim.o(i.HAL_TIM_Base_Start_IT), (160 bytes).
    Removing stm32h7xx_hal_tim.o(i.HAL_TIM_Base_Stop), (38 bytes).
    Removing stm32h7xx_hal_tim.o(i.HAL_TIM_Base_Stop_DMA), (58 bytes).
    Removing stm32h7xx_hal_tim.o(i.HAL_TIM_Base_Stop_IT), (48 bytes).
    Removing stm32h7xx_hal_tim.o(i.HAL_TIM_ConfigClockSource), (252 bytes).
    Removing stm32h7xx_hal_tim.o(i.HAL_TIM_ConfigOCrefClear), (276 bytes).
    Removing stm32h7xx_hal_tim.o(i.HAL_TIM_ConfigTI1Input), (16 bytes).
    Removing stm32h7xx_hal_tim.o(i.HAL_TIM_DMABurstState), (6 bytes).
    Removing stm32h7xx_hal_tim.o(i.HAL_TIM_DMABurst_MultiReadStart), (332 bytes).
    Removing stm32h7xx_hal_tim.o(i.HAL_TIM_DMABurst_MultiWriteStart), (332 bytes).
    Removing stm32h7xx_hal_tim.o(i.HAL_TIM_DMABurst_ReadStart), (18 bytes).
    Removing stm32h7xx_hal_tim.o(i.HAL_TIM_DMABurst_ReadStop), (108 bytes).
    Removing stm32h7xx_hal_tim.o(i.HAL_TIM_DMABurst_WriteStart), (18 bytes).
    Removing stm32h7xx_hal_tim.o(i.HAL_TIM_DMABurst_WriteStop), (108 bytes).
    Removing stm32h7xx_hal_tim.o(i.HAL_TIM_Encoder_DeInit), (76 bytes).
    Removing stm32h7xx_hal_tim.o(i.HAL_TIM_Encoder_GetState), (6 bytes).
    Removing stm32h7xx_hal_tim.o(i.HAL_TIM_Encoder_Init), (188 bytes).
    Removing stm32h7xx_hal_tim.o(i.HAL_TIM_Encoder_MspDeInit), (2 bytes).
    Removing stm32h7xx_hal_tim.o(i.HAL_TIM_Encoder_MspInit), (2 bytes).
    Removing stm32h7xx_hal_tim.o(i.HAL_TIM_Encoder_Start), (142 bytes).
    Removing stm32h7xx_hal_tim.o(i.HAL_TIM_Encoder_Start_DMA), (432 bytes).
    Removing stm32h7xx_hal_tim.o(i.HAL_TIM_Encoder_Start_IT), (184 bytes).
    Removing stm32h7xx_hal_tim.o(i.HAL_TIM_Encoder_Stop), (112 bytes).
    Removing stm32h7xx_hal_tim.o(i.HAL_TIM_Encoder_Stop_DMA), (182 bytes).
    Removing stm32h7xx_hal_tim.o(i.HAL_TIM_Encoder_Stop_IT), (154 bytes).
    Removing stm32h7xx_hal_tim.o(i.HAL_TIM_GenerateEvent), (40 bytes).
    Removing stm32h7xx_hal_tim.o(i.HAL_TIM_GetActiveChannel), (4 bytes).
    Removing stm32h7xx_hal_tim.o(i.HAL_TIM_GetChannelState), (54 bytes).
    Removing stm32h7xx_hal_tim.o(i.HAL_TIM_IC_CaptureCallback), (2 bytes).
    Removing stm32h7xx_hal_tim.o(i.HAL_TIM_IC_CaptureHalfCpltCallback), (2 bytes).
    Removing stm32h7xx_hal_tim.o(i.HAL_TIM_IC_ConfigChannel), (290 bytes).
    Removing stm32h7xx_hal_tim.o(i.HAL_TIM_IC_DeInit), (100 bytes).
    Removing stm32h7xx_hal_tim.o(i.HAL_TIM_IC_GetState), (6 bytes).
    Removing stm32h7xx_hal_tim.o(i.HAL_TIM_IC_Init), (98 bytes).
    Removing stm32h7xx_hal_tim.o(i.HAL_TIM_IC_MspDeInit), (2 bytes).
    Removing stm32h7xx_hal_tim.o(i.HAL_TIM_IC_MspInit), (2 bytes).
    Removing stm32h7xx_hal_tim.o(i.HAL_TIM_IC_Start), (304 bytes).
    Removing stm32h7xx_hal_tim.o(i.HAL_TIM_IC_Start_DMA), (540 bytes).
    Removing stm32h7xx_hal_tim.o(i.HAL_TIM_IC_Start_IT), (344 bytes).
    Removing stm32h7xx_hal_tim.o(i.HAL_TIM_IC_Stop), (118 bytes).
    Removing stm32h7xx_hal_tim.o(i.HAL_TIM_IC_Stop_DMA), (198 bytes).
    Removing stm32h7xx_hal_tim.o(i.HAL_TIM_IC_Stop_IT), (182 bytes).
    Removing stm32h7xx_hal_tim.o(i.HAL_TIM_IRQHandler), (328 bytes).
    Removing stm32h7xx_hal_tim.o(i.HAL_TIM_OC_ConfigChannel), (110 bytes).
    Removing stm32h7xx_hal_tim.o(i.HAL_TIM_OC_DeInit), (100 bytes).
    Removing stm32h7xx_hal_tim.o(i.HAL_TIM_OC_DelayElapsedCallback), (2 bytes).
    Removing stm32h7xx_hal_tim.o(i.HAL_TIM_OC_GetState), (6 bytes).
    Removing stm32h7xx_hal_tim.o(i.HAL_TIM_OC_Init), (98 bytes).
    Removing stm32h7xx_hal_tim.o(i.HAL_TIM_OC_MspDeInit), (2 bytes).
    Removing stm32h7xx_hal_tim.o(i.HAL_TIM_OC_MspInit), (2 bytes).
    Removing stm32h7xx_hal_tim.o(i.HAL_TIM_OC_Start), (292 bytes).
    Removing stm32h7xx_hal_tim.o(i.HAL_TIM_OC_Start_DMA), (548 bytes).
    Removing stm32h7xx_hal_tim.o(i.HAL_TIM_OC_Start_IT), (344 bytes).
    Removing stm32h7xx_hal_tim.o(i.HAL_TIM_OC_Stop), (176 bytes).
    Removing stm32h7xx_hal_tim.o(i.HAL_TIM_OC_Stop_DMA), (256 bytes).
    Removing stm32h7xx_hal_tim.o(i.HAL_TIM_OC_Stop_IT), (240 bytes).
    Removing stm32h7xx_hal_tim.o(i.HAL_TIM_OnePulse_ConfigChannel), (248 bytes).
    Removing stm32h7xx_hal_tim.o(i.HAL_TIM_OnePulse_DeInit), (76 bytes).
    Removing stm32h7xx_hal_tim.o(i.HAL_TIM_OnePulse_GetState), (6 bytes).
    Removing stm32h7xx_hal_tim.o(i.HAL_TIM_OnePulse_Init), (94 bytes).
    Removing stm32h7xx_hal_tim.o(i.HAL_TIM_OnePulse_MspDeInit), (2 bytes).
    Removing stm32h7xx_hal_tim.o(i.HAL_TIM_OnePulse_MspInit), (2 bytes).
    Removing stm32h7xx_hal_tim.o(i.HAL_TIM_OnePulse_Start), (144 bytes).
    Removing stm32h7xx_hal_tim.o(i.HAL_TIM_OnePulse_Start_IT), (164 bytes).
    Removing stm32h7xx_hal_tim.o(i.HAL_TIM_OnePulse_Stop), (148 bytes).
    Removing stm32h7xx_hal_tim.o(i.HAL_TIM_OnePulse_Stop_IT), (168 bytes).
    Removing stm32h7xx_hal_tim.o(i.HAL_TIM_PWM_DeInit), (100 bytes).
    Removing stm32h7xx_hal_tim.o(i.HAL_TIM_PWM_GetState), (6 bytes).
    Removing stm32h7xx_hal_tim.o(i.HAL_TIM_PWM_MspDeInit), (2 bytes).
    Removing stm32h7xx_hal_tim.o(i.HAL_TIM_PWM_MspInit), (2 bytes).
    Removing stm32h7xx_hal_tim.o(i.HAL_TIM_PWM_PulseFinishedCallback), (2 bytes).
    Removing stm32h7xx_hal_tim.o(i.HAL_TIM_PWM_Start), (292 bytes).
    Removing stm32h7xx_hal_tim.o(i.HAL_TIM_PWM_Start_IT), (344 bytes).
    Removing stm32h7xx_hal_tim.o(i.HAL_TIM_PWM_Stop), (176 bytes).
    Removing stm32h7xx_hal_tim.o(i.HAL_TIM_PWM_Stop_IT), (240 bytes).
    Removing stm32h7xx_hal_tim.o(i.HAL_TIM_PeriodElapsedCallback), (2 bytes).
    Removing stm32h7xx_hal_tim.o(i.HAL_TIM_PeriodElapsedHalfCpltCallback), (2 bytes).
    Removing stm32h7xx_hal_tim.o(i.HAL_TIM_ReadCapturedValue), (44 bytes).
    Removing stm32h7xx_hal_tim.o(i.HAL_TIM_SlaveConfigSynchro), (86 bytes).
    Removing stm32h7xx_hal_tim.o(i.HAL_TIM_SlaveConfigSynchro_IT), (86 bytes).
    Removing stm32h7xx_hal_tim.o(i.HAL_TIM_TriggerCallback), (2 bytes).
    Removing stm32h7xx_hal_tim.o(i.HAL_TIM_TriggerHalfCpltCallback), (2 bytes).
    Removing stm32h7xx_hal_tim.o(i.TIM_DMACaptureCplt), (110 bytes).
    Removing stm32h7xx_hal_tim.o(i.TIM_DMACaptureHalfCplt), (56 bytes).
    Removing stm32h7xx_hal_tim.o(i.TIM_DMAPeriodElapsedCplt), (22 bytes).
    Removing stm32h7xx_hal_tim.o(i.TIM_DMAPeriodElapsedHalfCplt), (10 bytes).
    Removing stm32h7xx_hal_tim.o(i.TIM_DMATriggerCplt), (22 bytes).
    Removing stm32h7xx_hal_tim.o(i.TIM_DMATriggerHalfCplt), (10 bytes).
    Removing stm32h7xx_hal_tim.o(i.TIM_ETR_SetConfig), (18 bytes).
    Removing stm32h7xx_hal_tim.o(i.TIM_ITRx_SetConfig), (20 bytes).
    Removing stm32h7xx_hal_tim.o(i.TIM_SlaveTimer_SetConfig), (224 bytes).
    Removing stm32h7xx_hal_tim.o(i.TIM_TI1_ConfigInputStage), (34 bytes).
    Removing stm32h7xx_hal_tim.o(i.TIM_TI1_SetConfig), (148 bytes).
    Removing stm32h7xx_hal_tim.o(i.TIM_TI2_ConfigInputStage), (36 bytes).
    Removing stm32h7xx_hal_tim.o(i.TIM_TI2_SetConfig), (54 bytes).
    Removing stm32h7xx_hal_tim_ex.o(.rev16_text), (4 bytes).
    Removing stm32h7xx_hal_tim_ex.o(.revsh_text), (4 bytes).
    Removing stm32h7xx_hal_tim_ex.o(.rrx_text), (6 bytes).
    Removing stm32h7xx_hal_tim_ex.o(i.HAL_TIMEx_Break2Callback), (2 bytes).
    Removing stm32h7xx_hal_tim_ex.o(i.HAL_TIMEx_BreakCallback), (2 bytes).
    Removing stm32h7xx_hal_tim_ex.o(i.HAL_TIMEx_CommutCallback), (2 bytes).
    Removing stm32h7xx_hal_tim_ex.o(i.HAL_TIMEx_CommutHalfCpltCallback), (2 bytes).
    Removing stm32h7xx_hal_tim_ex.o(i.HAL_TIMEx_ConfigBreakDeadTime), (160 bytes).
    Removing stm32h7xx_hal_tim_ex.o(i.HAL_TIMEx_ConfigBreakInput), (204 bytes).
    Removing stm32h7xx_hal_tim_ex.o(i.HAL_TIMEx_ConfigCommutEvent), (128 bytes).
    Removing stm32h7xx_hal_tim_ex.o(i.HAL_TIMEx_ConfigCommutEvent_DMA), (160 bytes).
    Removing stm32h7xx_hal_tim_ex.o(i.HAL_TIMEx_ConfigCommutEvent_IT), (128 bytes).
    Removing stm32h7xx_hal_tim_ex.o(i.HAL_TIMEx_DisarmBreakInput), (72 bytes).
    Removing stm32h7xx_hal_tim_ex.o(i.HAL_TIMEx_GetChannelNState), (34 bytes).
    Removing stm32h7xx_hal_tim_ex.o(i.HAL_TIMEx_GroupChannel5), (58 bytes).
    Removing stm32h7xx_hal_tim_ex.o(i.HAL_TIMEx_HallSensor_DeInit), (76 bytes).
    Removing stm32h7xx_hal_tim_ex.o(i.HAL_TIMEx_HallSensor_GetState), (6 bytes).
    Removing stm32h7xx_hal_tim_ex.o(i.HAL_TIMEx_HallSensor_Init), (220 bytes).
    Removing stm32h7xx_hal_tim_ex.o(i.HAL_TIMEx_HallSensor_MspDeInit), (2 bytes).
    Removing stm32h7xx_hal_tim_ex.o(i.HAL_TIMEx_HallSensor_MspInit), (2 bytes).
    Removing stm32h7xx_hal_tim_ex.o(i.HAL_TIMEx_HallSensor_Start), (200 bytes).
    Removing stm32h7xx_hal_tim_ex.o(i.HAL_TIMEx_HallSensor_Start_DMA), (252 bytes).
    Removing stm32h7xx_hal_tim_ex.o(i.HAL_TIMEx_HallSensor_Start_IT), (208 bytes).
    Removing stm32h7xx_hal_tim_ex.o(i.HAL_TIMEx_HallSensor_Stop), (64 bytes).
    Removing stm32h7xx_hal_tim_ex.o(i.HAL_TIMEx_HallSensor_Stop_DMA), (72 bytes).
    Removing stm32h7xx_hal_tim_ex.o(i.HAL_TIMEx_HallSensor_Stop_IT), (74 bytes).
    Removing stm32h7xx_hal_tim_ex.o(i.HAL_TIMEx_OCN_Start), (224 bytes).
    Removing stm32h7xx_hal_tim_ex.o(i.HAL_TIMEx_OCN_Start_DMA), (424 bytes).
    Removing stm32h7xx_hal_tim_ex.o(i.HAL_TIMEx_OCN_Start_IT), (268 bytes).
    Removing stm32h7xx_hal_tim_ex.o(i.HAL_TIMEx_OCN_Stop), (104 bytes).
    Removing stm32h7xx_hal_tim_ex.o(i.HAL_TIMEx_OCN_Stop_DMA), (168 bytes).
    Removing stm32h7xx_hal_tim_ex.o(i.HAL_TIMEx_OCN_Stop_IT), (172 bytes).
    Removing stm32h7xx_hal_tim_ex.o(i.HAL_TIMEx_OnePulseN_Start), (100 bytes).
    Removing stm32h7xx_hal_tim_ex.o(i.HAL_TIMEx_OnePulseN_Start_IT), (120 bytes).
    Removing stm32h7xx_hal_tim_ex.o(i.HAL_TIMEx_OnePulseN_Stop), (102 bytes).
    Removing stm32h7xx_hal_tim_ex.o(i.HAL_TIMEx_OnePulseN_Stop_IT), (124 bytes).
    Removing stm32h7xx_hal_tim_ex.o(i.HAL_TIMEx_PWMN_Start), (224 bytes).
    Removing stm32h7xx_hal_tim_ex.o(i.HAL_TIMEx_PWMN_Start_DMA), (424 bytes).
    Removing stm32h7xx_hal_tim_ex.o(i.HAL_TIMEx_PWMN_Start_IT), (268 bytes).
    Removing stm32h7xx_hal_tim_ex.o(i.HAL_TIMEx_PWMN_Stop), (104 bytes).
    Removing stm32h7xx_hal_tim_ex.o(i.HAL_TIMEx_PWMN_Stop_DMA), (168 bytes).
    Removing stm32h7xx_hal_tim_ex.o(i.HAL_TIMEx_PWMN_Stop_IT), (172 bytes).
    Removing stm32h7xx_hal_tim_ex.o(i.HAL_TIMEx_ReArmBreakInput), (116 bytes).
    Removing stm32h7xx_hal_tim_ex.o(i.HAL_TIMEx_RemapConfig), (42 bytes).
    Removing stm32h7xx_hal_tim_ex.o(i.HAL_TIMEx_TISelection), (96 bytes).
    Removing stm32h7xx_hal_tim_ex.o(i.TIMEx_DMACommutationCplt), (16 bytes).
    Removing stm32h7xx_hal_tim_ex.o(i.TIMEx_DMACommutationHalfCplt), (16 bytes).
    Removing stm32h7xx_hal_tim_ex.o(i.TIM_CCxNChannelCmd), (26 bytes).
    Removing stm32h7xx_hal_tim_ex.o(i.TIM_DMADelayPulseNCplt), (74 bytes).
    Removing stm32h7xx_hal_tim_ex.o(i.TIM_DMAErrorCCxN), (62 bytes).
    Removing system_stm32h7xx.o(.rev16_text), (4 bytes).
    Removing system_stm32h7xx.o(.revsh_text), (4 bytes).
    Removing system_stm32h7xx.o(.rrx_text), (6 bytes).
    Removing system_stm32h7xx.o(i.SystemCoreClockUpdate), (320 bytes).

559 unused section(s) (total 54730 bytes) removed from the image.

==============================================================================

Image Symbol Table

    Local Symbols

    Symbol Name                              Value     Ov Type        Size  Object(Section)

    ../Core/Src/dma.c                        0x00000000   Number         0  dma.o ABSOLUTE
    ../Core/Src/gpio.c                       0x00000000   Number         0  gpio.o ABSOLUTE
    ../Core/Src/main.c                       0x00000000   Number         0  main.o ABSOLUTE
    ../Core/Src/stm32h7xx_hal_msp.c          0x00000000   Number         0  stm32h7xx_hal_msp.o ABSOLUTE
    ../Core/Src/stm32h7xx_it.c               0x00000000   Number         0  stm32h7xx_it.o ABSOLUTE
    ../Core/Src/system_stm32h7xx.c           0x00000000   Number         0  system_stm32h7xx.o ABSOLUTE
    ../Core/Src/tim.c                        0x00000000   Number         0  tim.o ABSOLUTE
    ../Drivers/STM32H7xx_HAL_Driver/Src/stm32h7xx_hal.c 0x00000000   Number         0  stm32h7xx_hal.o ABSOLUTE
    ../Drivers/STM32H7xx_HAL_Driver/Src/stm32h7xx_hal_cortex.c 0x00000000   Number         0  stm32h7xx_hal_cortex.o ABSOLUTE
    ../Drivers/STM32H7xx_HAL_Driver/Src/stm32h7xx_hal_dma.c 0x00000000   Number         0  stm32h7xx_hal_dma.o ABSOLUTE
    ../Drivers/STM32H7xx_HAL_Driver/Src/stm32h7xx_hal_dma_ex.c 0x00000000   Number         0  stm32h7xx_hal_dma_ex.o ABSOLUTE
    ../Drivers/STM32H7xx_HAL_Driver/Src/stm32h7xx_hal_exti.c 0x00000000   Number         0  stm32h7xx_hal_exti.o ABSOLUTE
    ../Drivers/STM32H7xx_HAL_Driver/Src/stm32h7xx_hal_flash.c 0x00000000   Number         0  stm32h7xx_hal_flash.o ABSOLUTE
    ../Drivers/STM32H7xx_HAL_Driver/Src/stm32h7xx_hal_flash_ex.c 0x00000000   Number         0  stm32h7xx_hal_flash_ex.o ABSOLUTE
    ../Drivers/STM32H7xx_HAL_Driver/Src/stm32h7xx_hal_gpio.c 0x00000000   Number         0  stm32h7xx_hal_gpio.o ABSOLUTE
    ../Drivers/STM32H7xx_HAL_Driver/Src/stm32h7xx_hal_hsem.c 0x00000000   Number         0  stm32h7xx_hal_hsem.o ABSOLUTE
    ../Drivers/STM32H7xx_HAL_Driver/Src/stm32h7xx_hal_i2c.c 0x00000000   Number         0  stm32h7xx_hal_i2c.o ABSOLUTE
    ../Drivers/STM32H7xx_HAL_Driver/Src/stm32h7xx_hal_i2c_ex.c 0x00000000   Number         0  stm32h7xx_hal_i2c_ex.o ABSOLUTE
    ../Drivers/STM32H7xx_HAL_Driver/Src/stm32h7xx_hal_mdma.c 0x00000000   Number         0  stm32h7xx_hal_mdma.o ABSOLUTE
    ../Drivers/STM32H7xx_HAL_Driver/Src/stm32h7xx_hal_pwr.c 0x00000000   Number         0  stm32h7xx_hal_pwr.o ABSOLUTE
    ../Drivers/STM32H7xx_HAL_Driver/Src/stm32h7xx_hal_pwr_ex.c 0x00000000   Number         0  stm32h7xx_hal_pwr_ex.o ABSOLUTE
    ../Drivers/STM32H7xx_HAL_Driver/Src/stm32h7xx_hal_rcc.c 0x00000000   Number         0  stm32h7xx_hal_rcc.o ABSOLUTE
    ../Drivers/STM32H7xx_HAL_Driver/Src/stm32h7xx_hal_rcc_ex.c 0x00000000   Number         0  stm32h7xx_hal_rcc_ex.o ABSOLUTE
    ../Drivers/STM32H7xx_HAL_Driver/Src/stm32h7xx_hal_tim.c 0x00000000   Number         0  stm32h7xx_hal_tim.o ABSOLUTE
    ../Drivers/STM32H7xx_HAL_Driver/Src/stm32h7xx_hal_tim_ex.c 0x00000000   Number         0  stm32h7xx_hal_tim_ex.o ABSOLUTE
    ../clib/angel/boardlib.s                 0x00000000   Number         0  boardshut.o ABSOLUTE
    ../clib/angel/boardlib.s                 0x00000000   Number         0  boardinit3.o ABSOLUTE
    ../clib/angel/boardlib.s                 0x00000000   Number         0  boardinit2.o ABSOLUTE
    ../clib/angel/boardlib.s                 0x00000000   Number         0  boardinit1.o ABSOLUTE
    ../clib/angel/dczerorl2.s                0x00000000   Number         0  __dczerorl2.o ABSOLUTE
    ../clib/angel/handlers.s                 0x00000000   Number         0  __scatter_zi.o ABSOLUTE
    ../clib/angel/kernel.s                   0x00000000   Number         0  __rtentry4.o ABSOLUTE
    ../clib/angel/kernel.s                   0x00000000   Number         0  __rtentry.o ABSOLUTE
    ../clib/angel/kernel.s                   0x00000000   Number         0  __rtentry2.o ABSOLUTE
    ../clib/angel/kernel.s                   0x00000000   Number         0  rtexit.o ABSOLUTE
    ../clib/angel/kernel.s                   0x00000000   Number         0  rtexit2.o ABSOLUTE
    ../clib/angel/rt.s                       0x00000000   Number         0  rt_raise.o ABSOLUTE
    ../clib/angel/scatter.s                  0x00000000   Number         0  __scatter.o ABSOLUTE
    ../clib/angel/startup.s                  0x00000000   Number         0  __main.o ABSOLUTE
    ../clib/angel/sys.s                      0x00000000   Number         0  indicate_semi.o ABSOLUTE
    ../clib/angel/sys.s                      0x00000000   Number         0  sys_stackheap_outer.o ABSOLUTE
    ../clib/angel/sys.s                      0x00000000   Number         0  libspace.o ABSOLUTE
    ../clib/angel/sys.s                      0x00000000   Number         0  use_no_semi.o ABSOLUTE
    ../clib/angel/sysapp.c                   0x00000000   Number         0  sys_wrch.o ABSOLUTE
    ../clib/angel/sysapp.c                   0x00000000   Number         0  sys_exit.o ABSOLUTE
    ../clib/angel/sysapp.c                   0x00000000   Number         0  sys_command.o ABSOLUTE
    ../clib/armsys.c                         0x00000000   Number         0  no_argv.o ABSOLUTE
    ../clib/armsys.c                         0x00000000   Number         0  _get_argv_nomalloc.o ABSOLUTE
    ../clib/armsys.c                         0x00000000   Number         0  argv_veneer.o ABSOLUTE
    ../clib/armsys.c                         0x00000000   Number         0  argv_veneer.o ABSOLUTE
    ../clib/heapalloc.c                      0x00000000   Number         0  hrguard.o ABSOLUTE
    ../clib/heapaux.c                        0x00000000   Number         0  heapauxi.o ABSOLUTE
    ../clib/libinit.s                        0x00000000   Number         0  libshutdown.o ABSOLUTE
    ../clib/libinit.s                        0x00000000   Number         0  libinit2.o ABSOLUTE
    ../clib/libinit.s                        0x00000000   Number         0  libinit.o ABSOLUTE
    ../clib/libinit.s                        0x00000000   Number         0  libshutdown2.o ABSOLUTE
    ../clib/memcpset.s                       0x00000000   Number         0  rt_memclr_w.o ABSOLUTE
    ../clib/signal.c                         0x00000000   Number         0  defsig_rtmem_formal.o ABSOLUTE
    ../clib/signal.c                         0x00000000   Number         0  defsig_rtmem_outer.o ABSOLUTE
    ../clib/signal.c                         0x00000000   Number         0  defsig_segv_inner.o ABSOLUTE
    ../clib/signal.c                         0x00000000   Number         0  defsig_cppl_inner.o ABSOLUTE
    ../clib/signal.c                         0x00000000   Number         0  defsig_pvfn_inner.o ABSOLUTE
    ../clib/signal.c                         0x00000000   Number         0  defsig_stak_inner.o ABSOLUTE
    ../clib/signal.c                         0x00000000   Number         0  defsig_rtred_inner.o ABSOLUTE
    ../clib/signal.c                         0x00000000   Number         0  defsig_fpe_inner.o ABSOLUTE
    ../clib/signal.c                         0x00000000   Number         0  defsig_abrt_inner.o ABSOLUTE
    ../clib/signal.c                         0x00000000   Number         0  defsig_other.o ABSOLUTE
    ../clib/signal.c                         0x00000000   Number         0  defsig_general.o ABSOLUTE
    ../clib/signal.c                         0x00000000   Number         0  __raise.o ABSOLUTE
    ../clib/signal.c                         0x00000000   Number         0  defsig_rtmem_inner.o ABSOLUTE
    ../clib/signal.c                         0x00000000   Number         0  defsig_exit.o ABSOLUTE
    ../clib/signal.s                         0x00000000   Number         0  defsig.o ABSOLUTE
    ../clib/stdlib.c                         0x00000000   Number         0  exit.o ABSOLUTE
    ../fplib/fpinit.s                        0x00000000   Number         0  fpinit.o ABSOLUTE
    ..\Core\Src\dma.c                        0x00000000   Number         0  dma.o ABSOLUTE
    ..\Core\Src\gpio.c                       0x00000000   Number         0  gpio.o ABSOLUTE
    ..\Core\Src\main.c                       0x00000000   Number         0  main.o ABSOLUTE
    ..\Core\Src\stm32h7xx_hal_msp.c          0x00000000   Number         0  stm32h7xx_hal_msp.o ABSOLUTE
    ..\Core\Src\stm32h7xx_it.c               0x00000000   Number         0  stm32h7xx_it.o ABSOLUTE
    ..\Core\Src\system_stm32h7xx.c           0x00000000   Number         0  system_stm32h7xx.o ABSOLUTE
    ..\Core\Src\tim.c                        0x00000000   Number         0  tim.o ABSOLUTE
    ..\Drivers\STM32H7xx_HAL_Driver\Src\stm32h7xx_hal.c 0x00000000   Number         0  stm32h7xx_hal.o ABSOLUTE
    ..\Drivers\STM32H7xx_HAL_Driver\Src\stm32h7xx_hal_cortex.c 0x00000000   Number         0  stm32h7xx_hal_cortex.o ABSOLUTE
    ..\Drivers\STM32H7xx_HAL_Driver\Src\stm32h7xx_hal_dma.c 0x00000000   Number         0  stm32h7xx_hal_dma.o ABSOLUTE
    ..\Drivers\STM32H7xx_HAL_Driver\Src\stm32h7xx_hal_dma_ex.c 0x00000000   Number         0  stm32h7xx_hal_dma_ex.o ABSOLUTE
    ..\Drivers\STM32H7xx_HAL_Driver\Src\stm32h7xx_hal_exti.c 0x00000000   Number         0  stm32h7xx_hal_exti.o ABSOLUTE
    ..\Drivers\STM32H7xx_HAL_Driver\Src\stm32h7xx_hal_flash.c 0x00000000   Number         0  stm32h7xx_hal_flash.o ABSOLUTE
    ..\Drivers\STM32H7xx_HAL_Driver\Src\stm32h7xx_hal_flash_ex.c 0x00000000   Number         0  stm32h7xx_hal_flash_ex.o ABSOLUTE
    ..\Drivers\STM32H7xx_HAL_Driver\Src\stm32h7xx_hal_gpio.c 0x00000000   Number         0  stm32h7xx_hal_gpio.o ABSOLUTE
    ..\Drivers\STM32H7xx_HAL_Driver\Src\stm32h7xx_hal_hsem.c 0x00000000   Number         0  stm32h7xx_hal_hsem.o ABSOLUTE
    ..\Drivers\STM32H7xx_HAL_Driver\Src\stm32h7xx_hal_i2c.c 0x00000000   Number         0  stm32h7xx_hal_i2c.o ABSOLUTE
    ..\Drivers\STM32H7xx_HAL_Driver\Src\stm32h7xx_hal_i2c_ex.c 0x00000000   Number         0  stm32h7xx_hal_i2c_ex.o ABSOLUTE
    ..\Drivers\STM32H7xx_HAL_Driver\Src\stm32h7xx_hal_mdma.c 0x00000000   Number         0  stm32h7xx_hal_mdma.o ABSOLUTE
    ..\Drivers\STM32H7xx_HAL_Driver\Src\stm32h7xx_hal_pwr.c 0x00000000   Number         0  stm32h7xx_hal_pwr.o ABSOLUTE
    ..\Drivers\STM32H7xx_HAL_Driver\Src\stm32h7xx_hal_pwr_ex.c 0x00000000   Number         0  stm32h7xx_hal_pwr_ex.o ABSOLUTE
    ..\Drivers\STM32H7xx_HAL_Driver\Src\stm32h7xx_hal_rcc.c 0x00000000   Number         0  stm32h7xx_hal_rcc.o ABSOLUTE
    ..\Drivers\STM32H7xx_HAL_Driver\Src\stm32h7xx_hal_rcc_ex.c 0x00000000   Number         0  stm32h7xx_hal_rcc_ex.o ABSOLUTE
    ..\Drivers\STM32H7xx_HAL_Driver\Src\stm32h7xx_hal_tim.c 0x00000000   Number         0  stm32h7xx_hal_tim.o ABSOLUTE
    ..\Drivers\STM32H7xx_HAL_Driver\Src\stm32h7xx_hal_tim_ex.c 0x00000000   Number         0  stm32h7xx_hal_tim_ex.o ABSOLUTE
    dc.s                                     0x00000000   Number         0  dc.o ABSOLUTE
    startup_stm32h723xx.s                    0x00000000   Number         0  startup_stm32h723xx.o ABSOLUTE
    RESET                                    0x08000000   Section      716  startup_stm32h723xx.o(RESET)
    !!!main                                  0x080002cc   Section        8  __main.o(!!!main)
    !!!scatter                               0x080002d4   Section       52  __scatter.o(!!!scatter)
    !!dczerorl2                              0x08000308   Section       90  __dczerorl2.o(!!dczerorl2)
    !!handler_zi                             0x08000364   Section       28  __scatter_zi.o(!!handler_zi)
    .ARM.Collect$$libinit$$00000000          0x08000380   Section        2  libinit.o(.ARM.Collect$$libinit$$00000000)
    .ARM.Collect$$libinit$$00000001          0x08000382   Section        4  libinit2.o(.ARM.Collect$$libinit$$00000001)
    .ARM.Collect$$libinit$$00000004          0x08000386   Section        0  libinit2.o(.ARM.Collect$$libinit$$00000004)
    .ARM.Collect$$libinit$$0000000A          0x08000386   Section        0  libinit2.o(.ARM.Collect$$libinit$$0000000A)
    .ARM.Collect$$libinit$$0000000C          0x08000386   Section        0  libinit2.o(.ARM.Collect$$libinit$$0000000C)
    .ARM.Collect$$libinit$$0000000E          0x08000386   Section        0  libinit2.o(.ARM.Collect$$libinit$$0000000E)
    .ARM.Collect$$libinit$$00000011          0x08000386   Section        0  libinit2.o(.ARM.Collect$$libinit$$00000011)
    .ARM.Collect$$libinit$$00000013          0x08000386   Section        0  libinit2.o(.ARM.Collect$$libinit$$00000013)
    .ARM.Collect$$libinit$$00000015          0x08000386   Section        0  libinit2.o(.ARM.Collect$$libinit$$00000015)
    .ARM.Collect$$libinit$$00000017          0x08000386   Section        0  libinit2.o(.ARM.Collect$$libinit$$00000017)
    .ARM.Collect$$libinit$$00000019          0x08000386   Section        0  libinit2.o(.ARM.Collect$$libinit$$00000019)
    .ARM.Collect$$libinit$$0000001B          0x08000386   Section        0  libinit2.o(.ARM.Collect$$libinit$$0000001B)
    .ARM.Collect$$libinit$$0000001D          0x08000386   Section        0  libinit2.o(.ARM.Collect$$libinit$$0000001D)
    .ARM.Collect$$libinit$$0000001F          0x08000386   Section        0  libinit2.o(.ARM.Collect$$libinit$$0000001F)
    .ARM.Collect$$libinit$$00000021          0x08000386   Section        0  libinit2.o(.ARM.Collect$$libinit$$00000021)
    .ARM.Collect$$libinit$$00000023          0x08000386   Section        0  libinit2.o(.ARM.Collect$$libinit$$00000023)
    .ARM.Collect$$libinit$$00000025          0x08000386   Section        0  libinit2.o(.ARM.Collect$$libinit$$00000025)
    .ARM.Collect$$libinit$$0000002C          0x08000386   Section        0  libinit2.o(.ARM.Collect$$libinit$$0000002C)
    .ARM.Collect$$libinit$$0000002E          0x08000386   Section        0  libinit2.o(.ARM.Collect$$libinit$$0000002E)
    .ARM.Collect$$libinit$$00000030          0x08000386   Section        0  libinit2.o(.ARM.Collect$$libinit$$00000030)
    .ARM.Collect$$libinit$$00000032          0x08000386   Section        0  libinit2.o(.ARM.Collect$$libinit$$00000032)
    .ARM.Collect$$libinit$$00000033          0x08000386   Section        2  libinit2.o(.ARM.Collect$$libinit$$00000033)
    .ARM.Collect$$libshutdown$$00000000      0x08000388   Section        2  libshutdown.o(.ARM.Collect$$libshutdown$$00000000)
    .ARM.Collect$$libshutdown$$00000002      0x0800038a   Section        0  libshutdown2.o(.ARM.Collect$$libshutdown$$00000002)
    .ARM.Collect$$libshutdown$$00000004      0x0800038a   Section        0  libshutdown2.o(.ARM.Collect$$libshutdown$$00000004)
    .ARM.Collect$$libshutdown$$00000006      0x0800038a   Section        0  libshutdown2.o(.ARM.Collect$$libshutdown$$00000006)
    .ARM.Collect$$libshutdown$$00000009      0x0800038a   Section        0  libshutdown2.o(.ARM.Collect$$libshutdown$$00000009)
    .ARM.Collect$$libshutdown$$0000000C      0x0800038a   Section        0  libshutdown2.o(.ARM.Collect$$libshutdown$$0000000C)
    .ARM.Collect$$libshutdown$$0000000E      0x0800038a   Section        0  libshutdown2.o(.ARM.Collect$$libshutdown$$0000000E)
    .ARM.Collect$$libshutdown$$00000011      0x0800038a   Section        0  libshutdown2.o(.ARM.Collect$$libshutdown$$00000011)
    .ARM.Collect$$libshutdown$$00000012      0x0800038a   Section        2  libshutdown2.o(.ARM.Collect$$libshutdown$$00000012)
    .ARM.Collect$$rtentry$$00000000          0x0800038c   Section        0  __rtentry.o(.ARM.Collect$$rtentry$$00000000)
    .ARM.Collect$$rtentry$$00000002          0x0800038c   Section        0  __rtentry2.o(.ARM.Collect$$rtentry$$00000002)
    .ARM.Collect$$rtentry$$00000004          0x0800038c   Section        6  __rtentry4.o(.ARM.Collect$$rtentry$$00000004)
    .ARM.Collect$$rtentry$$00000009          0x08000392   Section        0  __rtentry2.o(.ARM.Collect$$rtentry$$00000009)
    .ARM.Collect$$rtentry$$0000000A          0x08000392   Section        4  __rtentry2.o(.ARM.Collect$$rtentry$$0000000A)
    .ARM.Collect$$rtentry$$0000000C          0x08000396   Section        0  __rtentry2.o(.ARM.Collect$$rtentry$$0000000C)
    .ARM.Collect$$rtentry$$0000000D          0x08000396   Section        8  __rtentry2.o(.ARM.Collect$$rtentry$$0000000D)
    .ARM.Collect$$rtexit$$00000000           0x0800039e   Section        2  rtexit.o(.ARM.Collect$$rtexit$$00000000)
    .ARM.Collect$$rtexit$$00000002           0x080003a0   Section        0  rtexit2.o(.ARM.Collect$$rtexit$$00000002)
    .ARM.Collect$$rtexit$$00000003           0x080003a0   Section        4  rtexit2.o(.ARM.Collect$$rtexit$$00000003)
    .ARM.Collect$$rtexit$$00000004           0x080003a4   Section        6  rtexit2.o(.ARM.Collect$$rtexit$$00000004)
    .text                                    0x080003ac   Section       72  startup_stm32h723xx.o(.text)
    $v0                                      0x080003ac   Number         0  startup_stm32h723xx.o(.text)
    .text                                    0x080003f4   Section       78  rt_memclr_w.o(.text)
    .text                                    0x08000442   Section        0  heapauxi.o(.text)
    .text                                    0x08000448   Section       74  sys_stackheap_outer.o(.text)
    .text                                    0x08000492   Section        0  exit.o(.text)
    .text                                    0x080004a4   Section        8  libspace.o(.text)
    .text                                    0x080004ac   Section        0  sys_exit.o(.text)
    .text                                    0x080004b8   Section        2  use_no_semi.o(.text)
    .text                                    0x080004ba   Section        0  indicate_semi.o(.text)
    i.BusFault_Handler                       0x080004ba   Section        0  stm32h7xx_it.o(i.BusFault_Handler)
    i.DMA1_Stream3_IRQHandler                0x080004bc   Section        0  stm32h7xx_it.o(i.DMA1_Stream3_IRQHandler)
    i.DMA_CalcBaseAndBitshift                0x080004c8   Section        0  stm32h7xx_hal_dma.o(i.DMA_CalcBaseAndBitshift)
    DMA_CalcBaseAndBitshift                  0x080004c9   Thumb Code   168  stm32h7xx_hal_dma.o(i.DMA_CalcBaseAndBitshift)
    i.DMA_CalcDMAMUXChannelBaseAndMask       0x0800057c   Section        0  stm32h7xx_hal_dma.o(i.DMA_CalcDMAMUXChannelBaseAndMask)
    DMA_CalcDMAMUXChannelBaseAndMask         0x0800057d   Thumb Code   138  stm32h7xx_hal_dma.o(i.DMA_CalcDMAMUXChannelBaseAndMask)
    i.DMA_CalcDMAMUXRequestGenBaseAndMask    0x08000618   Section        0  stm32h7xx_hal_dma.o(i.DMA_CalcDMAMUXRequestGenBaseAndMask)
    DMA_CalcDMAMUXRequestGenBaseAndMask      0x08000619   Thumb Code   104  stm32h7xx_hal_dma.o(i.DMA_CalcDMAMUXRequestGenBaseAndMask)
    i.DMA_CheckFifoParam                     0x0800068c   Section        0  stm32h7xx_hal_dma.o(i.DMA_CheckFifoParam)
    DMA_CheckFifoParam                       0x0800068d   Thumb Code    84  stm32h7xx_hal_dma.o(i.DMA_CheckFifoParam)
    i.DMA_SetConfig                          0x080006e0   Section        0  stm32h7xx_hal_dma.o(i.DMA_SetConfig)
    DMA_SetConfig                            0x080006e1   Thumb Code   518  stm32h7xx_hal_dma.o(i.DMA_SetConfig)
    i.DebugMon_Handler                       0x08000900   Section        0  stm32h7xx_it.o(i.DebugMon_Handler)
    i.Error_Handler                          0x08000902   Section        0  main.o(i.Error_Handler)
    i.ExitRun0Mode                           0x08000908   Section        0  system_stm32h7xx.o(i.ExitRun0Mode)
    i.HAL_DMA_Abort_IT                       0x08000924   Section        0  stm32h7xx_hal_dma.o(i.HAL_DMA_Abort_IT)
    i.HAL_DMA_IRQHandler                     0x08000ba8   Section        0  stm32h7xx_hal_dma.o(i.HAL_DMA_IRQHandler)
    i.HAL_DMA_Init                           0x08001290   Section        0  stm32h7xx_hal_dma.o(i.HAL_DMA_Init)
    i.HAL_DMA_Start_IT                       0x0800164c   Section        0  stm32h7xx_hal_dma.o(i.HAL_DMA_Start_IT)
    i.HAL_Delay                              0x080018e8   Section        0  stm32h7xx_hal.o(i.HAL_Delay)
    i.HAL_GPIO_Init                          0x0800190c   Section        0  stm32h7xx_hal_gpio.o(i.HAL_GPIO_Init)
    i.HAL_GPIO_WritePin                      0x08001b28   Section        0  stm32h7xx_hal_gpio.o(i.HAL_GPIO_WritePin)
    i.HAL_GetTick                            0x08001b34   Section        0  stm32h7xx_hal.o(i.HAL_GetTick)
    i.HAL_IncTick                            0x08001b40   Section        0  stm32h7xx_hal.o(i.HAL_IncTick)
    i.HAL_Init                               0x08001b50   Section        0  stm32h7xx_hal.o(i.HAL_Init)
    i.HAL_InitTick                           0x08001bac   Section        0  stm32h7xx_hal.o(i.HAL_InitTick)
    i.HAL_MPU_ConfigRegion                   0x08001bec   Section        0  stm32h7xx_hal_cortex.o(i.HAL_MPU_ConfigRegion)
    i.HAL_MPU_Disable                        0x08001c48   Section        0  stm32h7xx_hal_cortex.o(i.HAL_MPU_Disable)
    i.HAL_MPU_Enable                         0x08001c64   Section        0  stm32h7xx_hal_cortex.o(i.HAL_MPU_Enable)
    i.HAL_MspInit                            0x08001c88   Section        0  stm32h7xx_hal_msp.o(i.HAL_MspInit)
    i.HAL_NVIC_EnableIRQ                     0x08001ca4   Section        0  stm32h7xx_hal_cortex.o(i.HAL_NVIC_EnableIRQ)
    i.HAL_NVIC_SetPriority                   0x08001cc0   Section        0  stm32h7xx_hal_cortex.o(i.HAL_NVIC_SetPriority)
    i.HAL_NVIC_SetPriorityGrouping           0x08001d00   Section        0  stm32h7xx_hal_cortex.o(i.HAL_NVIC_SetPriorityGrouping)
    i.HAL_PWREx_ConfigSupply                 0x08001d24   Section        0  stm32h7xx_hal_pwr_ex.o(i.HAL_PWREx_ConfigSupply)
    i.HAL_RCC_ClockConfig                    0x08001d78   Section        0  stm32h7xx_hal_rcc.o(i.HAL_RCC_ClockConfig)
    i.HAL_RCC_GetSysClockFreq                0x08001fd4   Section        0  stm32h7xx_hal_rcc.o(i.HAL_RCC_GetSysClockFreq)
    i.HAL_RCC_OscConfig                      0x0800210c   Section        0  stm32h7xx_hal_rcc.o(i.HAL_RCC_OscConfig)
    i.HAL_SYSTICK_Config                     0x08002632   Section        0  stm32h7xx_hal_cortex.o(i.HAL_SYSTICK_Config)
    i.HAL_TIMEx_MasterConfigSynchronization  0x08002658   Section        0  stm32h7xx_hal_tim_ex.o(i.HAL_TIMEx_MasterConfigSynchronization)
    i.HAL_TIM_ErrorCallback                  0x08002710   Section        0  stm32h7xx_hal_tim.o(i.HAL_TIM_ErrorCallback)
    i.HAL_TIM_MspPostInit                    0x08002714   Section        0  tim.o(i.HAL_TIM_MspPostInit)
    i.HAL_TIM_PWM_ConfigChannel              0x08002764   Section        0  stm32h7xx_hal_tim.o(i.HAL_TIM_PWM_ConfigChannel)
    i.HAL_TIM_PWM_Init                       0x08002888   Section        0  stm32h7xx_hal_tim.o(i.HAL_TIM_PWM_Init)
    i.HAL_TIM_PWM_MspInit                    0x080028ec   Section        0  tim.o(i.HAL_TIM_PWM_MspInit)
    i.HAL_TIM_PWM_PulseFinishedCallback      0x08002954   Section        0  main.o(i.HAL_TIM_PWM_PulseFinishedCallback)
    i.HAL_TIM_PWM_PulseFinishedHalfCpltCallback 0x08002960   Section        0  stm32h7xx_hal_tim.o(i.HAL_TIM_PWM_PulseFinishedHalfCpltCallback)
    i.HAL_TIM_PWM_Start_DMA                  0x08002964   Section        0  stm32h7xx_hal_tim.o(i.HAL_TIM_PWM_Start_DMA)
    i.HAL_TIM_PWM_Stop_DMA                   0x08002b88   Section        0  stm32h7xx_hal_tim.o(i.HAL_TIM_PWM_Stop_DMA)
    i.HardFault_Handler                      0x08002c88   Section        0  stm32h7xx_it.o(i.HardFault_Handler)
    i.MX_DMA_Init                            0x08002c8c   Section        0  dma.o(i.MX_DMA_Init)
    i.MX_GPIO_Init                           0x08002cb8   Section        0  gpio.o(i.MX_GPIO_Init)
    i.MX_TIM3_Init                           0x08002d28   Section        0  tim.o(i.MX_TIM3_Init)
    i.MemManage_Handler                      0x08002d98   Section        0  stm32h7xx_it.o(i.MemManage_Handler)
    i.NMI_Handler                            0x08002d9a   Section        0  stm32h7xx_it.o(i.NMI_Handler)
    i.PendSV_Handler                         0x08002d9c   Section        0  stm32h7xx_it.o(i.PendSV_Handler)
    i.SVC_Handler                            0x08002d9e   Section        0  stm32h7xx_it.o(i.SVC_Handler)
    i.SysTick_Handler                        0x08002da0   Section        0  stm32h7xx_it.o(i.SysTick_Handler)
    i.SystemClock_Config                     0x08002da4   Section        0  main.o(i.SystemClock_Config)
    i.SystemInit                             0x08002e38   Section        0  system_stm32h7xx.o(i.SystemInit)
    i.TIM_Base_SetConfig                     0x08002f10   Section        0  stm32h7xx_hal_tim.o(i.TIM_Base_SetConfig)
    i.TIM_CCxChannelCmd                      0x08002ff0   Section        0  stm32h7xx_hal_tim.o(i.TIM_CCxChannelCmd)
    i.TIM_DMADelayPulseCplt                  0x0800300a   Section        0  stm32h7xx_hal_tim.o(i.TIM_DMADelayPulseCplt)
    TIM_DMADelayPulseCplt                    0x0800300b   Thumb Code    94  stm32h7xx_hal_tim.o(i.TIM_DMADelayPulseCplt)
    i.TIM_DMADelayPulseHalfCplt              0x08003068   Section        0  stm32h7xx_hal_tim.o(i.TIM_DMADelayPulseHalfCplt)
    i.TIM_DMAError                           0x080030a0   Section        0  stm32h7xx_hal_tim.o(i.TIM_DMAError)
    i.TIM_OC1_SetConfig                      0x080030f4   Section        0  stm32h7xx_hal_tim.o(i.TIM_OC1_SetConfig)
    TIM_OC1_SetConfig                        0x080030f5   Thumb Code   140  stm32h7xx_hal_tim.o(i.TIM_OC1_SetConfig)
    i.TIM_OC2_SetConfig                      0x08003198   Section        0  stm32h7xx_hal_tim.o(i.TIM_OC2_SetConfig)
    i.TIM_OC3_SetConfig                      0x08003230   Section        0  stm32h7xx_hal_tim.o(i.TIM_OC3_SetConfig)
    TIM_OC3_SetConfig                        0x08003231   Thumb Code   126  stm32h7xx_hal_tim.o(i.TIM_OC3_SetConfig)
    i.TIM_OC4_SetConfig                      0x080032c8   Section        0  stm32h7xx_hal_tim.o(i.TIM_OC4_SetConfig)
    TIM_OC4_SetConfig                        0x080032c9   Thumb Code    96  stm32h7xx_hal_tim.o(i.TIM_OC4_SetConfig)
    i.TIM_OC5_SetConfig                      0x08003340   Section        0  stm32h7xx_hal_tim.o(i.TIM_OC5_SetConfig)
    TIM_OC5_SetConfig                        0x08003341   Thumb Code    90  stm32h7xx_hal_tim.o(i.TIM_OC5_SetConfig)
    i.TIM_OC6_SetConfig                      0x080033b4   Section        0  stm32h7xx_hal_tim.o(i.TIM_OC6_SetConfig)
    TIM_OC6_SetConfig                        0x080033b5   Thumb Code    90  stm32h7xx_hal_tim.o(i.TIM_OC6_SetConfig)
    i.UsageFault_Handler                     0x08003428   Section        0  stm32h7xx_it.o(i.UsageFault_Handler)
    i.__NVIC_SetPriority                     0x0800342a   Section        0  stm32h7xx_hal_cortex.o(i.__NVIC_SetPriority)
    __NVIC_SetPriority                       0x0800342b   Thumb Code    34  stm32h7xx_hal_cortex.o(i.__NVIC_SetPriority)
    i.main                                   0x0800344c   Section        0  main.o(i.main)
    x$fpl$fpinit                             0x08003514   Section       10  fpinit.o(x$fpl$fpinit)
    $v0                                      0x08003514   Number         0  fpinit.o(x$fpl$fpinit)
    .constdata                               0x0800351e   Section        8  stm32h7xx_hal_dma.o(.constdata)
    flagBitshiftOffset                       0x0800351e   Data           8  stm32h7xx_hal_dma.o(.constdata)
    .constdata                               0x08003526   Section       16  system_stm32h7xx.o(.constdata)
    .data                                    0x24000000   Section      416  main.o(.data)
    .data                                    0x240001a0   Section       12  stm32h7xx_hal.o(.data)
    .data                                    0x240001ac   Section        8  system_stm32h7xx.o(.data)
    .bss                                     0x240001b4   Section      196  tim.o(.bss)
    .bss                                     0x24000278   Section       96  libspace.o(.bss)
    HEAP                                     0x240002d8   Section      512  startup_stm32h723xx.o(HEAP)
    Heap_Mem                                 0x240002d8   Data         512  startup_stm32h723xx.o(HEAP)
    STACK                                    0x240004d8   Section     1024  startup_stm32h723xx.o(STACK)
    Stack_Mem                                0x240004d8   Data        1024  startup_stm32h723xx.o(STACK)
    __initial_sp                             0x240008d8   Data           0  startup_stm32h723xx.o(STACK)

    Global Symbols

    Symbol Name                              Value     Ov Type        Size  Object(Section)

    BuildAttributes$$THM_ISAv4$E$P$D$K$B$S$7EM$VFPv5_D16$PE$PLD8$A:L22UL41UL21$X:L11$S22US41US21$IEEE1$IW$USESV6$~STKCKD$USESV7$~SHL$OSPACE$ROPI$EBA8$UX$STANDARDLIB$REQ8$PRES8$EABIv2 0x00000000   Number         0  anon$$obj.o ABSOLUTE
    __ARM_use_no_argv                        0x00000000   Number         0  main.o ABSOLUTE
    __ARM_exceptions_init                     - Undefined Weak Reference
    __alloca_initialize                       - Undefined Weak Reference
    __arm_fini_                               - Undefined Weak Reference
    __arm_preinit_                            - Undefined Weak Reference
    __cpp_initialize__aeabi_                  - Undefined Weak Reference
    __cxa_finalize                            - Undefined Weak Reference
    __rt_locale                               - Undefined Weak Reference
    __sigvec_lookup                           - Undefined Weak Reference
    _atexit_init                              - Undefined Weak Reference
    _call_atexit_fns                          - Undefined Weak Reference
    _clock_init                               - Undefined Weak Reference
    _fp_trap_init                             - Undefined Weak Reference
    _fp_trap_shutdown                         - Undefined Weak Reference
    _get_lc_collate                           - Undefined Weak Reference
    _get_lc_ctype                             - Undefined Weak Reference
    _get_lc_monetary                          - Undefined Weak Reference
    _get_lc_numeric                           - Undefined Weak Reference
    _get_lc_time                              - Undefined Weak Reference
    _getenv_init                              - Undefined Weak Reference
    _handle_redirection                       - Undefined Weak Reference
    _init_alloc                               - Undefined Weak Reference
    _init_user_alloc                          - Undefined Weak Reference
    _initio                                   - Undefined Weak Reference
    _rand_init                                - Undefined Weak Reference
    _signal_finish                            - Undefined Weak Reference
    _signal_init                              - Undefined Weak Reference
    _terminate_alloc                          - Undefined Weak Reference
    _terminate_user_alloc                     - Undefined Weak Reference
    _terminateio                              - Undefined Weak Reference
    __Vectors_Size                           0x000002cc   Number         0  startup_stm32h723xx.o ABSOLUTE
    __Vectors                                0x08000000   Data           4  startup_stm32h723xx.o(RESET)
    __Vectors_End                            0x080002cc   Data           0  startup_stm32h723xx.o(RESET)
    __main                                   0x080002cd   Thumb Code     8  __main.o(!!!main)
    __scatterload                            0x080002d5   Thumb Code     0  __scatter.o(!!!scatter)
    __scatterload_rt2                        0x080002d5   Thumb Code    44  __scatter.o(!!!scatter)
    __scatterload_rt2_thumb_only             0x080002d5   Thumb Code     0  __scatter.o(!!!scatter)
    __scatterload_null                       0x080002e3   Thumb Code     0  __scatter.o(!!!scatter)
    __decompress                             0x08000309   Thumb Code    90  __dczerorl2.o(!!dczerorl2)
    __decompress1                            0x08000309   Thumb Code     0  __dczerorl2.o(!!dczerorl2)
    __scatterload_zeroinit                   0x08000365   Thumb Code    28  __scatter_zi.o(!!handler_zi)
    __rt_lib_init                            0x08000381   Thumb Code     0  libinit.o(.ARM.Collect$$libinit$$00000000)
    __rt_lib_init_fp_1                       0x08000383   Thumb Code     0  libinit2.o(.ARM.Collect$$libinit$$00000001)
    __rt_lib_init_alloca_1                   0x08000387   Thumb Code     0  libinit2.o(.ARM.Collect$$libinit$$0000002E)
    __rt_lib_init_argv_1                     0x08000387   Thumb Code     0  libinit2.o(.ARM.Collect$$libinit$$0000002C)
    __rt_lib_init_atexit_1                   0x08000387   Thumb Code     0  libinit2.o(.ARM.Collect$$libinit$$0000001B)
    __rt_lib_init_clock_1                    0x08000387   Thumb Code     0  libinit2.o(.ARM.Collect$$libinit$$00000021)
    __rt_lib_init_cpp_1                      0x08000387   Thumb Code     0  libinit2.o(.ARM.Collect$$libinit$$00000032)
    __rt_lib_init_exceptions_1               0x08000387   Thumb Code     0  libinit2.o(.ARM.Collect$$libinit$$00000030)
    __rt_lib_init_fp_trap_1                  0x08000387   Thumb Code     0  libinit2.o(.ARM.Collect$$libinit$$0000001F)
    __rt_lib_init_getenv_1                   0x08000387   Thumb Code     0  libinit2.o(.ARM.Collect$$libinit$$00000023)
    __rt_lib_init_heap_1                     0x08000387   Thumb Code     0  libinit2.o(.ARM.Collect$$libinit$$0000000A)
    __rt_lib_init_lc_collate_1               0x08000387   Thumb Code     0  libinit2.o(.ARM.Collect$$libinit$$00000011)
    __rt_lib_init_lc_ctype_1                 0x08000387   Thumb Code     0  libinit2.o(.ARM.Collect$$libinit$$00000013)
    __rt_lib_init_lc_monetary_1              0x08000387   Thumb Code     0  libinit2.o(.ARM.Collect$$libinit$$00000015)
    __rt_lib_init_lc_numeric_1               0x08000387   Thumb Code     0  libinit2.o(.ARM.Collect$$libinit$$00000017)
    __rt_lib_init_lc_time_1                  0x08000387   Thumb Code     0  libinit2.o(.ARM.Collect$$libinit$$00000019)
    __rt_lib_init_preinit_1                  0x08000387   Thumb Code     0  libinit2.o(.ARM.Collect$$libinit$$00000004)
    __rt_lib_init_rand_1                     0x08000387   Thumb Code     0  libinit2.o(.ARM.Collect$$libinit$$0000000E)
    __rt_lib_init_return                     0x08000387   Thumb Code     0  libinit2.o(.ARM.Collect$$libinit$$00000033)
    __rt_lib_init_signal_1                   0x08000387   Thumb Code     0  libinit2.o(.ARM.Collect$$libinit$$0000001D)
    __rt_lib_init_stdio_1                    0x08000387   Thumb Code     0  libinit2.o(.ARM.Collect$$libinit$$00000025)
    __rt_lib_init_user_alloc_1               0x08000387   Thumb Code     0  libinit2.o(.ARM.Collect$$libinit$$0000000C)
    __rt_lib_shutdown                        0x08000389   Thumb Code     0  libshutdown.o(.ARM.Collect$$libshutdown$$00000000)
    __rt_lib_shutdown_cpp_1                  0x0800038b   Thumb Code     0  libshutdown2.o(.ARM.Collect$$libshutdown$$00000004)
    __rt_lib_shutdown_fini_1                 0x0800038b   Thumb Code     0  libshutdown2.o(.ARM.Collect$$libshutdown$$00000002)
    __rt_lib_shutdown_fp_trap_1              0x0800038b   Thumb Code     0  libshutdown2.o(.ARM.Collect$$libshutdown$$00000009)
    __rt_lib_shutdown_heap_1                 0x0800038b   Thumb Code     0  libshutdown2.o(.ARM.Collect$$libshutdown$$00000011)
    __rt_lib_shutdown_return                 0x0800038b   Thumb Code     0  libshutdown2.o(.ARM.Collect$$libshutdown$$00000012)
    __rt_lib_shutdown_signal_1               0x0800038b   Thumb Code     0  libshutdown2.o(.ARM.Collect$$libshutdown$$0000000C)
    __rt_lib_shutdown_stdio_1                0x0800038b   Thumb Code     0  libshutdown2.o(.ARM.Collect$$libshutdown$$00000006)
    __rt_lib_shutdown_user_alloc_1           0x0800038b   Thumb Code     0  libshutdown2.o(.ARM.Collect$$libshutdown$$0000000E)
    __rt_entry                               0x0800038d   Thumb Code     0  __rtentry.o(.ARM.Collect$$rtentry$$00000000)
    __rt_entry_presh_1                       0x0800038d   Thumb Code     0  __rtentry2.o(.ARM.Collect$$rtentry$$00000002)
    __rt_entry_sh                            0x0800038d   Thumb Code     0  __rtentry4.o(.ARM.Collect$$rtentry$$00000004)
    __rt_entry_li                            0x08000393   Thumb Code     0  __rtentry2.o(.ARM.Collect$$rtentry$$0000000A)
    __rt_entry_postsh_1                      0x08000393   Thumb Code     0  __rtentry2.o(.ARM.Collect$$rtentry$$00000009)
    __rt_entry_main                          0x08000397   Thumb Code     0  __rtentry2.o(.ARM.Collect$$rtentry$$0000000D)
    __rt_entry_postli_1                      0x08000397   Thumb Code     0  __rtentry2.o(.ARM.Collect$$rtentry$$0000000C)
    __rt_exit                                0x0800039f   Thumb Code     0  rtexit.o(.ARM.Collect$$rtexit$$00000000)
    __rt_exit_ls                             0x080003a1   Thumb Code     0  rtexit2.o(.ARM.Collect$$rtexit$$00000003)
    __rt_exit_prels_1                        0x080003a1   Thumb Code     0  rtexit2.o(.ARM.Collect$$rtexit$$00000002)
    __rt_exit_exit                           0x080003a5   Thumb Code     0  rtexit2.o(.ARM.Collect$$rtexit$$00000004)
    Reset_Handler                            0x080003ad   Thumb Code    12  startup_stm32h723xx.o(.text)
    ADC3_IRQHandler                          0x080003cb   Thumb Code     0  startup_stm32h723xx.o(.text)
    ADC_IRQHandler                           0x080003cb   Thumb Code     0  startup_stm32h723xx.o(.text)
    BDMA_Channel0_IRQHandler                 0x080003cb   Thumb Code     0  startup_stm32h723xx.o(.text)
    BDMA_Channel1_IRQHandler                 0x080003cb   Thumb Code     0  startup_stm32h723xx.o(.text)
    BDMA_Channel2_IRQHandler                 0x080003cb   Thumb Code     0  startup_stm32h723xx.o(.text)
    BDMA_Channel3_IRQHandler                 0x080003cb   Thumb Code     0  startup_stm32h723xx.o(.text)
    BDMA_Channel4_IRQHandler                 0x080003cb   Thumb Code     0  startup_stm32h723xx.o(.text)
    BDMA_Channel5_IRQHandler                 0x080003cb   Thumb Code     0  startup_stm32h723xx.o(.text)
    BDMA_Channel6_IRQHandler                 0x080003cb   Thumb Code     0  startup_stm32h723xx.o(.text)
    BDMA_Channel7_IRQHandler                 0x080003cb   Thumb Code     0  startup_stm32h723xx.o(.text)
    CEC_IRQHandler                           0x080003cb   Thumb Code     0  startup_stm32h723xx.o(.text)
    COMP1_IRQHandler                         0x080003cb   Thumb Code     0  startup_stm32h723xx.o(.text)
    CORDIC_IRQHandler                        0x080003cb   Thumb Code     0  startup_stm32h723xx.o(.text)
    CRS_IRQHandler                           0x080003cb   Thumb Code     0  startup_stm32h723xx.o(.text)
    DCMI_PSSI_IRQHandler                     0x080003cb   Thumb Code     0  startup_stm32h723xx.o(.text)
    DFSDM1_FLT0_IRQHandler                   0x080003cb   Thumb Code     0  startup_stm32h723xx.o(.text)
    DFSDM1_FLT1_IRQHandler                   0x080003cb   Thumb Code     0  startup_stm32h723xx.o(.text)
    DFSDM1_FLT2_IRQHandler                   0x080003cb   Thumb Code     0  startup_stm32h723xx.o(.text)
    DFSDM1_FLT3_IRQHandler                   0x080003cb   Thumb Code     0  startup_stm32h723xx.o(.text)
    DMA1_Stream0_IRQHandler                  0x080003cb   Thumb Code     0  startup_stm32h723xx.o(.text)
    DMA1_Stream1_IRQHandler                  0x080003cb   Thumb Code     0  startup_stm32h723xx.o(.text)
    DMA1_Stream2_IRQHandler                  0x080003cb   Thumb Code     0  startup_stm32h723xx.o(.text)
    DMA1_Stream4_IRQHandler                  0x080003cb   Thumb Code     0  startup_stm32h723xx.o(.text)
    DMA1_Stream5_IRQHandler                  0x080003cb   Thumb Code     0  startup_stm32h723xx.o(.text)
    DMA1_Stream6_IRQHandler                  0x080003cb   Thumb Code     0  startup_stm32h723xx.o(.text)
    DMA1_Stream7_IRQHandler                  0x080003cb   Thumb Code     0  startup_stm32h723xx.o(.text)
    DMA2D_IRQHandler                         0x080003cb   Thumb Code     0  startup_stm32h723xx.o(.text)
    DMA2_Stream0_IRQHandler                  0x080003cb   Thumb Code     0  startup_stm32h723xx.o(.text)
    DMA2_Stream1_IRQHandler                  0x080003cb   Thumb Code     0  startup_stm32h723xx.o(.text)
    DMA2_Stream2_IRQHandler                  0x080003cb   Thumb Code     0  startup_stm32h723xx.o(.text)
    DMA2_Stream3_IRQHandler                  0x080003cb   Thumb Code     0  startup_stm32h723xx.o(.text)
    DMA2_Stream4_IRQHandler                  0x080003cb   Thumb Code     0  startup_stm32h723xx.o(.text)
    DMA2_Stream5_IRQHandler                  0x080003cb   Thumb Code     0  startup_stm32h723xx.o(.text)
    DMA2_Stream6_IRQHandler                  0x080003cb   Thumb Code     0  startup_stm32h723xx.o(.text)
    DMA2_Stream7_IRQHandler                  0x080003cb   Thumb Code     0  startup_stm32h723xx.o(.text)
    DMAMUX1_OVR_IRQHandler                   0x080003cb   Thumb Code     0  startup_stm32h723xx.o(.text)
    DMAMUX2_OVR_IRQHandler                   0x080003cb   Thumb Code     0  startup_stm32h723xx.o(.text)
    DTS_IRQHandler                           0x080003cb   Thumb Code     0  startup_stm32h723xx.o(.text)
    ECC_IRQHandler                           0x080003cb   Thumb Code     0  startup_stm32h723xx.o(.text)
    ETH_IRQHandler                           0x080003cb   Thumb Code     0  startup_stm32h723xx.o(.text)
    ETH_WKUP_IRQHandler                      0x080003cb   Thumb Code     0  startup_stm32h723xx.o(.text)
    EXTI0_IRQHandler                         0x080003cb   Thumb Code     0  startup_stm32h723xx.o(.text)
    EXTI15_10_IRQHandler                     0x080003cb   Thumb Code     0  startup_stm32h723xx.o(.text)
    EXTI1_IRQHandler                         0x080003cb   Thumb Code     0  startup_stm32h723xx.o(.text)
    EXTI2_IRQHandler                         0x080003cb   Thumb Code     0  startup_stm32h723xx.o(.text)
    EXTI3_IRQHandler                         0x080003cb   Thumb Code     0  startup_stm32h723xx.o(.text)
    EXTI4_IRQHandler                         0x080003cb   Thumb Code     0  startup_stm32h723xx.o(.text)
    EXTI9_5_IRQHandler                       0x080003cb   Thumb Code     0  startup_stm32h723xx.o(.text)
    FDCAN1_IT0_IRQHandler                    0x080003cb   Thumb Code     0  startup_stm32h723xx.o(.text)
    FDCAN1_IT1_IRQHandler                    0x080003cb   Thumb Code     0  startup_stm32h723xx.o(.text)
    FDCAN2_IT0_IRQHandler                    0x080003cb   Thumb Code     0  startup_stm32h723xx.o(.text)
    FDCAN2_IT1_IRQHandler                    0x080003cb   Thumb Code     0  startup_stm32h723xx.o(.text)
    FDCAN3_IT0_IRQHandler                    0x080003cb   Thumb Code     0  startup_stm32h723xx.o(.text)
    FDCAN3_IT1_IRQHandler                    0x080003cb   Thumb Code     0  startup_stm32h723xx.o(.text)
    FDCAN_CAL_IRQHandler                     0x080003cb   Thumb Code     0  startup_stm32h723xx.o(.text)
    FLASH_IRQHandler                         0x080003cb   Thumb Code     0  startup_stm32h723xx.o(.text)
    FMAC_IRQHandler                          0x080003cb   Thumb Code     0  startup_stm32h723xx.o(.text)
    FMC_IRQHandler                           0x080003cb   Thumb Code     0  startup_stm32h723xx.o(.text)
    FPU_IRQHandler                           0x080003cb   Thumb Code     0  startup_stm32h723xx.o(.text)
    HSEM1_IRQHandler                         0x080003cb   Thumb Code     0  startup_stm32h723xx.o(.text)
    I2C1_ER_IRQHandler                       0x080003cb   Thumb Code     0  startup_stm32h723xx.o(.text)
    I2C1_EV_IRQHandler                       0x080003cb   Thumb Code     0  startup_stm32h723xx.o(.text)
    I2C2_ER_IRQHandler                       0x080003cb   Thumb Code     0  startup_stm32h723xx.o(.text)
    I2C2_EV_IRQHandler                       0x080003cb   Thumb Code     0  startup_stm32h723xx.o(.text)
    I2C3_ER_IRQHandler                       0x080003cb   Thumb Code     0  startup_stm32h723xx.o(.text)
    I2C3_EV_IRQHandler                       0x080003cb   Thumb Code     0  startup_stm32h723xx.o(.text)
    I2C4_ER_IRQHandler                       0x080003cb   Thumb Code     0  startup_stm32h723xx.o(.text)
    I2C4_EV_IRQHandler                       0x080003cb   Thumb Code     0  startup_stm32h723xx.o(.text)
    I2C5_ER_IRQHandler                       0x080003cb   Thumb Code     0  startup_stm32h723xx.o(.text)
    I2C5_EV_IRQHandler                       0x080003cb   Thumb Code     0  startup_stm32h723xx.o(.text)
    LPTIM1_IRQHandler                        0x080003cb   Thumb Code     0  startup_stm32h723xx.o(.text)
    LPTIM2_IRQHandler                        0x080003cb   Thumb Code     0  startup_stm32h723xx.o(.text)
    LPTIM3_IRQHandler                        0x080003cb   Thumb Code     0  startup_stm32h723xx.o(.text)
    LPTIM4_IRQHandler                        0x080003cb   Thumb Code     0  startup_stm32h723xx.o(.text)
    LPTIM5_IRQHandler                        0x080003cb   Thumb Code     0  startup_stm32h723xx.o(.text)
    LPUART1_IRQHandler                       0x080003cb   Thumb Code     0  startup_stm32h723xx.o(.text)
    LTDC_ER_IRQHandler                       0x080003cb   Thumb Code     0  startup_stm32h723xx.o(.text)
    LTDC_IRQHandler                          0x080003cb   Thumb Code     0  startup_stm32h723xx.o(.text)
    MDIOS_IRQHandler                         0x080003cb   Thumb Code     0  startup_stm32h723xx.o(.text)
    MDIOS_WKUP_IRQHandler                    0x080003cb   Thumb Code     0  startup_stm32h723xx.o(.text)
    MDMA_IRQHandler                          0x080003cb   Thumb Code     0  startup_stm32h723xx.o(.text)
    OCTOSPI1_IRQHandler                      0x080003cb   Thumb Code     0  startup_stm32h723xx.o(.text)
    OCTOSPI2_IRQHandler                      0x080003cb   Thumb Code     0  startup_stm32h723xx.o(.text)
    OTG_HS_EP1_IN_IRQHandler                 0x080003cb   Thumb Code     0  startup_stm32h723xx.o(.text)
    OTG_HS_EP1_OUT_IRQHandler                0x080003cb   Thumb Code     0  startup_stm32h723xx.o(.text)
    OTG_HS_IRQHandler                        0x080003cb   Thumb Code     0  startup_stm32h723xx.o(.text)
    OTG_HS_WKUP_IRQHandler                   0x080003cb   Thumb Code     0  startup_stm32h723xx.o(.text)
    PVD_AVD_IRQHandler                       0x080003cb   Thumb Code     0  startup_stm32h723xx.o(.text)
    RCC_IRQHandler                           0x080003cb   Thumb Code     0  startup_stm32h723xx.o(.text)
    RNG_IRQHandler                           0x080003cb   Thumb Code     0  startup_stm32h723xx.o(.text)
    RTC_Alarm_IRQHandler                     0x080003cb   Thumb Code     0  startup_stm32h723xx.o(.text)
    RTC_WKUP_IRQHandler                      0x080003cb   Thumb Code     0  startup_stm32h723xx.o(.text)
    SAI1_IRQHandler                          0x080003cb   Thumb Code     0  startup_stm32h723xx.o(.text)
    SAI4_IRQHandler                          0x080003cb   Thumb Code     0  startup_stm32h723xx.o(.text)
    SDMMC1_IRQHandler                        0x080003cb   Thumb Code     0  startup_stm32h723xx.o(.text)
    SDMMC2_IRQHandler                        0x080003cb   Thumb Code     0  startup_stm32h723xx.o(.text)
    SPDIF_RX_IRQHandler                      0x080003cb   Thumb Code     0  startup_stm32h723xx.o(.text)
    SPI1_IRQHandler                          0x080003cb   Thumb Code     0  startup_stm32h723xx.o(.text)
    SPI2_IRQHandler                          0x080003cb   Thumb Code     0  startup_stm32h723xx.o(.text)
    SPI3_IRQHandler                          0x080003cb   Thumb Code     0  startup_stm32h723xx.o(.text)
    SPI4_IRQHandler                          0x080003cb   Thumb Code     0  startup_stm32h723xx.o(.text)
    SPI5_IRQHandler                          0x080003cb   Thumb Code     0  startup_stm32h723xx.o(.text)
    SPI6_IRQHandler                          0x080003cb   Thumb Code     0  startup_stm32h723xx.o(.text)
    SWPMI1_IRQHandler                        0x080003cb   Thumb Code     0  startup_stm32h723xx.o(.text)
    TAMP_STAMP_IRQHandler                    0x080003cb   Thumb Code     0  startup_stm32h723xx.o(.text)
    TIM15_IRQHandler                         0x080003cb   Thumb Code     0  startup_stm32h723xx.o(.text)
    TIM16_IRQHandler                         0x080003cb   Thumb Code     0  startup_stm32h723xx.o(.text)
    TIM17_IRQHandler                         0x080003cb   Thumb Code     0  startup_stm32h723xx.o(.text)
    TIM1_BRK_IRQHandler                      0x080003cb   Thumb Code     0  startup_stm32h723xx.o(.text)
    TIM1_CC_IRQHandler                       0x080003cb   Thumb Code     0  startup_stm32h723xx.o(.text)
    TIM1_TRG_COM_IRQHandler                  0x080003cb   Thumb Code     0  startup_stm32h723xx.o(.text)
    TIM1_UP_IRQHandler                       0x080003cb   Thumb Code     0  startup_stm32h723xx.o(.text)
    TIM23_IRQHandler                         0x080003cb   Thumb Code     0  startup_stm32h723xx.o(.text)
    TIM24_IRQHandler                         0x080003cb   Thumb Code     0  startup_stm32h723xx.o(.text)
    TIM2_IRQHandler                          0x080003cb   Thumb Code     0  startup_stm32h723xx.o(.text)
    TIM3_IRQHandler                          0x080003cb   Thumb Code     0  startup_stm32h723xx.o(.text)
    TIM4_IRQHandler                          0x080003cb   Thumb Code     0  startup_stm32h723xx.o(.text)
    TIM5_IRQHandler                          0x080003cb   Thumb Code     0  startup_stm32h723xx.o(.text)
    TIM6_DAC_IRQHandler                      0x080003cb   Thumb Code     0  startup_stm32h723xx.o(.text)
    TIM7_IRQHandler                          0x080003cb   Thumb Code     0  startup_stm32h723xx.o(.text)
    TIM8_BRK_TIM12_IRQHandler                0x080003cb   Thumb Code     0  startup_stm32h723xx.o(.text)
    TIM8_CC_IRQHandler                       0x080003cb   Thumb Code     0  startup_stm32h723xx.o(.text)
    TIM8_TRG_COM_TIM14_IRQHandler            0x080003cb   Thumb Code     0  startup_stm32h723xx.o(.text)
    TIM8_UP_TIM13_IRQHandler                 0x080003cb   Thumb Code     0  startup_stm32h723xx.o(.text)
    UART4_IRQHandler                         0x080003cb   Thumb Code     0  startup_stm32h723xx.o(.text)
    UART5_IRQHandler                         0x080003cb   Thumb Code     0  startup_stm32h723xx.o(.text)
    UART7_IRQHandler                         0x080003cb   Thumb Code     0  startup_stm32h723xx.o(.text)
    UART8_IRQHandler                         0x080003cb   Thumb Code     0  startup_stm32h723xx.o(.text)
    UART9_IRQHandler                         0x080003cb   Thumb Code     0  startup_stm32h723xx.o(.text)
    USART10_IRQHandler                       0x080003cb   Thumb Code     0  startup_stm32h723xx.o(.text)
    USART1_IRQHandler                        0x080003cb   Thumb Code     0  startup_stm32h723xx.o(.text)
    USART2_IRQHandler                        0x080003cb   Thumb Code     0  startup_stm32h723xx.o(.text)
    USART3_IRQHandler                        0x080003cb   Thumb Code     0  startup_stm32h723xx.o(.text)
    USART6_IRQHandler                        0x080003cb   Thumb Code     0  startup_stm32h723xx.o(.text)
    WAKEUP_PIN_IRQHandler                    0x080003cb   Thumb Code     0  startup_stm32h723xx.o(.text)
    WWDG_IRQHandler                          0x080003cb   Thumb Code     0  startup_stm32h723xx.o(.text)
    __user_initial_stackheap                 0x080003cd   Thumb Code     0  startup_stm32h723xx.o(.text)
    __aeabi_memclr4                          0x080003f5   Thumb Code     0  rt_memclr_w.o(.text)
    __aeabi_memclr8                          0x080003f5   Thumb Code     0  rt_memclr_w.o(.text)
    __rt_memclr_w                            0x080003f5   Thumb Code    78  rt_memclr_w.o(.text)
    _memset_w                                0x080003f9   Thumb Code     0  rt_memclr_w.o(.text)
    __use_two_region_memory                  0x08000443   Thumb Code     2  heapauxi.o(.text)
    __rt_heap_escrow$2region                 0x08000445   Thumb Code     2  heapauxi.o(.text)
    __rt_heap_expand$2region                 0x08000447   Thumb Code     2  heapauxi.o(.text)
    __user_setup_stackheap                   0x08000449   Thumb Code    74  sys_stackheap_outer.o(.text)
    exit                                     0x08000493   Thumb Code    18  exit.o(.text)
    __user_libspace                          0x080004a5   Thumb Code     8  libspace.o(.text)
    __user_perproc_libspace                  0x080004a5   Thumb Code     0  libspace.o(.text)
    __user_perthread_libspace                0x080004a5   Thumb Code     0  libspace.o(.text)
    _sys_exit                                0x080004ad   Thumb Code     8  sys_exit.o(.text)
    __I$use$semihosting                      0x080004b9   Thumb Code     0  use_no_semi.o(.text)
    __use_no_semihosting_swi                 0x080004b9   Thumb Code     2  use_no_semi.o(.text)
    BusFault_Handler                         0x080004bb   Thumb Code     2  stm32h7xx_it.o(i.BusFault_Handler)
    __semihosting_library_function           0x080004bb   Thumb Code     0  indicate_semi.o(.text)
    DMA1_Stream3_IRQHandler                  0x080004bd   Thumb Code     6  stm32h7xx_it.o(i.DMA1_Stream3_IRQHandler)
    DebugMon_Handler                         0x08000901   Thumb Code     2  stm32h7xx_it.o(i.DebugMon_Handler)
    Error_Handler                            0x08000903   Thumb Code     4  main.o(i.Error_Handler)
    ExitRun0Mode                             0x08000909   Thumb Code    22  system_stm32h7xx.o(i.ExitRun0Mode)
    HAL_DMA_Abort_IT                         0x08000925   Thumb Code   602  stm32h7xx_hal_dma.o(i.HAL_DMA_Abort_IT)
    HAL_DMA_IRQHandler                       0x08000ba9   Thumb Code  1756  stm32h7xx_hal_dma.o(i.HAL_DMA_IRQHandler)
    HAL_DMA_Init                             0x08001291   Thumb Code   922  stm32h7xx_hal_dma.o(i.HAL_DMA_Init)
    HAL_DMA_Start_IT                         0x0800164d   Thumb Code   628  stm32h7xx_hal_dma.o(i.HAL_DMA_Start_IT)
    HAL_Delay                                0x080018e9   Thumb Code    32  stm32h7xx_hal.o(i.HAL_Delay)
    HAL_GPIO_Init                            0x0800190d   Thumb Code   496  stm32h7xx_hal_gpio.o(i.HAL_GPIO_Init)
    HAL_GPIO_WritePin                        0x08001b29   Thumb Code    10  stm32h7xx_hal_gpio.o(i.HAL_GPIO_WritePin)
    HAL_GetTick                              0x08001b35   Thumb Code     6  stm32h7xx_hal.o(i.HAL_GetTick)
    HAL_IncTick                              0x08001b41   Thumb Code    12  stm32h7xx_hal.o(i.HAL_IncTick)
    HAL_Init                                 0x08001b51   Thumb Code    74  stm32h7xx_hal.o(i.HAL_Init)
    HAL_InitTick                             0x08001bad   Thumb Code    56  stm32h7xx_hal.o(i.HAL_InitTick)
    HAL_MPU_ConfigRegion                     0x08001bed   Thumb Code    86  stm32h7xx_hal_cortex.o(i.HAL_MPU_ConfigRegion)
    HAL_MPU_Disable                          0x08001c49   Thumb Code    24  stm32h7xx_hal_cortex.o(i.HAL_MPU_Disable)
    HAL_MPU_Enable                           0x08001c65   Thumb Code    30  stm32h7xx_hal_cortex.o(i.HAL_MPU_Enable)
    HAL_MspInit                              0x08001c89   Thumb Code    22  stm32h7xx_hal_msp.o(i.HAL_MspInit)
    HAL_NVIC_EnableIRQ                       0x08001ca5   Thumb Code    26  stm32h7xx_hal_cortex.o(i.HAL_NVIC_EnableIRQ)
    HAL_NVIC_SetPriority                     0x08001cc1   Thumb Code    60  stm32h7xx_hal_cortex.o(i.HAL_NVIC_SetPriority)
    HAL_NVIC_SetPriorityGrouping             0x08001d01   Thumb Code    28  stm32h7xx_hal_cortex.o(i.HAL_NVIC_SetPriorityGrouping)
    HAL_PWREx_ConfigSupply                   0x08001d25   Thumb Code    78  stm32h7xx_hal_pwr_ex.o(i.HAL_PWREx_ConfigSupply)
    HAL_RCC_ClockConfig                      0x08001d79   Thumb Code   580  stm32h7xx_hal_rcc.o(i.HAL_RCC_ClockConfig)
    HAL_RCC_GetSysClockFreq                  0x08001fd5   Thumb Code   278  stm32h7xx_hal_rcc.o(i.HAL_RCC_GetSysClockFreq)
    HAL_RCC_OscConfig                        0x0800210d   Thumb Code  1318  stm32h7xx_hal_rcc.o(i.HAL_RCC_OscConfig)
    HAL_SYSTICK_Config                       0x08002633   Thumb Code    38  stm32h7xx_hal_cortex.o(i.HAL_SYSTICK_Config)
    HAL_TIMEx_MasterConfigSynchronization    0x08002659   Thumb Code   146  stm32h7xx_hal_tim_ex.o(i.HAL_TIMEx_MasterConfigSynchronization)
    HAL_TIM_ErrorCallback                    0x08002711   Thumb Code     2  stm32h7xx_hal_tim.o(i.HAL_TIM_ErrorCallback)
    HAL_TIM_MspPostInit                      0x08002715   Thumb Code    68  tim.o(i.HAL_TIM_MspPostInit)
    HAL_TIM_PWM_ConfigChannel                0x08002765   Thumb Code   292  stm32h7xx_hal_tim.o(i.HAL_TIM_PWM_ConfigChannel)
    HAL_TIM_PWM_Init                         0x08002889   Thumb Code    98  stm32h7xx_hal_tim.o(i.HAL_TIM_PWM_Init)
    HAL_TIM_PWM_MspInit                      0x080028ed   Thumb Code    86  tim.o(i.HAL_TIM_PWM_MspInit)
    HAL_TIM_PWM_PulseFinishedCallback        0x08002955   Thumb Code     8  main.o(i.HAL_TIM_PWM_PulseFinishedCallback)
    HAL_TIM_PWM_PulseFinishedHalfCpltCallback 0x08002961   Thumb Code     2  stm32h7xx_hal_tim.o(i.HAL_TIM_PWM_PulseFinishedHalfCpltCallback)
    HAL_TIM_PWM_Start_DMA                    0x08002965   Thumb Code   488  stm32h7xx_hal_tim.o(i.HAL_TIM_PWM_Start_DMA)
    HAL_TIM_PWM_Stop_DMA                     0x08002b89   Thumb Code   236  stm32h7xx_hal_tim.o(i.HAL_TIM_PWM_Stop_DMA)
    HardFault_Handler                        0x08002c89   Thumb Code     2  stm32h7xx_it.o(i.HardFault_Handler)
    MX_DMA_Init                              0x08002c8d   Thumb Code    40  dma.o(i.MX_DMA_Init)
    MX_GPIO_Init                             0x08002cb9   Thumb Code   102  gpio.o(i.MX_GPIO_Init)
    MX_TIM3_Init                             0x08002d29   Thumb Code   104  tim.o(i.MX_TIM3_Init)
    MemManage_Handler                        0x08002d99   Thumb Code     2  stm32h7xx_it.o(i.MemManage_Handler)
    NMI_Handler                              0x08002d9b   Thumb Code     2  stm32h7xx_it.o(i.NMI_Handler)
    PendSV_Handler                           0x08002d9d   Thumb Code     2  stm32h7xx_it.o(i.PendSV_Handler)
    SVC_Handler                              0x08002d9f   Thumb Code     2  stm32h7xx_it.o(i.SVC_Handler)
    SysTick_Handler                          0x08002da1   Thumb Code     4  stm32h7xx_it.o(i.SysTick_Handler)
    SystemClock_Config                       0x08002da5   Thumb Code   144  main.o(i.SystemClock_Config)
    SystemInit                               0x08002e39   Thumb Code   184  system_stm32h7xx.o(i.SystemInit)
    TIM_Base_SetConfig                       0x08002f11   Thumb Code   182  stm32h7xx_hal_tim.o(i.TIM_Base_SetConfig)
    TIM_CCxChannelCmd                        0x08002ff1   Thumb Code    26  stm32h7xx_hal_tim.o(i.TIM_CCxChannelCmd)
    TIM_DMADelayPulseHalfCplt                0x08003069   Thumb Code    56  stm32h7xx_hal_tim.o(i.TIM_DMADelayPulseHalfCplt)
    TIM_DMAError                             0x080030a1   Thumb Code    84  stm32h7xx_hal_tim.o(i.TIM_DMAError)
    TIM_OC2_SetConfig                        0x08003199   Thumb Code   126  stm32h7xx_hal_tim.o(i.TIM_OC2_SetConfig)
    UsageFault_Handler                       0x08003429   Thumb Code     2  stm32h7xx_it.o(i.UsageFault_Handler)
    main                                     0x0800344d   Thumb Code   188  main.o(i.main)
    _fp_init                                 0x08003515   Thumb Code    10  fpinit.o(x$fpl$fpinit)
    __fplib_config_fpu_vfp                   0x0800351d   Thumb Code     0  fpinit.o(x$fpl$fpinit)
    __fplib_config_pureend_doubles           0x0800351d   Thumb Code     0  fpinit.o(x$fpl$fpinit)
    D1CorePrescTable                         0x08003526   Data          16  system_stm32h7xx.o(.constdata)
    Region$$Table$$Base                      0x08003538   Number         0  anon$$obj.o(Region$$Table)
    Region$$Table$$Limit                     0x08003558   Number         0  anon$$obj.o(Region$$Table)
    LEDGREEN                                 0x24000000   Data         208  main.o(.data)
    LEDTurnOff                               0x240000d0   Data         208  main.o(.data)
    uwTickFreq                               0x240001a0   Data           1  stm32h7xx_hal.o(.data)
    uwTickPrio                               0x240001a4   Data           4  stm32h7xx_hal.o(.data)
    uwTick                                   0x240001a8   Data           4  stm32h7xx_hal.o(.data)
    SystemCoreClock                          0x240001ac   Data           4  system_stm32h7xx.o(.data)
    SystemD2Clock                            0x240001b0   Data           4  system_stm32h7xx.o(.data)
    htim3                                    0x240001b4   Data          76  tim.o(.bss)
    hdma_tim3_ch2                            0x24000200   Data         120  tim.o(.bss)
    __libspace_start                         0x24000278   Data          96  libspace.o(.bss)
    __temporary_stack_top$libspace           0x240002d8   Data           0  libspace.o(.bss)



==============================================================================

Memory Map of the image

  Image Entry point : 0x080002cd

  Load Region LR_IROM1 (Base: 0x08000000, Size: 0x0000370c, Max: 0x00100000, ABSOLUTE, COMPRESSED[0x00003574])

    Execution Region ER_IROM1 (Exec base: 0x08000000, Load base: 0x08000000, Size: 0x00003558, Max: 0x00100000, ABSOLUTE)

    Exec Addr    Load Addr    Size         Type   Attr      Idx    E Section Name        Object

    0x08000000   0x08000000   0x000002cc   Data   RO            3    RESET               startup_stm32h723xx.o
    0x080002cc   0x080002cc   0x00000008   Code   RO         3858  * !!!main             c_w.l(__main.o)
    0x080002d4   0x080002d4   0x00000034   Code   RO         4019    !!!scatter          c_w.l(__scatter.o)
    0x08000308   0x08000308   0x0000005a   Code   RO         4017    !!dczerorl2         c_w.l(__dczerorl2.o)
    0x08000362   0x08000362   0x00000002   PAD
    0x08000364   0x08000364   0x0000001c   Code   RO         4021    !!handler_zi        c_w.l(__scatter_zi.o)
    0x08000380   0x08000380   0x00000002   Code   RO         3885    .ARM.Collect$$libinit$$00000000  c_w.l(libinit.o)
    0x08000382   0x08000382   0x00000004   Code   RO         3891    .ARM.Collect$$libinit$$00000001  c_w.l(libinit2.o)
    0x08000386   0x08000386   0x00000000   Code   RO         3894    .ARM.Collect$$libinit$$00000004  c_w.l(libinit2.o)
    0x08000386   0x08000386   0x00000000   Code   RO         3897    .ARM.Collect$$libinit$$0000000A  c_w.l(libinit2.o)
    0x08000386   0x08000386   0x00000000   Code   RO         3899    .ARM.Collect$$libinit$$0000000C  c_w.l(libinit2.o)
    0x08000386   0x08000386   0x00000000   Code   RO         3901    .ARM.Collect$$libinit$$0000000E  c_w.l(libinit2.o)
    0x08000386   0x08000386   0x00000000   Code   RO         3904    .ARM.Collect$$libinit$$00000011  c_w.l(libinit2.o)
    0x08000386   0x08000386   0x00000000   Code   RO         3906    .ARM.Collect$$libinit$$00000013  c_w.l(libinit2.o)
    0x08000386   0x08000386   0x00000000   Code   RO         3908    .ARM.Collect$$libinit$$00000015  c_w.l(libinit2.o)
    0x08000386   0x08000386   0x00000000   Code   RO         3910    .ARM.Collect$$libinit$$00000017  c_w.l(libinit2.o)
    0x08000386   0x08000386   0x00000000   Code   RO         3912    .ARM.Collect$$libinit$$00000019  c_w.l(libinit2.o)
    0x08000386   0x08000386   0x00000000   Code   RO         3914    .ARM.Collect$$libinit$$0000001B  c_w.l(libinit2.o)
    0x08000386   0x08000386   0x00000000   Code   RO         3916    .ARM.Collect$$libinit$$0000001D  c_w.l(libinit2.o)
    0x08000386   0x08000386   0x00000000   Code   RO         3918    .ARM.Collect$$libinit$$0000001F  c_w.l(libinit2.o)
    0x08000386   0x08000386   0x00000000   Code   RO         3920    .ARM.Collect$$libinit$$00000021  c_w.l(libinit2.o)
    0x08000386   0x08000386   0x00000000   Code   RO         3922    .ARM.Collect$$libinit$$00000023  c_w.l(libinit2.o)
    0x08000386   0x08000386   0x00000000   Code   RO         3924    .ARM.Collect$$libinit$$00000025  c_w.l(libinit2.o)
    0x08000386   0x08000386   0x00000000   Code   RO         3928    .ARM.Collect$$libinit$$0000002C  c_w.l(libinit2.o)
    0x08000386   0x08000386   0x00000000   Code   RO         3930    .ARM.Collect$$libinit$$0000002E  c_w.l(libinit2.o)
    0x08000386   0x08000386   0x00000000   Code   RO         3932    .ARM.Collect$$libinit$$00000030  c_w.l(libinit2.o)
    0x08000386   0x08000386   0x00000000   Code   RO         3934    .ARM.Collect$$libinit$$00000032  c_w.l(libinit2.o)
    0x08000386   0x08000386   0x00000002   Code   RO         3935    .ARM.Collect$$libinit$$00000033  c_w.l(libinit2.o)
    0x08000388   0x08000388   0x00000002   Code   RO         3955    .ARM.Collect$$libshutdown$$00000000  c_w.l(libshutdown.o)
    0x0800038a   0x0800038a   0x00000000   Code   RO         3968    .ARM.Collect$$libshutdown$$00000002  c_w.l(libshutdown2.o)
    0x0800038a   0x0800038a   0x00000000   Code   RO         3970    .ARM.Collect$$libshutdown$$00000004  c_w.l(libshutdown2.o)
    0x0800038a   0x0800038a   0x00000000   Code   RO         3972    .ARM.Collect$$libshutdown$$00000006  c_w.l(libshutdown2.o)
    0x0800038a   0x0800038a   0x00000000   Code   RO         3975    .ARM.Collect$$libshutdown$$00000009  c_w.l(libshutdown2.o)
    0x0800038a   0x0800038a   0x00000000   Code   RO         3978    .ARM.Collect$$libshutdown$$0000000C  c_w.l(libshutdown2.o)
    0x0800038a   0x0800038a   0x00000000   Code   RO         3980    .ARM.Collect$$libshutdown$$0000000E  c_w.l(libshutdown2.o)
    0x0800038a   0x0800038a   0x00000000   Code   RO         3983    .ARM.Collect$$libshutdown$$00000011  c_w.l(libshutdown2.o)
    0x0800038a   0x0800038a   0x00000002   Code   RO         3984    .ARM.Collect$$libshutdown$$00000012  c_w.l(libshutdown2.o)
    0x0800038c   0x0800038c   0x00000000   Code   RO         3860    .ARM.Collect$$rtentry$$00000000  c_w.l(__rtentry.o)
    0x0800038c   0x0800038c   0x00000000   Code   RO         3862    .ARM.Collect$$rtentry$$00000002  c_w.l(__rtentry2.o)
    0x0800038c   0x0800038c   0x00000006   Code   RO         3874    .ARM.Collect$$rtentry$$00000004  c_w.l(__rtentry4.o)
    0x08000392   0x08000392   0x00000000   Code   RO         3864    .ARM.Collect$$rtentry$$00000009  c_w.l(__rtentry2.o)
    0x08000392   0x08000392   0x00000004   Code   RO         3865    .ARM.Collect$$rtentry$$0000000A  c_w.l(__rtentry2.o)
    0x08000396   0x08000396   0x00000000   Code   RO         3867    .ARM.Collect$$rtentry$$0000000C  c_w.l(__rtentry2.o)
    0x08000396   0x08000396   0x00000008   Code   RO         3868    .ARM.Collect$$rtentry$$0000000D  c_w.l(__rtentry2.o)
    0x0800039e   0x0800039e   0x00000002   Code   RO         3889    .ARM.Collect$$rtexit$$00000000  c_w.l(rtexit.o)
    0x080003a0   0x080003a0   0x00000000   Code   RO         3937    .ARM.Collect$$rtexit$$00000002  c_w.l(rtexit2.o)
    0x080003a0   0x080003a0   0x00000004   Code   RO         3938    .ARM.Collect$$rtexit$$00000003  c_w.l(rtexit2.o)
    0x080003a4   0x080003a4   0x00000006   Code   RO         3939    .ARM.Collect$$rtexit$$00000004  c_w.l(rtexit2.o)
    0x080003aa   0x080003aa   0x00000002   PAD
    0x080003ac   0x080003ac   0x00000048   Code   RO            4    .text               startup_stm32h723xx.o
    0x080003f4   0x080003f4   0x0000004e   Code   RO         3854    .text               c_w.l(rt_memclr_w.o)
    0x08000442   0x08000442   0x00000006   Code   RO         3856    .text               c_w.l(heapauxi.o)
    0x08000448   0x08000448   0x0000004a   Code   RO         3876    .text               c_w.l(sys_stackheap_outer.o)
    0x08000492   0x08000492   0x00000012   Code   RO         3878    .text               c_w.l(exit.o)
    0x080004a4   0x080004a4   0x00000008   Code   RO         3886    .text               c_w.l(libspace.o)
    0x080004ac   0x080004ac   0x0000000c   Code   RO         3947    .text               c_w.l(sys_exit.o)
    0x080004b8   0x080004b8   0x00000002   Code   RO         3958    .text               c_w.l(use_no_semi.o)
    0x080004ba   0x080004ba   0x00000000   Code   RO         3960    .text               c_w.l(indicate_semi.o)
    0x080004ba   0x080004ba   0x00000002   Code   RO          273    i.BusFault_Handler  stm32h7xx_it.o
    0x080004bc   0x080004bc   0x0000000c   Code   RO          274    i.DMA1_Stream3_IRQHandler  stm32h7xx_it.o
    0x080004c8   0x080004c8   0x000000b4   Code   RO         1152    i.DMA_CalcBaseAndBitshift  stm32h7xx_hal_dma.o
    0x0800057c   0x0800057c   0x0000009c   Code   RO         1153    i.DMA_CalcDMAMUXChannelBaseAndMask  stm32h7xx_hal_dma.o
    0x08000618   0x08000618   0x00000074   Code   RO         1154    i.DMA_CalcDMAMUXRequestGenBaseAndMask  stm32h7xx_hal_dma.o
    0x0800068c   0x0800068c   0x00000054   Code   RO         1155    i.DMA_CheckFifoParam  stm32h7xx_hal_dma.o
    0x080006e0   0x080006e0   0x00000220   Code   RO         1156    i.DMA_SetConfig     stm32h7xx_hal_dma.o
    0x08000900   0x08000900   0x00000002   Code   RO          275    i.DebugMon_Handler  stm32h7xx_it.o
    0x08000902   0x08000902   0x00000004   Code   RO           13    i.Error_Handler     main.o
    0x08000906   0x08000906   0x00000002   PAD
    0x08000908   0x08000908   0x0000001c   Code   RO         3812    i.ExitRun0Mode      system_stm32h7xx.o
    0x08000924   0x08000924   0x00000284   Code   RO         1158    i.HAL_DMA_Abort_IT  stm32h7xx_hal_dma.o
    0x08000ba8   0x08000ba8   0x000006e8   Code   RO         1162    i.HAL_DMA_IRQHandler  stm32h7xx_hal_dma.o
    0x08001290   0x08001290   0x000003bc   Code   RO         1163    i.HAL_DMA_Init      stm32h7xx_hal_dma.o
    0x0800164c   0x0800164c   0x0000029c   Code   RO         1167    i.HAL_DMA_Start_IT  stm32h7xx_hal_dma.o
    0x080018e8   0x080018e8   0x00000024   Code   RO         1854    i.HAL_Delay         stm32h7xx_hal.o
    0x0800190c   0x0800190c   0x0000021c   Code   RO         1005    i.HAL_GPIO_Init     stm32h7xx_hal_gpio.o
    0x08001b28   0x08001b28   0x0000000a   Code   RO         1009    i.HAL_GPIO_WritePin  stm32h7xx_hal_gpio.o
    0x08001b32   0x08001b32   0x00000002   PAD
    0x08001b34   0x08001b34   0x0000000c   Code   RO         1870    i.HAL_GetTick       stm32h7xx_hal.o
    0x08001b40   0x08001b40   0x00000010   Code   RO         1876    i.HAL_IncTick       stm32h7xx_hal.o
    0x08001b50   0x08001b50   0x0000005c   Code   RO         1877    i.HAL_Init          stm32h7xx_hal.o
    0x08001bac   0x08001bac   0x00000040   Code   RO         1878    i.HAL_InitTick      stm32h7xx_hal.o
    0x08001bec   0x08001bec   0x0000005c   Code   RO          380    i.HAL_MPU_ConfigRegion  stm32h7xx_hal_cortex.o
    0x08001c48   0x08001c48   0x0000001c   Code   RO          381    i.HAL_MPU_Disable   stm32h7xx_hal_cortex.o
    0x08001c64   0x08001c64   0x00000024   Code   RO          383    i.HAL_MPU_Enable    stm32h7xx_hal_cortex.o
    0x08001c88   0x08001c88   0x0000001c   Code   RO          355    i.HAL_MspInit       stm32h7xx_hal_msp.o
    0x08001ca4   0x08001ca4   0x0000001a   Code   RO          387    i.HAL_NVIC_EnableIRQ  stm32h7xx_hal_cortex.o
    0x08001cbe   0x08001cbe   0x00000002   PAD
    0x08001cc0   0x08001cc0   0x00000040   Code   RO          393    i.HAL_NVIC_SetPriority  stm32h7xx_hal_cortex.o
    0x08001d00   0x08001d00   0x00000024   Code   RO          394    i.HAL_NVIC_SetPriorityGrouping  stm32h7xx_hal_cortex.o
    0x08001d24   0x08001d24   0x00000054   Code   RO         1606    i.HAL_PWREx_ConfigSupply  stm32h7xx_hal_pwr_ex.o
    0x08001d78   0x08001d78   0x0000025c   Code   RO          533    i.HAL_RCC_ClockConfig  stm32h7xx_hal_rcc.o
    0x08001fd4   0x08001fd4   0x00000138   Code   RO          542    i.HAL_RCC_GetSysClockFreq  stm32h7xx_hal_rcc.o
    0x0800210c   0x0800210c   0x00000526   Code   RO          545    i.HAL_RCC_OscConfig  stm32h7xx_hal_rcc.o
    0x08002632   0x08002632   0x00000026   Code   RO          398    i.HAL_SYSTICK_Config  stm32h7xx_hal_cortex.o
    0x08002658   0x08002658   0x000000b8   Code   RO         3532    i.HAL_TIMEx_MasterConfigSynchronization  stm32h7xx_hal_tim_ex.o
    0x08002710   0x08002710   0x00000002   Code   RO         2825    i.HAL_TIM_ErrorCallback  stm32h7xx_hal_tim.o
    0x08002712   0x08002712   0x00000002   PAD
    0x08002714   0x08002714   0x00000050   Code   RO          225    i.HAL_TIM_MspPostInit  tim.o
    0x08002764   0x08002764   0x00000124   Code   RO         2867    i.HAL_TIM_PWM_ConfigChannel  stm32h7xx_hal_tim.o
    0x08002888   0x08002888   0x00000062   Code   RO         2870    i.HAL_TIM_PWM_Init  stm32h7xx_hal_tim.o
    0x080028ea   0x080028ea   0x00000002   PAD
    0x080028ec   0x080028ec   0x00000068   Code   RO          227    i.HAL_TIM_PWM_MspInit  tim.o
    0x08002954   0x08002954   0x0000000c   Code   RO           14    i.HAL_TIM_PWM_PulseFinishedCallback  main.o
    0x08002960   0x08002960   0x00000002   Code   RO         2874    i.HAL_TIM_PWM_PulseFinishedHalfCpltCallback  stm32h7xx_hal_tim.o
    0x08002962   0x08002962   0x00000002   PAD
    0x08002964   0x08002964   0x00000224   Code   RO         2876    i.HAL_TIM_PWM_Start_DMA  stm32h7xx_hal_tim.o
    0x08002b88   0x08002b88   0x00000100   Code   RO         2879    i.HAL_TIM_PWM_Stop_DMA  stm32h7xx_hal_tim.o
    0x08002c88   0x08002c88   0x00000002   Code   RO          276    i.HardFault_Handler  stm32h7xx_it.o
    0x08002c8a   0x08002c8a   0x00000002   PAD
    0x08002c8c   0x08002c8c   0x0000002c   Code   RO          201    i.MX_DMA_Init       dma.o
    0x08002cb8   0x08002cb8   0x00000070   Code   RO          177    i.MX_GPIO_Init      gpio.o
    0x08002d28   0x08002d28   0x00000070   Code   RO          228    i.MX_TIM3_Init      tim.o
    0x08002d98   0x08002d98   0x00000002   Code   RO          277    i.MemManage_Handler  stm32h7xx_it.o
    0x08002d9a   0x08002d9a   0x00000002   Code   RO          278    i.NMI_Handler       stm32h7xx_it.o
    0x08002d9c   0x08002d9c   0x00000002   Code   RO          279    i.PendSV_Handler    stm32h7xx_it.o
    0x08002d9e   0x08002d9e   0x00000002   Code   RO          280    i.SVC_Handler       stm32h7xx_it.o
    0x08002da0   0x08002da0   0x00000004   Code   RO          281    i.SysTick_Handler   stm32h7xx_it.o
    0x08002da4   0x08002da4   0x00000094   Code   RO           15    i.SystemClock_Config  main.o
    0x08002e38   0x08002e38   0x000000d8   Code   RO         3814    i.SystemInit        system_stm32h7xx.o
    0x08002f10   0x08002f10   0x000000e0   Code   RO         2888    i.TIM_Base_SetConfig  stm32h7xx_hal_tim.o
    0x08002ff0   0x08002ff0   0x0000001a   Code   RO         2889    i.TIM_CCxChannelCmd  stm32h7xx_hal_tim.o
    0x0800300a   0x0800300a   0x0000005e   Code   RO         2892    i.TIM_DMADelayPulseCplt  stm32h7xx_hal_tim.o
    0x08003068   0x08003068   0x00000038   Code   RO         2893    i.TIM_DMADelayPulseHalfCplt  stm32h7xx_hal_tim.o
    0x080030a0   0x080030a0   0x00000054   Code   RO         2894    i.TIM_DMAError      stm32h7xx_hal_tim.o
    0x080030f4   0x080030f4   0x000000a4   Code   RO         2901    i.TIM_OC1_SetConfig  stm32h7xx_hal_tim.o
    0x08003198   0x08003198   0x00000098   Code   RO         2902    i.TIM_OC2_SetConfig  stm32h7xx_hal_tim.o
    0x08003230   0x08003230   0x00000098   Code   RO         2903    i.TIM_OC3_SetConfig  stm32h7xx_hal_tim.o
    0x080032c8   0x080032c8   0x00000078   Code   RO         2904    i.TIM_OC4_SetConfig  stm32h7xx_hal_tim.o
    0x08003340   0x08003340   0x00000074   Code   RO         2905    i.TIM_OC5_SetConfig  stm32h7xx_hal_tim.o
    0x080033b4   0x080033b4   0x00000074   Code   RO         2906    i.TIM_OC6_SetConfig  stm32h7xx_hal_tim.o
    0x08003428   0x08003428   0x00000002   Code   RO          282    i.UsageFault_Handler  stm32h7xx_it.o
    0x0800342a   0x0800342a   0x00000022   Code   RO          400    i.__NVIC_SetPriority  stm32h7xx_hal_cortex.o
    0x0800344c   0x0800344c   0x000000c8   Code   RO           16    i.main              main.o
    0x08003514   0x08003514   0x0000000a   Code   RO         3945    x$fpl$fpinit        fz_wv.l(fpinit.o)
    0x0800351e   0x0800351e   0x00000008   Data   RO         1169    .constdata          stm32h7xx_hal_dma.o
    0x08003526   0x08003526   0x00000010   Data   RO         3815    .constdata          system_stm32h7xx.o
    0x08003536   0x08003536   0x00000002   PAD
    0x08003538   0x08003538   0x00000020   Data   RO         4015    Region$$Table       anon$$obj.o


    Execution Region RW_IRAM1 (Exec base: 0x20000000, Load base: 0x08003558, Size: 0x00000000, Max: 0x00020000, ABSOLUTE)

    **** No section assigned to this execution region ****


    Execution Region RW_IRAM2 (Exec base: 0x24000000, Load base: 0x08003558, Size: 0x000008d8, Max: 0x00050000, ABSOLUTE, COMPRESSED[0x0000001c])

    Exec Addr    Load Addr    Size         Type   Attr      Idx    E Section Name        Object

    0x24000000   COMPRESSED   0x000001a0   Data   RW           17    .data               main.o
    0x240001a0   COMPRESSED   0x0000000c   Data   RW         1901    .data               stm32h7xx_hal.o
    0x240001ac   COMPRESSED   0x00000008   Data   RW         3816    .data               system_stm32h7xx.o
    0x240001b4        -       0x000000c4   Zero   RW          229    .bss                tim.o
    0x24000278        -       0x00000060   Zero   RW         3887    .bss                c_w.l(libspace.o)
    0x240002d8        -       0x00000200   Zero   RW            2    HEAP                startup_stm32h723xx.o
    0x240004d8        -       0x00000400   Zero   RW            1    STACK               startup_stm32h723xx.o


==============================================================================

Image component sizes


      Code (inc. data)   RO Data    RW Data    ZI Data      Debug   Object Name

        44          4          0          0          0        922   dma.o
       112         10          0          0          0       1055   gpio.o
       364         20          0        416          0    1112028   main.o
        72         30        716          0       1536        860   startup_stm32h723xx.o
       220         40          0         12          0      23849   stm32h7xx_hal.o
       354         28          0          0          0      42025   stm32h7xx_hal_cortex.o
      5116        214          8          0          0      11058   stm32h7xx_hal_dma.o
       550         44          0          0          0       2364   stm32h7xx_hal_gpio.o
        28          6          0          0          0        962   stm32h7xx_hal_msp.o
        84          6          0          0          0        801   stm32h7xx_hal_pwr_ex.o
      2234         66          0          0          0       5372   stm32h7xx_hal_rcc.o
      2502        274          0          0          0      15048   stm32h7xx_hal_tim.o
       184         38          0          0          0       1632   stm32h7xx_hal_tim_ex.o
        32          6          0          0          0       4764   stm32h7xx_it.o
       244         38         16          8          0       2073   system_stm32h7xx.o
       296         38          0          0        196       2637   tim.o

    ----------------------------------------------------------------------
     12450        862        774        436       1732    1227450   Object Totals
         0          0         32          0          0          0   (incl. Generated)
        14          0          2          0          0          0   (incl. Padding)

    ----------------------------------------------------------------------

      Code (inc. data)   RO Data    RW Data    ZI Data      Debug   Library Member Name

        90          0          0          0          0          0   __dczerorl2.o
         8          0          0          0          0         68   __main.o
         0          0          0          0          0          0   __rtentry.o
        12          0          0          0          0          0   __rtentry2.o
         6          0          0          0          0          0   __rtentry4.o
        52          8          0          0          0          0   __scatter.o
        28          0          0          0          0          0   __scatter_zi.o
        18          0          0          0          0         80   exit.o
         6          0          0          0          0        152   heapauxi.o
         0          0          0          0          0          0   indicate_semi.o
         2          0          0          0          0          0   libinit.o
         6          0          0          0          0          0   libinit2.o
         2          0          0          0          0          0   libshutdown.o
         2          0          0          0          0          0   libshutdown2.o
         8          4          0          0         96         68   libspace.o
        78          0          0          0          0         80   rt_memclr_w.o
         2          0          0          0          0          0   rtexit.o
        10          0          0          0          0          0   rtexit2.o
        12          4          0          0          0         68   sys_exit.o
        74          0          0          0          0         80   sys_stackheap_outer.o
         2          0          0          0          0         68   use_no_semi.o
        10          0          0          0          0        116   fpinit.o

    ----------------------------------------------------------------------
       432         16          0          0         96        780   Library Totals
         4          0          0          0          0          0   (incl. Padding)

    ----------------------------------------------------------------------

      Code (inc. data)   RO Data    RW Data    ZI Data      Debug   Library Name

       418         16          0          0         96        664   c_w.l
        10          0          0          0          0        116   fz_wv.l

    ----------------------------------------------------------------------
       432         16          0          0         96        780   Library Totals

    ----------------------------------------------------------------------

==============================================================================


      Code (inc. data)   RO Data    RW Data    ZI Data      Debug   

     12882        878        774        436       1828    1221922   Grand Totals
     12882        878        774         28       1828    1221922   ELF Image Totals (compressed)
     12882        878        774         28          0          0   ROM Totals

==============================================================================

    Total RO  Size (Code + RO Data)                13656 (  13.34kB)
    Total RW  Size (RW Data + ZI Data)              2264 (   2.21kB)
    Total ROM Size (Code + RO Data + RW Data)      13684 (  13.36kB)

==============================================================================

