Archive member included to satisfy reference by file (symbol)

C:/Users/auspicious/AppData/Local/stm32cube/bundles/gnu-tools-for-stm32/14.3.1+st.2/bin/../lib/gcc/arm-none-eabi/14.3.1/../../../../arm-none-eabi/lib/thumb/v7e-m+dp/hard\libg_nano.a(libc_a-exit.o)
                              C:/Users/auspicious/AppData/Local/stm32cube/bundles/gnu-tools-for-stm32/14.3.1+st.2/bin/../lib/gcc/arm-none-eabi/14.3.1/../../../../arm-none-eabi/lib/thumb/v7e-m+dp/hard/crt0.o (exit)
C:/Users/auspicious/AppData/Local/stm32cube/bundles/gnu-tools-for-stm32/14.3.1+st.2/bin/../lib/gcc/arm-none-eabi/14.3.1/../../../../arm-none-eabi/lib/thumb/v7e-m+dp/hard\libg_nano.a(libc_a-findfp.o)
                              C:/Users/auspicious/AppData/Local/stm32cube/bundles/gnu-tools-for-stm32/14.3.1+st.2/bin/../lib/gcc/arm-none-eabi/14.3.1/../../../../arm-none-eabi/lib/thumb/v7e-m+dp/hard\libg_nano.a(libc_a-exit.o) (__stdio_exit_handler)
C:/Users/auspicious/AppData/Local/stm32cube/bundles/gnu-tools-for-stm32/14.3.1+st.2/bin/../lib/gcc/arm-none-eabi/14.3.1/../../../../arm-none-eabi/lib/thumb/v7e-m+dp/hard\libg_nano.a(libc_a-fwalk.o)
                              C:/Users/auspicious/AppData/Local/stm32cube/bundles/gnu-tools-for-stm32/14.3.1+st.2/bin/../lib/gcc/arm-none-eabi/14.3.1/../../../../arm-none-eabi/lib/thumb/v7e-m+dp/hard\libg_nano.a(libc_a-findfp.o) (_fwalk_sglue)
C:/Users/auspicious/AppData/Local/stm32cube/bundles/gnu-tools-for-stm32/14.3.1+st.2/bin/../lib/gcc/arm-none-eabi/14.3.1/../../../../arm-none-eabi/lib/thumb/v7e-m+dp/hard\libg_nano.a(libc_a-stdio.o)
                              C:/Users/auspicious/AppData/Local/stm32cube/bundles/gnu-tools-for-stm32/14.3.1+st.2/bin/../lib/gcc/arm-none-eabi/14.3.1/../../../../arm-none-eabi/lib/thumb/v7e-m+dp/hard\libg_nano.a(libc_a-findfp.o) (__sread)
C:/Users/auspicious/AppData/Local/stm32cube/bundles/gnu-tools-for-stm32/14.3.1+st.2/bin/../lib/gcc/arm-none-eabi/14.3.1/../../../../arm-none-eabi/lib/thumb/v7e-m+dp/hard\libg_nano.a(libc_a-memset.o)
                              C:/Users/auspicious/AppData/Local/stm32cube/bundles/gnu-tools-for-stm32/14.3.1+st.2/bin/../lib/gcc/arm-none-eabi/14.3.1/../../../../arm-none-eabi/lib/thumb/v7e-m+dp/hard/crt0.o (memset)
C:/Users/auspicious/AppData/Local/stm32cube/bundles/gnu-tools-for-stm32/14.3.1+st.2/bin/../lib/gcc/arm-none-eabi/14.3.1/../../../../arm-none-eabi/lib/thumb/v7e-m+dp/hard\libg_nano.a(libc_a-closer.o)
                              C:/Users/auspicious/AppData/Local/stm32cube/bundles/gnu-tools-for-stm32/14.3.1+st.2/bin/../lib/gcc/arm-none-eabi/14.3.1/../../../../arm-none-eabi/lib/thumb/v7e-m+dp/hard\libg_nano.a(libc_a-stdio.o) (_close_r)
C:/Users/auspicious/AppData/Local/stm32cube/bundles/gnu-tools-for-stm32/14.3.1+st.2/bin/../lib/gcc/arm-none-eabi/14.3.1/../../../../arm-none-eabi/lib/thumb/v7e-m+dp/hard\libg_nano.a(libc_a-reent.o)
                              C:/Users/auspicious/AppData/Local/stm32cube/bundles/gnu-tools-for-stm32/14.3.1+st.2/bin/../lib/gcc/arm-none-eabi/14.3.1/../../../../arm-none-eabi/lib/thumb/v7e-m+dp/hard\libg_nano.a(libc_a-closer.o) (errno)
C:/Users/auspicious/AppData/Local/stm32cube/bundles/gnu-tools-for-stm32/14.3.1+st.2/bin/../lib/gcc/arm-none-eabi/14.3.1/../../../../arm-none-eabi/lib/thumb/v7e-m+dp/hard\libg_nano.a(libc_a-impure.o)
                              C:/Users/auspicious/AppData/Local/stm32cube/bundles/gnu-tools-for-stm32/14.3.1+st.2/bin/../lib/gcc/arm-none-eabi/14.3.1/../../../../arm-none-eabi/lib/thumb/v7e-m+dp/hard\libg_nano.a(libc_a-reent.o) (_impure_ptr)
C:/Users/auspicious/AppData/Local/stm32cube/bundles/gnu-tools-for-stm32/14.3.1+st.2/bin/../lib/gcc/arm-none-eabi/14.3.1/../../../../arm-none-eabi/lib/thumb/v7e-m+dp/hard\libg_nano.a(libc_a-lseekr.o)
                              C:/Users/auspicious/AppData/Local/stm32cube/bundles/gnu-tools-for-stm32/14.3.1+st.2/bin/../lib/gcc/arm-none-eabi/14.3.1/../../../../arm-none-eabi/lib/thumb/v7e-m+dp/hard\libg_nano.a(libc_a-stdio.o) (_lseek_r)
C:/Users/auspicious/AppData/Local/stm32cube/bundles/gnu-tools-for-stm32/14.3.1+st.2/bin/../lib/gcc/arm-none-eabi/14.3.1/../../../../arm-none-eabi/lib/thumb/v7e-m+dp/hard\libg_nano.a(libc_a-readr.o)
                              C:/Users/auspicious/AppData/Local/stm32cube/bundles/gnu-tools-for-stm32/14.3.1+st.2/bin/../lib/gcc/arm-none-eabi/14.3.1/../../../../arm-none-eabi/lib/thumb/v7e-m+dp/hard\libg_nano.a(libc_a-stdio.o) (_read_r)
C:/Users/auspicious/AppData/Local/stm32cube/bundles/gnu-tools-for-stm32/14.3.1+st.2/bin/../lib/gcc/arm-none-eabi/14.3.1/../../../../arm-none-eabi/lib/thumb/v7e-m+dp/hard\libg_nano.a(libc_a-writer.o)
                              C:/Users/auspicious/AppData/Local/stm32cube/bundles/gnu-tools-for-stm32/14.3.1+st.2/bin/../lib/gcc/arm-none-eabi/14.3.1/../../../../arm-none-eabi/lib/thumb/v7e-m+dp/hard\libg_nano.a(libc_a-stdio.o) (_write_r)
[...]
Memory Configuration

Name             Origin             Length             Attributes
DTCMRAM          0x20000000         0x00020000         xrw
RAM_D1           0x24000000         0x00050000         xrw
RAM_D2           0x30000000         0x00008000         xrw
RAM_D3           0x38000000         0x00004000         xrw
ITCMRAM          0x00000000         0x00010000         xrw
FLASH            0x08000000         0x00100000         xr
*default*        0x00000000         0xffffffff

Linker script and memory map

LOAD C:/Users/auspicious/AppData/Local/stm32cube/bundles/gnu-tools-for-stm32/14.3.1+st.2/bin/../lib/gcc/arm-none-eabi/14.3.1/thumb/v7e-m+dp/hard/crti.o
LOAD C:/Users/auspicious/AppData/Local/stm32cube/bundles/gnu-tools-for-stm32/14.3.1+st.2/bin/../lib/gcc/arm-none-eabi/14.3.1/thumb/v7e-m+dp/hard/crtbegin.o
LOAD C:/Users/auspicious/AppData/Local/stm32cube/bundles/gnu-tools-for-stm32/14.3.1+st.2/bin/../lib/gcc/arm-none-eabi/14.3.1/../../../../arm-none-eabi/lib/thumb/v7e-m+dp/hard/crt0.o
LOAD cmake/stm32cubemx/CMakeFiles/STM32_Drivers.dir/__/__/Core/Src/system_stm32h7xx.c.obj
LOAD cmake/stm32cubemx/CMakeFiles/STM32_Drivers.dir/__/__/Drivers/STM32H7xx_HAL_Driver/Src/stm32h7xx_hal_cortex.c.obj
LOAD cmake/stm32cubemx/CMakeFiles/STM32_Drivers.dir/__/__/Drivers/STM32H7xx_HAL_Driver/Src/stm32h7xx_hal_rcc.c.obj
LOAD cmake/stm32cubemx/CMakeFiles/STM32_Drivers.dir/__/__/Drivers/STM32H7xx_HAL_Driver/Src/stm32h7xx_hal_rcc_ex.c.obj
LOAD cmake/stm32cubemx/CMakeFiles/STM32_Drivers.dir/__/__/Drivers/STM32H7xx_HAL_Driver/Src/stm32h7xx_hal_flash.c.obj
LOAD cmake/stm32cubemx/CMakeFiles/STM32_Drivers.dir/__/__/Drivers/STM32H7xx_HAL_Driver/Src/stm32h7xx_hal_flash_ex.c.obj
LOAD cmake/stm32cubemx/CMakeFiles/STM32_Drivers.dir/__/__/Drivers/STM32H7xx_HAL_Driver/Src/stm32h7xx_hal_gpio.c.obj
LOAD cmake/stm32cubemx/CMakeFiles/STM32_Drivers.dir/__/__/Drivers/STM32H7xx_HAL_Driver/Src/stm32h7xx_hal_hsem.c.obj
LOAD cmake/stm32cubemx/CMakeFiles/STM32_Drivers.dir/__/__/Drivers/STM32H7xx_HAL_Driver/Src/stm32h7xx_hal_dma.c.obj
LOAD cmake/stm32cubemx/CMakeFiles/STM32_Drivers.dir/__/__/Drivers/STM32H7xx_HAL_Driver/Src/stm32h7xx_hal_dma_ex.c.obj
LOAD cmake/stm32cubemx/CMakeFiles/STM32_Drivers.dir/__/__/Drivers/STM32H7xx_HAL_Driver/Src/stm32h7xx_hal_mdma.c.obj
LOAD cmake/stm32cubemx/CMakeFiles/STM32_Drivers.dir/__/__/Drivers/STM32H7xx_HAL_Driver/Src/stm32h7xx_hal_pwr.c.obj
LOAD cmake/stm32cubemx/CMakeFiles/STM32_Drivers.dir/__/__/Drivers/STM32H7xx_HAL_Driver/Src/stm32h7xx_hal_pwr_ex.c.obj
LOAD cmake/stm32cubemx/CMakeFiles/STM32_Drivers.dir/__/__/Drivers/STM32H7xx_HAL_Driver/Src/stm32h7xx_hal.c.obj
LOAD cmake/stm32cubemx/CMakeFiles/STM32_Drivers.dir/__/__/Drivers/STM32H7xx_HAL_Driver/Src/stm32h7xx_hal_i2c.c.obj
LOAD cmake/stm32cubemx/CMakeFiles/STM32_Drivers.dir/__/__/Drivers/STM32H7xx_HAL_Driver/Src/stm32h7xx_hal_i2c_ex.c.obj
LOAD cmake/stm32cubemx/CMakeFiles/STM32_Drivers.dir/__/__/Drivers/STM32H7xx_HAL_Driver/Src/stm32h7xx_hal_exti.c.obj
LOAD cmake/stm32cubemx/CMakeFiles/STM32_Drivers.dir/__/__/Drivers/STM32H7xx_HAL_Driver/Src/stm32h7xx_hal_tim.c.obj
LOAD cmake/stm32cubemx/CMakeFiles/STM32_Drivers.dir/__/__/Drivers/STM32H7xx_HAL_Driver/Src/stm32h7xx_hal_tim_ex.c.obj
LOAD CMakeFiles/test_cmake_clt.dir/Core/Src/main.c.obj
LOAD CMakeFiles/test_cmake_clt.dir/Core/Src/gpio.c.obj
LOAD CMakeFiles/test_cmake_clt.dir/Core/Src/dma.c.obj
LOAD CMakeFiles/test_cmake_clt.dir/Core/Src/tim.c.obj
LOAD CMakeFiles/test_cmake_clt.dir/Core/Src/stm32h7xx_it.c.obj
LOAD CMakeFiles/test_cmake_clt.dir/Core/Src/stm32h7xx_hal_msp.c.obj
LOAD CMakeFiles/test_cmake_clt.dir/Core/Src/sysmem.c.obj
LOAD CMakeFiles/test_cmake_clt.dir/Core/Src/syscalls.c.obj
LOAD CMakeFiles/test_cmake_clt.dir/startup_stm32h723xx.s.obj
LOAD C:/Users/auspicious/AppData/Local/stm32cube/bundles/gnu-tools-for-stm32/14.3.1+st.2/bin/../lib/gcc/arm-none-eabi/14.3.1/../../../../arm-none-eabi/lib/thumb/v7e-m+dp/hard\libm.a
START GROUP
LOAD C:/Users/auspicious/AppData/Local/stm32cube/bundles/gnu-tools-for-stm32/14.3.1+st.2/bin/../lib/gcc/arm-none-eabi/14.3.1/thumb/v7e-m+dp/hard\libgcc.a
LOAD C:/Users/auspicious/AppData/Local/stm32cube/bundles/gnu-tools-for-stm32/14.3.1+st.2/bin/../lib/gcc/arm-none-eabi/14.3.1/../../../../arm-none-eabi/lib/thumb/v7e-m+dp/hard\libg_nano.a
LOAD C:/Users/auspicious/AppData/Local/stm32cube/bundles/gnu-tools-for-stm32/14.3.1+st.2/bin/../lib/gcc/arm-none-eabi/14.3.1/../../../../arm-none-eabi/lib/thumb/v7e-m+dp/hard\libc_nano.a
END GROUP
START GROUP
LOAD C:/Users/auspicious/AppData/Local/stm32cube/bundles/gnu-tools-for-stm32/14.3.1+st.2/bin/../lib/gcc/arm-none-eabi/14.3.1/thumb/v7e-m+dp/hard\libgcc.a
LOAD C:/Users/auspicious/AppData/Local/stm32cube/bundles/gnu-tools-for-stm32/14.3.1+st.2/bin/../lib/gcc/arm-none-eabi/14.3.1/../../../../arm-none-eabi/lib/thumb/v7e-m+dp/hard\libc_nano.a
END GROUP
LOAD C:/Users/auspicious/AppData/Local/stm32cube/bundles/gnu-tools-for-stm32/14.3.1+st.2/bin/../lib/gcc/arm-none-eabi/14.3.1/thumb/v7e-m+dp/hard/crtend.o
LOAD C:/Users/auspicious/AppData/Local/stm32cube/bundles/gnu-tools-for-stm32/14.3.1+st.2/bin/../lib/gcc/arm-none-eabi/14.3.1/thumb/v7e-m+dp/hard/crtn.o
                0x20020000                        _estack = (ORIGIN (DTCMRAM) + LENGTH (DTCMRAM))
                0x00000200                        _Min_Heap_Size = 0x200
                0x00000400                        _Min_Stack_Size = 0x400

.isr_vector     0x08000000      0x2cc
                0x08000000                        . = ALIGN (0x4)
 *(.isr_vector)
 .isr_vector    0x08000000      0x2cc CMakeFiles/test_cmake_clt.dir/startup_stm32h723xx.s.obj
                0x08000000                g_pfnVectors
                0x080002cc                        . = ALIGN (0x4)

.text           0x080002cc     0x57e0
                0x080002cc                        . = ALIGN (0x4)
 *(.text)
 .text          0x080002cc       0x40 C:/Users/auspicious/AppData/Local/stm32cube/bundles/gnu-tools-for-stm32/14.3.1+st.2/bin/../lib/gcc/arm-none-eabi/14.3.1/thumb/v7e-m+dp/hard/crtbegin.o
 *(.text*)
 .text.SystemInit
                0x0800030c      0x120 cmake/stm32cubemx/CMakeFiles/STM32_Drivers.dir/__/__/Core/Src/system_stm32h7xx.c.obj
                0x0800030c                SystemInit
 .text.ExitRun0Mode
                0x0800042c       0x30 cmake/stm32cubemx/CMakeFiles/STM32_Drivers.dir/__/__/Core/Src/system_stm32h7xx.c.obj
                0x0800042c                ExitRun0Mode
 .text.__NVIC_SetPriorityGrouping
                0x0800045c       0x48 cmake/stm32cubemx/CMakeFiles/STM32_Drivers.dir/__/__/Drivers/STM32H7xx_HAL_Driver/Src/stm32h7xx_hal_cortex.c.obj
 .text.__NVIC_GetPriorityGrouping
                0x080004a4       0x1c cmake/stm32cubemx/CMakeFiles/STM32_Drivers.dir/__/__/Drivers/STM32H7xx_HAL_Driver/Src/stm32h7xx_hal_cortex.c.obj
 .text.__NVIC_EnableIRQ
                0x080004c0       0x3c cmake/stm32cubemx/CMakeFiles/STM32_Drivers.dir/__/__/Drivers/STM32H7xx_HAL_Driver/Src/stm32h7xx_hal_cortex.c.obj
 .text.__NVIC_SetPriority
                0x080004fc       0x54 cmake/stm32cubemx/CMakeFiles/STM32_Drivers.dir/__/__/Drivers/STM32H7xx_HAL_Driver/Src/stm32h7xx_hal_cortex.c.obj
 .text.NVIC_EncodePriority
                0x08000550       0x66 cmake/stm32cubemx/CMakeFiles/STM32_Drivers.dir/__/__/Drivers/STM32H7xx_HAL_Driver/Src/stm32h7xx_hal_cortex.c.obj
 *fill*         0x080005b6        0x2 
 .text.SysTick_Config
                0x080005b8       0x44 cmake/stm32cubemx/CMakeFiles/STM32_Drivers.dir/__/__/Drivers/STM32H7xx_HAL_Driver/Src/stm32h7xx_hal_cortex.c.obj
 .text.HAL_NVIC_SetPriorityGrouping
                0x080005fc       0x16 cmake/stm32cubemx/CMakeFiles/STM32_Drivers.dir/__/__/Drivers/STM32H7xx_HAL_Driver/Src/stm32h7xx_hal_cortex.c.obj
                0x080005fc                HAL_NVIC_SetPriorityGrouping
 .text.HAL_NVIC_SetPriority
                0x08000612       0x34 cmake/stm32cubemx/CMakeFiles/STM32_Drivers.dir/__/__/Drivers/STM32H7xx_HAL_Driver/Src/stm32h7xx_hal_cortex.c.obj
                0x08000612                HAL_NVIC_SetPriority
 .text.HAL_NVIC_EnableIRQ
                0x08000646       0x1c cmake/stm32cubemx/CMakeFiles/STM32_Drivers.dir/__/__/Drivers/STM32H7xx_HAL_Driver/Src/stm32h7xx_hal_cortex.c.obj
                0x08000646                HAL_NVIC_EnableIRQ
 .text.HAL_SYSTICK_Config
                0x08000662       0x18 cmake/stm32cubemx/CMakeFiles/STM32_Drivers.dir/__/__/Drivers/STM32H7xx_HAL_Driver/Src/stm32h7xx_hal_cortex.c.obj
                0x08000662                HAL_SYSTICK_Config
 *fill*         0x0800067a        0x2 
 .text.HAL_MPU_Disable
                0x0800067c       0x30 cmake/stm32cubemx/CMakeFiles/STM32_Drivers.dir/__/__/Drivers/STM32H7xx_HAL_Driver/Src/stm32h7xx_hal_cortex.c.obj
                0x0800067c                HAL_MPU_Disable
 .text.HAL_MPU_Enable
                0x080006ac       0x40 cmake/stm32cubemx/CMakeFiles/STM32_Drivers.dir/__/__/Drivers/STM32H7xx_HAL_Driver/Src/stm32h7xx_hal_cortex.c.obj
                0x080006ac                HAL_MPU_Enable
 .text.HAL_MPU_ConfigRegion
                0x080006ec       0x80 cmake/stm32cubemx/CMakeFiles/STM32_Drivers.dir/__/__/Drivers/STM32H7xx_HAL_Driver/Src/stm32h7xx_hal_cortex.c.obj
                0x080006ec                HAL_MPU_ConfigRegion
 .text.HAL_RCC_OscConfig
                0x0800076c      0x7b4 cmake/stm32cubemx/CMakeFiles/STM32_Drivers.dir/__/__/Drivers/STM32H7xx_HAL_Driver/Src/stm32h7xx_hal_rcc.c.obj
                0x0800076c                HAL_RCC_OscConfig
 .text.HAL_RCC_ClockConfig
                0x08000f20      0x36c cmake/stm32cubemx/CMakeFiles/STM32_Drivers.dir/__/__/Drivers/STM32H7xx_HAL_Driver/Src/stm32h7xx_hal_rcc.c.obj
                0x08000f20                HAL_RCC_ClockConfig
 .text.HAL_RCC_GetSysClockFreq
                0x0800128c      0x2f4 cmake/stm32cubemx/CMakeFiles/STM32_Drivers.dir/__/__/Drivers/STM32H7xx_HAL_Driver/Src/stm32h7xx_hal_rcc.c.obj
                0x0800128c                HAL_RCC_GetSysClockFreq
 .text.HAL_GPIO_Init
                0x08001580      0x350 cmake/stm32cubemx/CMakeFiles/STM32_Drivers.dir/__/__/Drivers/STM32H7xx_HAL_Driver/Src/stm32h7xx_hal_gpio.c.obj
                0x08001580                HAL_GPIO_Init
 .text.HAL_GPIO_WritePin
                0x080018d0       0x32 cmake/stm32cubemx/CMakeFiles/STM32_Drivers.dir/__/__/Drivers/STM32H7xx_HAL_Driver/Src/stm32h7xx_hal_gpio.c.obj
                0x080018d0                HAL_GPIO_WritePin
 *fill*         0x08001902        0x2 
 .text.HAL_DMA_Init
                0x08001904      0x6b0 cmake/stm32cubemx/CMakeFiles/STM32_Drivers.dir/__/__/Drivers/STM32H7xx_HAL_Driver/Src/stm32h7xx_hal_dma.c.obj
                0x08001904                HAL_DMA_Init
 .text.HAL_DMA_Start_IT
                0x08001fb4      0x4d4 cmake/stm32cubemx/CMakeFiles/STM32_Drivers.dir/__/__/Drivers/STM32H7xx_HAL_Driver/Src/stm32h7xx_hal_dma.c.obj
                0x08001fb4                HAL_DMA_Start_IT
 .text.HAL_DMA_Abort_IT
                0x08002488      0x48c cmake/stm32cubemx/CMakeFiles/STM32_Drivers.dir/__/__/Drivers/STM32H7xx_HAL_Driver/Src/stm32h7xx_hal_dma.c.obj
                0x08002488                HAL_DMA_Abort_IT
 .text.HAL_DMA_IRQHandler
                0x08002914      0xe54 cmake/stm32cubemx/CMakeFiles/STM32_Drivers.dir/__/__/Drivers/STM32H7xx_HAL_Driver/Src/stm32h7xx_hal_dma.c.obj
                0x08002914                HAL_DMA_IRQHandler
 .text.DMA_SetConfig
                0x08003768      0x358 cmake/stm32cubemx/CMakeFiles/STM32_Drivers.dir/__/__/Drivers/STM32H7xx_HAL_Driver/Src/stm32h7xx_hal_dma.c.obj
 .text.DMA_CalcBaseAndBitshift
                0x08003ac0      0x164 cmake/stm32cubemx/CMakeFiles/STM32_Drivers.dir/__/__/Drivers/STM32H7xx_HAL_Driver/Src/stm32h7xx_hal_dma.c.obj
 .text.DMA_CheckFifoParam
                0x08003c24       0xf8 cmake/stm32cubemx/CMakeFiles/STM32_Drivers.dir/__/__/Drivers/STM32H7xx_HAL_Driver/Src/stm32h7xx_hal_dma.c.obj
 .text.DMA_CalcDMAMUXChannelBaseAndMask
                0x08003d1c      0x134 cmake/stm32cubemx/CMakeFiles/STM32_Drivers.dir/__/__/Drivers/STM32H7xx_HAL_Driver/Src/stm32h7xx_hal_dma.c.obj
 .text.DMA_CalcDMAMUXRequestGenBaseAndMask
                0x08003e50       0xe8 cmake/stm32cubemx/CMakeFiles/STM32_Drivers.dir/__/__/Drivers/STM32H7xx_HAL_Driver/Src/stm32h7xx_hal_dma.c.obj
 .text.HAL_PWREx_ConfigSupply
                0x08003f38       0x74 cmake/stm32cubemx/CMakeFiles/STM32_Drivers.dir/__/__/Drivers/STM32H7xx_HAL_Driver/Src/stm32h7xx_hal_pwr_ex.c.obj
                0x08003f38                HAL_PWREx_ConfigSupply
 .text.HAL_Init
                0x08003fac       0x78 cmake/stm32cubemx/CMakeFiles/STM32_Drivers.dir/__/__/Drivers/STM32H7xx_HAL_Driver/Src/stm32h7xx_hal.c.obj
                0x08003fac                HAL_Init
 .text.HAL_InitTick
                0x08004024       0x6c cmake/stm32cubemx/CMakeFiles/STM32_Drivers.dir/__/__/Drivers/STM32H7xx_HAL_Driver/Src/stm32h7xx_hal.c.obj
                0x08004024                HAL_InitTick
 .text.HAL_IncTick
                0x08004090       0x28 cmake/stm32cubemx/CMakeFiles/STM32_Drivers.dir/__/__/Drivers/STM32H7xx_HAL_Driver/Src/stm32h7xx_hal.c.obj
                0x08004090                HAL_IncTick
 .text.HAL_GetTick
                0x080040b8       0x18 cmake/stm32cubemx/CMakeFiles/STM32_Drivers.dir/__/__/Drivers/STM32H7xx_HAL_Driver/Src/stm32h7xx_hal.c.obj
                0x080040b8                HAL_GetTick
 .text.HAL_Delay
                0x080040d0       0x48 cmake/stm32cubemx/CMakeFiles/STM32_Drivers.dir/__/__/Drivers/STM32H7xx_HAL_Driver/Src/stm32h7xx_hal.c.obj
                0x080040d0                HAL_Delay
 .text.HAL_TIM_PWM_Init
                0x08004118       0xae cmake/stm32cubemx/CMakeFiles/STM32_Drivers.dir/__/__/Drivers/STM32H7xx_HAL_Driver/Src/stm32h7xx_hal_tim.c.obj
                0x08004118                HAL_TIM_PWM_Init
 *fill*         0x080041c6        0x2 
 .text.HAL_TIM_PWM_Start_DMA
                0x080041c8      0x468 cmake/stm32cubemx/CMakeFiles/STM32_Drivers.dir/__/__/Drivers/STM32H7xx_HAL_Driver/Src/stm32h7xx_hal_tim.c.obj
                0x080041c8                HAL_TIM_PWM_Start_DMA
 .text.HAL_TIM_PWM_Stop_DMA
                0x08004630      0x1f0 cmake/stm32cubemx/CMakeFiles/STM32_Drivers.dir/__/__/Drivers/STM32H7xx_HAL_Driver/Src/stm32h7xx_hal_tim.c.obj
                0x08004630                HAL_TIM_PWM_Stop_DMA
 .text.HAL_TIM_PWM_ConfigChannel
                0x08004820      0x228 cmake/stm32cubemx/CMakeFiles/STM32_Drivers.dir/__/__/Drivers/STM32H7xx_HAL_Driver/Src/stm32h7xx_hal_tim.c.obj
                0x08004820                HAL_TIM_PWM_ConfigChannel
 .text.HAL_TIM_PWM_PulseFinishedHalfCpltCallback
                0x08004a48       0x14 cmake/stm32cubemx/CMakeFiles/STM32_Drivers.dir/__/__/Drivers/STM32H7xx_HAL_Driver/Src/stm32h7xx_hal_tim.c.obj
                0x08004a48                HAL_TIM_PWM_PulseFinishedHalfCpltCallback
 .text.HAL_TIM_ErrorCallback
                0x08004a5c       0x14 cmake/stm32cubemx/CMakeFiles/STM32_Drivers.dir/__/__/Drivers/STM32H7xx_HAL_Driver/Src/stm32h7xx_hal_tim.c.obj
                0x08004a5c                HAL_TIM_ErrorCallback
 .text.TIM_DMAError
                0x08004a70       0x92 cmake/stm32cubemx/CMakeFiles/STM32_Drivers.dir/__/__/Drivers/STM32H7xx_HAL_Driver/Src/stm32h7xx_hal_tim.c.obj
                0x08004a70                TIM_DMAError
 .text.TIM_DMADelayPulseCplt
                0x08004b02       0xa8 cmake/stm32cubemx/CMakeFiles/STM32_Drivers.dir/__/__/Drivers/STM32H7xx_HAL_Driver/Src/stm32h7xx_hal_tim.c.obj
 .text.TIM_DMADelayPulseHalfCplt
                0x08004baa       0x68 cmake/stm32cubemx/CMakeFiles/STM32_Drivers.dir/__/__/Drivers/STM32H7xx_HAL_Driver/Src/stm32h7xx_hal_tim.c.obj
                0x08004baa                TIM_DMADelayPulseHalfCplt
 *fill*         0x08004c12        0x2 
 .text.TIM_Base_SetConfig
                0x08004c14      0x158 cmake/stm32cubemx/CMakeFiles/STM32_Drivers.dir/__/__/Drivers/STM32H7xx_HAL_Driver/Src/stm32h7xx_hal_tim.c.obj
                0x08004c14                TIM_Base_SetConfig
 .text.TIM_OC1_SetConfig
                0x08004d6c      0x120 cmake/stm32cubemx/CMakeFiles/STM32_Drivers.dir/__/__/Drivers/STM32H7xx_HAL_Driver/Src/stm32h7xx_hal_tim.c.obj
 .text.TIM_OC2_SetConfig
                0x08004e8c      0x114 cmake/stm32cubemx/CMakeFiles/STM32_Drivers.dir/__/__/Drivers/STM32H7xx_HAL_Driver/Src/stm32h7xx_hal_tim.c.obj
                0x08004e8c                TIM_OC2_SetConfig
 .text.TIM_OC3_SetConfig
                0x08004fa0      0x110 cmake/stm32cubemx/CMakeFiles/STM32_Drivers.dir/__/__/Drivers/STM32H7xx_HAL_Driver/Src/stm32h7xx_hal_tim.c.obj
 .text.TIM_OC4_SetConfig
                0x080050b0       0xd4 cmake/stm32cubemx/CMakeFiles/STM32_Drivers.dir/__/__/Drivers/STM32H7xx_HAL_Driver/Src/stm32h7xx_hal_tim.c.obj
 .text.TIM_OC5_SetConfig
                0x08005184       0xc8 cmake/stm32cubemx/CMakeFiles/STM32_Drivers.dir/__/__/Drivers/STM32H7xx_HAL_Driver/Src/stm32h7xx_hal_tim.c.obj
 .text.TIM_OC6_SetConfig
                0x0800524c       0xcc cmake/stm32cubemx/CMakeFiles/STM32_Drivers.dir/__/__/Drivers/STM32H7xx_HAL_Driver/Src/stm32h7xx_hal_tim.c.obj
 .text.TIM_CCxChannelCmd
                0x08005318       0x4a cmake/stm32cubemx/CMakeFiles/STM32_Drivers.dir/__/__/Drivers/STM32H7xx_HAL_Driver/Src/stm32h7xx_hal_tim.c.obj
                0x08005318                TIM_CCxChannelCmd
 *fill*         0x08005362        0x2 
 .text.HAL_TIMEx_MasterConfigSynchronization
                0x08005364      0x138 cmake/stm32cubemx/CMakeFiles/STM32_Drivers.dir/__/__/Drivers/STM32H7xx_HAL_Driver/Src/stm32h7xx_hal_tim_ex.c.obj
                0x08005364                HAL_TIMEx_MasterConfigSynchronization
 .text.HAL_TIM_PWM_PulseFinishedCallback
                0x0800549c       0x1c CMakeFiles/test_cmake_clt.dir/Core/Src/main.c.obj
                0x0800549c                HAL_TIM_PWM_PulseFinishedCallback
 .text.main     0x080054b8       0x88 CMakeFiles/test_cmake_clt.dir/Core/Src/main.c.obj
                0x080054b8                main
 .text.SystemClock_Config
                0x08005540       0xdc CMakeFiles/test_cmake_clt.dir/Core/Src/main.c.obj
                0x08005540                SystemClock_Config
 .text.MPU_Config
                0x0800561c       0x58 CMakeFiles/test_cmake_clt.dir/Core/Src/main.c.obj
 .text.Error_Handler
                0x08005674        0xc CMakeFiles/test_cmake_clt.dir/Core/Src/main.c.obj
                0x08005674                Error_Handler
 .text.MX_GPIO_Init
                0x08005680       0xac CMakeFiles/test_cmake_clt.dir/Core/Src/gpio.c.obj
                0x08005680                MX_GPIO_Init
 .text.MX_DMA_Init
                0x0800572c       0x40 CMakeFiles/test_cmake_clt.dir/Core/Src/dma.c.obj
                0x0800572c                MX_DMA_Init
 .text.MX_TIM3_Init
                0x0800576c       0xb4 CMakeFiles/test_cmake_clt.dir/Core/Src/tim.c.obj
                0x0800576c                MX_TIM3_Init
 .text.HAL_TIM_PWM_MspInit
                0x08005820       0xa8 CMakeFiles/test_cmake_clt.dir/Core/Src/tim.c.obj
                0x08005820                HAL_TIM_PWM_MspInit
 .text.HAL_TIM_MspPostInit
                0x080058c8       0x74 CMakeFiles/test_cmake_clt.dir/Core/Src/tim.c.obj
                0x080058c8                HAL_TIM_MspPostInit
 .text.NMI_Handler
                0x0800593c        0x8 CMakeFiles/test_cmake_clt.dir/Core/Src/stm32h7xx_it.c.obj
                0x0800593c                NMI_Handler
 .text.HardFault_Handler
                0x08005944        0x8 CMakeFiles/test_cmake_clt.dir/Core/Src/stm32h7xx_it.c.obj
                0x08005944                HardFault_Handler
 .text.MemManage_Handler
                0x0800594c        0x8 CMakeFiles/test_cmake_clt.dir/Core/Src/stm32h7xx_it.c.obj
                0x0800594c                MemManage_Handler
 .text.BusFault_Handler
                0x08005954        0x8 CMakeFiles/test_cmake_clt.dir/Core/Src/stm32h7xx_it.c.obj
                0x08005954                BusFault_Handler
 .text.UsageFault_Handler
                0x0800595c        0x8 CMakeFiles/test_cmake_clt.dir/Core/Src/stm32h7xx_it.c.obj
                0x0800595c                UsageFault_Handler
 .text.SVC_Handler
                0x08005964        0xe CMakeFiles/test_cmake_clt.dir/Core/Src/stm32h7xx_it.c.obj
                0x08005964                SVC_Handler
 .text.DebugMon_Handler
                0x08005972        0xe CMakeFiles/test_cmake_clt.dir/Core/Src/stm32h7xx_it.c.obj
                0x08005972                DebugMon_Handler
 .text.PendSV_Handler
                0x08005980        0xe CMakeFiles/test_cmake_clt.dir/Core/Src/stm32h7xx_it.c.obj
                0x08005980                PendSV_Handler
 .text.SysTick_Handler
                0x0800598e        0xc CMakeFiles/test_cmake_clt.dir/Core/Src/stm32h7xx_it.c.obj
                0x0800598e                SysTick_Handler
 *fill*         0x0800599a        0x2 
 .text.DMA1_Stream3_IRQHandler
                0x0800599c       0x14 CMakeFiles/test_cmake_clt.dir/Core/Src/stm32h7xx_it.c.obj
                0x0800599c                DMA1_Stream3_IRQHandler
 .text.HAL_MspInit
                0x080059b0       0x34 CMakeFiles/test_cmake_clt.dir/Core/Src/stm32h7xx_hal_msp.c.obj
                0x080059b0                HAL_MspInit
 .text.Reset_Handler
                0x080059e4       0x54 CMakeFiles/test_cmake_clt.dir/startup_stm32h723xx.s.obj
                0x080059e4                Reset_Handler
 .text.Default_Handler
                0x08005a38        0x2 CMakeFiles/test_cmake_clt.dir/startup_stm32h723xx.s.obj
                0x08005a38                RTC_Alarm_IRQHandler
                0x08005a38                EXTI2_IRQHandler
                0x08005a38                TIM8_CC_IRQHandler
                0x08005a38                UART8_IRQHandler
                0x08005a38                SPI4_IRQHandler
                0x08005a38                FDCAN3_IT0_IRQHandler
                0x08005a38                TIM1_CC_IRQHandler
                0x08005a38                BDMA_Channel6_IRQHandler
                0x08005a38                DMA2_Stream5_IRQHandler
                0x08005a38                DMA1_Stream5_IRQHandler
                0x08005a38                CORDIC_IRQHandler
                0x08005a38                BDMA_Channel1_IRQHandler
                0x08005a38                TAMP_STAMP_IRQHandler
                0x08005a38                EXTI3_IRQHandler
                0x08005a38                LPTIM4_IRQHandler
                0x08005a38                TIM8_TRG_COM_TIM14_IRQHandler
                0x08005a38                LPTIM2_IRQHandler
                0x08005a38                DFSDM1_FLT1_IRQHandler
                0x08005a38                DMAMUX2_OVR_IRQHandler
                0x08005a38                TIM8_UP_TIM13_IRQHandler
                0x08005a38                I2C3_ER_IRQHandler
                0x08005a38                DFSDM1_FLT2_IRQHandler
                0x08005a38                I2C5_EV_IRQHandler
                0x08005a38                USART10_IRQHandler
                0x08005a38                MDMA_IRQHandler
                0x08005a38                LPTIM3_IRQHandler
                0x08005a38                HSEM1_IRQHandler
                0x08005a38                EXTI0_IRQHandler
                0x08005a38                I2C2_EV_IRQHandler
                0x08005a38                DMA1_Stream2_IRQHandler
                0x08005a38                FPU_IRQHandler
                0x08005a38                OTG_HS_WKUP_IRQHandler
                0x08005a38                FDCAN1_IT1_IRQHandler
                0x08005a38                LTDC_ER_IRQHandler
                0x08005a38                DMA2_Stream2_IRQHandler
                0x08005a38                SPI1_IRQHandler
                0x08005a38                OCTOSPI1_IRQHandler
                0x08005a38                TIM6_DAC_IRQHandler
                0x08005a38                DMA2_Stream3_IRQHandler
                0x08005a38                OCTOSPI2_IRQHandler
                0x08005a38                DFSDM1_FLT3_IRQHandler
                0x08005a38                TIM23_IRQHandler
                0x08005a38                USART6_IRQHandler
                0x08005a38                TIM17_IRQHandler
                0x08005a38                USART3_IRQHandler
                0x08005a38                BDMA_Channel7_IRQHandler
                0x08005a38                LPTIM5_IRQHandler
                0x08005a38                UART5_IRQHandler
                0x08005a38                ADC3_IRQHandler
                0x08005a38                DMA2_Stream0_IRQHandler
                0x08005a38                TIM4_IRQHandler
                0x08005a38                BDMA_Channel2_IRQHandler
                0x08005a38                I2C1_EV_IRQHandler
                0x08005a38                DMA1_Stream6_IRQHandler
                0x08005a38                DMAMUX1_OVR_IRQHandler
                0x08005a38                DMA1_Stream1_IRQHandler
                0x08005a38                TIM16_IRQHandler
                0x08005a38                UART4_IRQHandler
                0x08005a38                BDMA_Channel5_IRQHandler
                0x08005a38                TIM3_IRQHandler
                0x08005a38                RCC_IRQHandler
                0x08005a38                UART9_IRQHandler
                0x08005a38                TIM8_BRK_TIM12_IRQHandler
                0x08005a38                TIM1_TRG_COM_IRQHandler
                0x08005a38                Default_Handler
                0x08005a38                ECC_IRQHandler
                0x08005a38                FMAC_IRQHandler
                0x08005a38                CEC_IRQHandler
                0x08005a38                EXTI15_10_IRQHandler
                0x08005a38                BDMA_Channel0_IRQHandler
                0x08005a38                ADC_IRQHandler
                0x08005a38                I2C5_ER_IRQHandler
                0x08005a38                DMA1_Stream7_IRQHandler
                0x08005a38                SPI5_IRQHandler
                0x08005a38                TIM7_IRQHandler
                0x08005a38                FDCAN3_IT1_IRQHandler
                0x08005a38                SDMMC1_IRQHandler
                0x08005a38                TIM5_IRQHandler
                0x08005a38                DMA2_Stream7_IRQHandler
                0x08005a38                TIM15_IRQHandler
                0x08005a38                PVD_AVD_IRQHandler
                0x08005a38                I2C3_EV_IRQHandler
                0x08005a38                EXTI9_5_IRQHandler
                0x08005a38                RTC_WKUP_IRQHandler
                0x08005a38                LTDC_IRQHandler
                0x08005a38                ETH_WKUP_IRQHandler
                0x08005a38                SPDIF_RX_IRQHandler
                0x08005a38                SPI2_IRQHandler
                0x08005a38                OTG_HS_EP1_IN_IRQHandler
                0x08005a38                DMA1_Stream0_IRQHandler
                0x08005a38                TIM24_IRQHandler
                0x08005a38                CRS_IRQHandler
                0x08005a38                EXTI4_IRQHandler
                0x08005a38                RNG_IRQHandler
                0x08005a38                FDCAN2_IT1_IRQHandler
                0x08005a38                ETH_IRQHandler
                0x08005a38                TIM1_UP_IRQHandler
                0x08005a38                BDMA_Channel4_IRQHandler
                0x08005a38                OTG_HS_EP1_OUT_IRQHandler
                0x08005a38                WWDG_IRQHandler
                0x08005a38                SPI6_IRQHandler
                0x08005a38                MDIOS_IRQHandler
                0x08005a38                I2C4_EV_IRQHandler
                0x08005a38                FDCAN2_IT0_IRQHandler
                0x08005a38                LPUART1_IRQHandler
                0x08005a38                FDCAN1_IT0_IRQHandler
                0x08005a38                TIM2_IRQHandler
                0x08005a38                OTG_HS_IRQHandler
                0x08005a38                DMA2D_IRQHandler
                0x08005a38                TIM1_BRK_IRQHandler
                0x08005a38                EXTI1_IRQHandler
                0x08005a38                SDMMC2_IRQHandler
                0x08005a38                BDMA_Channel3_IRQHandler
                0x08005a38                DTS_IRQHandler
                0x08005a38                UART7_IRQHandler
                0x08005a38                MDIOS_WKUP_IRQHandler
                0x08005a38                USART2_IRQHandler
                0x08005a38                DFSDM1_FLT0_IRQHandler
                0x08005a38                SAI4_IRQHandler
                0x08005a38                I2C2_ER_IRQHandler
                0x08005a38                DMA2_Stream1_IRQHandler
                0x08005a38                FLASH_IRQHandler
                0x08005a38                DMA2_Stream4_IRQHandler
                0x08005a38                USART1_IRQHandler
                0x08005a38                SPI3_IRQHandler
                0x08005a38                WAKEUP_PIN_IRQHandler
                0x08005a38                DMA1_Stream4_IRQHandler
                0x08005a38                I2C1_ER_IRQHandler
                0x08005a38                FMC_IRQHandler
                0x08005a38                FDCAN_CAL_IRQHandler
                0x08005a38                SWPMI1_IRQHandler
                0x08005a38                COMP1_IRQHandler
                0x08005a38                LPTIM1_IRQHandler
                0x08005a38                DCMI_PSSI_IRQHandler
                0x08005a38                I2C4_ER_IRQHandler
                0x08005a38                DMA2_Stream6_IRQHandler
                0x08005a38                SAI1_IRQHandler
 .text.memset   0x08005a3a       0x10 C:/Users/auspicious/AppData/Local/stm32cube/bundles/gnu-tools-for-stm32/14.3.1+st.2/bin/../lib/gcc/arm-none-eabi/14.3.1/../../../../arm-none-eabi/lib/thumb/v7e-m+dp/hard\libg_nano.a(libc_a-memset.o)
                0x08005a3a                memset
 *fill*         0x08005a4a        0x2 
 .text.__libc_init_array
                0x08005a4c       0x48 C:/Users/auspicious/AppData/Local/stm32cube/bundles/gnu-tools-for-stm32/14.3.1+st.2/bin/../lib/gcc/arm-none-eabi/14.3.1/../../../../arm-none-eabi/lib/thumb/v7e-m+dp/hard\libg_nano.a(libc_a-init.o)
                0x08005a4c                __libc_init_array
 *(.glue_7)
 .glue_7        0x08005a94        0x0 linker stubs
 *(.glue_7t)
 .glue_7t       0x08005a94        0x0 linker stubs
 *(.eh_frame)
 .eh_frame      0x08005a94        0x0 C:/Users/auspicious/AppData/Local/stm32cube/bundles/gnu-tools-for-stm32/14.3.1+st.2/bin/../lib/gcc/arm-none-eabi/14.3.1/thumb/v7e-m+dp/hard/crtbegin.o
 *(.init)
 .init          0x08005a94        0x4 C:/Users/auspicious/AppData/Local/stm32cube/bundles/gnu-tools-for-stm32/14.3.1+st.2/bin/../lib/gcc/arm-none-eabi/14.3.1/thumb/v7e-m+dp/hard/crti.o
                0x08005a94                _init
 .init          0x08005a98        0x8 C:/Users/auspicious/AppData/Local/stm32cube/bundles/gnu-tools-for-stm32/14.3.1+st.2/bin/../lib/gcc/arm-none-eabi/14.3.1/thumb/v7e-m+dp/hard/crtn.o
 *(.fini)
 .fini          0x08005aa0        0x4 C:/Users/auspicious/AppData/Local/stm32cube/bundles/gnu-tools-for-stm32/14.3.1+st.2/bin/../lib/gcc/arm-none-eabi/14.3.1/thumb/v7e-m+dp/hard/crti.o
                0x08005aa0                _fini
 .fini          0x08005aa4        0x8 C:/Users/auspicious/AppData/Local/stm32cube/bundles/gnu-tools-for-stm32/14.3.1+st.2/bin/../lib/gcc/arm-none-eabi/14.3.1/thumb/v7e-m+dp/hard/crtn.o
                0x08005aac                        . = ALIGN (0x4)
                0x08005aac                        _etext = .

.vfp11_veneer   0x08005aac        0x0
 .vfp11_veneer  0x08005aac        0x0 linker stubs

.v4_bx          0x08005aac        0x0
 .v4_bx         0x08005aac        0x0 linker stubs

.iplt           0x08005aac        0x0
 .iplt          0x08005aac        0x0 C:/Users/auspicious/AppData/Local/stm32cube/bundles/gnu-tools-for-stm32/14.3.1+st.2/bin/../lib/gcc/arm-none-eabi/14.3.1/thumb/v7e-m+dp/hard/crtbegin.o

.rodata         0x08005aac       0x18
                0x08005aac                        . = ALIGN (0x4)
 *(.rodata)
 *(.rodata*)
 .rodata.D1CorePrescTable
                0x08005aac       0x10 cmake/stm32cubemx/CMakeFiles/STM32_Drivers.dir/__/__/Core/Src/system_stm32h7xx.c.obj
                0x08005aac                D1CorePrescTable
 .rodata.flagBitshiftOffset.0
                0x08005abc        0x8 cmake/stm32cubemx/CMakeFiles/STM32_Drivers.dir/__/__/Drivers/STM32H7xx_HAL_Driver/Src/stm32h7xx_hal_dma.c.obj
                0x08005ac4                        . = ALIGN (0x4)

.ARM.extab      0x08005ac4        0x0
                0x08005ac4                        . = ALIGN (0x4)
 *(.ARM.extab* .gnu.linkonce.armextab.*)
                0x08005ac4                        . = ALIGN (0x4)

.ARM            0x08005ac4        0x0
                0x08005ac4                        . = ALIGN (0x4)
                0x08005ac4                        __exidx_start = .
 *(.ARM.exidx*)
                0x08005ac4                        __exidx_end = .
                0x08005ac4                        . = ALIGN (0x4)

.preinit_array  0x08005ac4        0x0
                0x08005ac4                        . = ALIGN (0x4)
                0x08005ac4                        PROVIDE (__preinit_array_start = .)
 *(.preinit_array*)
                0x08005ac4                        PROVIDE (__preinit_array_end = .)
                0x08005ac4                        . = ALIGN (0x4)

.init_array     0x08005ac4        0x4
                0x08005ac4                        . = ALIGN (0x4)
                0x08005ac4                        PROVIDE (__init_array_start = .)
 *(SORT_BY_NAME(.init_array.*))
 *(.init_array*)
 .init_array    0x08005ac4        0x4 C:/Users/auspicious/AppData/Local/stm32cube/bundles/gnu-tools-for-stm32/14.3.1+st.2/bin/../lib/gcc/arm-none-eabi/14.3.1/thumb/v7e-m+dp/hard/crtbegin.o
                0x08005ac8                        PROVIDE (__init_array_end = .)
                0x08005ac8                        . = ALIGN (0x4)

.fini_array     0x08005ac8        0x4
                0x08005ac8                        . = ALIGN (0x4)
                [!provide]                        PROVIDE (__fini_array_start = .)
 *(SORT_BY_NAME(.fini_array.*))
 *(.fini_array*)
 .fini_array    0x08005ac8        0x4 C:/Users/auspicious/AppData/Local/stm32cube/bundles/gnu-tools-for-stm32/14.3.1+st.2/bin/../lib/gcc/arm-none-eabi/14.3.1/thumb/v7e-m+dp/hard/crtbegin.o
                [!provide]                        PROVIDE (__fini_array_end = .)
                0x08005acc                        . = ALIGN (0x4)
                0x08005acc                        _sidata = LOADADDR (.data)

.rel.dyn        0x08005acc        0x0
 .rel.iplt      0x08005acc        0x0 C:/Users/auspicious/AppData/Local/stm32cube/bundles/gnu-tools-for-stm32/14.3.1+st.2/bin/../lib/gcc/arm-none-eabi/14.3.1/thumb/v7e-m+dp/hard/crtbegin.o

.data           0x20000000      0x1b0 load address 0x08005acc
                0x20000000                        . = ALIGN (0x4)
                0x20000000                        _sdata = .
 *(.data)
 *(.data*)
 .data.SystemCoreClock
                0x20000000        0x4 cmake/stm32cubemx/CMakeFiles/STM32_Drivers.dir/__/__/Core/Src/system_stm32h7xx.c.obj
                0x20000000                SystemCoreClock
 .data.SystemD2Clock
                0x20000004        0x4 cmake/stm32cubemx/CMakeFiles/STM32_Drivers.dir/__/__/Core/Src/system_stm32h7xx.c.obj
                0x20000004                SystemD2Clock
 .data.uwTickPrio
                0x20000008        0x4 cmake/stm32cubemx/CMakeFiles/STM32_Drivers.dir/__/__/Drivers/STM32H7xx_HAL_Driver/Src/stm32h7xx_hal.c.obj
                0x20000008                uwTickPrio
 .data.uwTickFreq
                0x2000000c        0x1 cmake/stm32cubemx/CMakeFiles/STM32_Drivers.dir/__/__/Drivers/STM32H7xx_HAL_Driver/Src/stm32h7xx_hal.c.obj
                0x2000000c                uwTickFreq
 *fill*         0x2000000d        0x3 
 .data.LEDGREEN
                0x20000010       0xd0 CMakeFiles/test_cmake_clt.dir/Core/Src/main.c.obj
                0x20000010                LEDGREEN
 .data.LEDTurnOff
                0x200000e0       0xd0 CMakeFiles/test_cmake_clt.dir/Core/Src/main.c.obj
                0x200000e0                LEDTurnOff
 *(.RamFunc)
 *(.RamFunc*)
                0x200001b0                        . = ALIGN (0x4)

.igot.plt       0x200001b0        0x0 load address 0x08005c7c
 .igot.plt      0x200001b0        0x0 C:/Users/auspicious/AppData/Local/stm32cube/bundles/gnu-tools-for-stm32/14.3.1+st.2/bin/../lib/gcc/arm-none-eabi/14.3.1/thumb/v7e-m+dp/hard/crtbegin.o

.tdata          0x200001b0        0x0 load address 0x08005c7c
 *(.tdata .tdata.* .gnu.linkonce.td.*)
                0x200001b0                        . = ALIGN (0x4)
                0x200001b0                        _edata = .
                [!provide]                        PROVIDE (__data_end = .)
                [!provide]                        PROVIDE (__tdata_end = .)
                [!provide]                        PROVIDE (__tdata_start = ADDR (.tdata))
                [!provide]                        PROVIDE (__tdata_size = (__tdata_end - __tdata_start))
                [!provide]                        PROVIDE (__data_start = ADDR (.data))
                [!provide]                        PROVIDE (__data_size = (__data_end - __data_start))
                [!provide]                        PROVIDE (__tdata_source = LOADADDR (.tdata))
                [!provide]                        PROVIDE (__tdata_source_end = (LOADADDR (.tdata) + SIZEOF (.tdata)))
                [!provide]                        PROVIDE (__tdata_source_size = (__tdata_source_end - __tdata_source))
                [!provide]                        PROVIDE (__data_source = LOADADDR (.data))
                [!provide]                        PROVIDE (__data_source_end = __tdata_source_end)
                [!provide]                        PROVIDE (__data_source_size = (__data_source_end - __data_source))

.tbss           0x200001b0        0x0 load address 0x08005c7c
                0x200001b0                        _sbss = .
                0x200001b0                        __bss_start__ = _sbss
 *(.tbss .tbss.*)
                0x200001b0                        . = ALIGN (0x4)
                [!provide]                        PROVIDE (__tbss_end = .)
                [!provide]                        PROVIDE (__tbss_start = ADDR (.tbss))
                [!provide]                        PROVIDE (__tbss_size = (__tbss_end - __tbss_start))
                [!provide]                        PROVIDE (__tbss_offset = (ADDR (.tbss) - ADDR (.tdata)))
                [!provide]                        PROVIDE (__tls_base = __tdata_start)
                [!provide]                        PROVIDE (__tls_end = __tbss_end)
                [!provide]                        PROVIDE (__tls_size = (__tls_end - __tls_base))
                [!provide]                        PROVIDE (__tls_align = MAX (ALIGNOF (.tdata), ALIGNOF (.tbss)))
                [!provide]                        PROVIDE (__tls_size_align = (((__tls_size + __tls_align) - 0x1) & ~ ((__tls_align - 0x1))))
                [!provide]                        PROVIDE (__arm32_tls_tcb_offset = MAX (0x8, __tls_align))
                [!provide]                        PROVIDE (__arm64_tls_tcb_offset = MAX (0x10, __tls_align))

.bss            0x200001b0       0xe8 load address 0x08005c7c
 *(.bss)
 .bss           0x200001b0       0x1c C:/Users/auspicious/AppData/Local/stm32cube/bundles/gnu-tools-for-stm32/14.3.1+st.2/bin/../lib/gcc/arm-none-eabi/14.3.1/thumb/v7e-m+dp/hard/crtbegin.o
 *(.bss*)
 .bss.uwTick    0x200001cc        0x4 cmake/stm32cubemx/CMakeFiles/STM32_Drivers.dir/__/__/Drivers/STM32H7xx_HAL_Driver/Src/stm32h7xx_hal.c.obj
                0x200001cc                uwTick
 .bss.i         0x200001d0        0x4 CMakeFiles/test_cmake_clt.dir/Core/Src/main.c.obj
                0x200001d0                i
 .bss.htim3     0x200001d4       0x4c CMakeFiles/test_cmake_clt.dir/Core/Src/tim.c.obj
                0x200001d4                htim3
 .bss.hdma_tim3_ch2
                0x20000220       0x78 CMakeFiles/test_cmake_clt.dir/Core/Src/tim.c.obj
                0x20000220                hdma_tim3_ch2
 *(COMMON)
                0x20000298                        . = ALIGN (0x4)
                0x20000298                        _ebss = .
                0x20000298                        __bss_end__ = _ebss
                [!provide]                        PROVIDE (__bss_end = .)
                [!provide]                        PROVIDE (__non_tls_bss_start = ADDR (.bss))
                [!provide]                        PROVIDE (__bss_start = __tbss_start)
                [!provide]                        PROVIDE (__bss_size = (__bss_end - __bss_start))

._user_heap_stack
                0x20000298      0x600 load address 0x08005c7c
                0x20000298                        . = ALIGN (0x8)
                [!provide]                        PROVIDE (end = .)
                0x20000298                        PROVIDE (_end = .)
                0x20000498                        . = (. + _Min_Heap_Size)
 *fill*         0x20000298      0x200 
                0x20000898                        . = (. + _Min_Stack_Size)
 *fill*         0x20000498      0x400 
                0x20000898                        . = ALIGN (0x8)

/DISCARD/
 libc.a:*(*)
 libm.a:*(*)
 libgcc.a:*(*)
OUTPUT(test_cmake_clt.elf elf32-littlearm)
LOAD linker stubs

.ARM.attributes
                0x00000000       0x2e
 .ARM.attributes
                0x00000000       0x20 C:/Users/auspicious/AppData/Local/stm32cube/bundles/gnu-tools-for-stm32/14.3.1+st.2/bin/../lib/gcc/arm-none-eabi/14.3.1/thumb/v7e-m+dp/hard/crti.o
 .ARM.attributes
                0x00000020       0x32 C:/Users/auspicious/AppData/Local/stm32cube/bundles/gnu-tools-for-stm32/14.3.1+st.2/bin/../lib/gcc/arm-none-eabi/14.3.1/thumb/v7e-m+dp/hard/crtbegin.o
 .ARM.attributes
                0x00000052       0x32 cmake/stm32cubemx/CMakeFiles/STM32_Drivers.dir/__/__/Core/Src/system_stm32h7xx.c.obj
 .ARM.attributes
                0x00000084       0x32 cmake/stm32cubemx/CMakeFiles/STM32_Drivers.dir/__/__/Drivers/STM32H7xx_HAL_Driver/Src/stm32h7xx_hal_cortex.c.obj
 .ARM.attributes
                0x000000b6       0x32 cmake/stm32cubemx/CMakeFiles/STM32_Drivers.dir/__/__/Drivers/STM32H7xx_HAL_Driver/Src/stm32h7xx_hal_rcc.c.obj
 .ARM.attributes
                0x000000e8       0x32 cmake/stm32cubemx/CMakeFiles/STM32_Drivers.dir/__/__/Drivers/STM32H7xx_HAL_Driver/Src/stm32h7xx_hal_gpio.c.obj
 .ARM.attributes
                0x0000011a       0x32 cmake/stm32cubemx/CMakeFiles/STM32_Drivers.dir/__/__/Drivers/STM32H7xx_HAL_Driver/Src/stm32h7xx_hal_dma.c.obj
 .ARM.attributes
                0x0000014c       0x32 cmake/stm32cubemx/CMakeFiles/STM32_Drivers.dir/__/__/Drivers/STM32H7xx_HAL_Driver/Src/stm32h7xx_hal_pwr_ex.c.obj
 .ARM.attributes
                0x0000017e       0x32 cmake/stm32cubemx/CMakeFiles/STM32_Drivers.dir/__/__/Drivers/STM32H7xx_HAL_Driver/Src/stm32h7xx_hal.c.obj
 .ARM.attributes
                0x000001b0       0x32 cmake/stm32cubemx/CMakeFiles/STM32_Drivers.dir/__/__/Drivers/STM32H7xx_HAL_Driver/Src/stm32h7xx_hal_tim.c.obj
 .ARM.attributes
                0x000001e2       0x32 cmake/stm32cubemx/CMakeFiles/STM32_Drivers.dir/__/__/Drivers/STM32H7xx_HAL_Driver/Src/stm32h7xx_hal_tim_ex.c.obj
 .ARM.attributes
                0x00000214       0x32 CMakeFiles/test_cmake_clt.dir/Core/Src/main.c.obj
 .ARM.attributes
                0x00000246       0x32 CMakeFiles/test_cmake_clt.dir/Core/Src/gpio.c.obj
 .ARM.attributes
                0x00000278       0x32 CMakeFiles/test_cmake_clt.dir/Core/Src/dma.c.obj
 .ARM.attributes
                0x000002aa       0x32 CMakeFiles/test_cmake_clt.dir/Core/Src/tim.c.obj
 .ARM.attributes
                0x000002dc       0x32 CMakeFiles/test_cmake_clt.dir/Core/Src/stm32h7xx_it.c.obj
 .ARM.attributes
                0x0000030e       0x32 CMakeFiles/test_cmake_clt.dir/Core/Src/stm32h7xx_hal_msp.c.obj
 .ARM.attributes
                0x00000340       0x21 CMakeFiles/test_cmake_clt.dir/startup_stm32h723xx.s.obj
 .ARM.attributes
                0x00000361       0x32 C:/Users/auspicious/AppData/Local/stm32cube/bundles/gnu-tools-for-stm32/14.3.1+st.2/bin/../lib/gcc/arm-none-eabi/14.3.1/../../../../arm-none-eabi/lib/thumb/v7e-m+dp/hard\libg_nano.a(libc_a-memset.o)
 .ARM.attributes
                0x00000393       0x32 C:/Users/auspicious/AppData/Local/stm32cube/bundles/gnu-tools-for-stm32/14.3.1+st.2/bin/../lib/gcc/arm-none-eabi/14.3.1/../../../../arm-none-eabi/lib/thumb/v7e-m+dp/hard\libg_nano.a(libc_a-init.o)
 .ARM.attributes
                0x000003c5       0x20 C:/Users/auspicious/AppData/Local/stm32cube/bundles/gnu-tools-for-stm32/14.3.1+st.2/bin/../lib/gcc/arm-none-eabi/14.3.1/thumb/v7e-m+dp/hard/crtn.o

.comment        0x00000000       0x43
 .comment       0x00000000       0x43 cmake/stm32cubemx/CMakeFiles/STM32_Drivers.dir/__/__/Core/Src/system_stm32h7xx.c.obj
                                 0x44 (size before relaxing)
 .comment       0x00000043       0x44 cmake/stm32cubemx/CMakeFiles/STM32_Drivers.dir/__/__/Drivers/STM32H7xx_HAL_Driver/Src/stm32h7xx_hal_cortex.c.obj
 .comment       0x00000043       0x44 cmake/stm32cubemx/CMakeFiles/STM32_Drivers.dir/__/__/Drivers/STM32H7xx_HAL_Driver/Src/stm32h7xx_hal_rcc.c.obj
 .comment       0x00000043       0x44 cmake/stm32cubemx/CMakeFiles/STM32_Drivers.dir/__/__/Drivers/STM32H7xx_HAL_Driver/Src/stm32h7xx_hal_gpio.c.obj
 .comment       0x00000043       0x44 cmake/stm32cubemx/CMakeFiles/STM32_Drivers.dir/__/__/Drivers/STM32H7xx_HAL_Driver/Src/stm32h7xx_hal_dma.c.obj
 .comment       0x00000043       0x44 cmake/stm32cubemx/CMakeFiles/STM32_Drivers.dir/__/__/Drivers/STM32H7xx_HAL_Driver/Src/stm32h7xx_hal_pwr_ex.c.obj
 .comment       0x00000043       0x44 cmake/stm32cubemx/CMakeFiles/STM32_Drivers.dir/__/__/Drivers/STM32H7xx_HAL_Driver/Src/stm32h7xx_hal.c.obj
 .comment       0x00000043       0x44 cmake/stm32cubemx/CMakeFiles/STM32_Drivers.dir/__/__/Drivers/STM32H7xx_HAL_Driver/Src/stm32h7xx_hal_tim.c.obj
 .comment       0x00000043       0x44 cmake/stm32cubemx/CMakeFiles/STM32_Drivers.dir/__/__/Drivers/STM32H7xx_HAL_Driver/Src/stm32h7xx_hal_tim_ex.c.obj
 .comment       0x00000043       0x44 CMakeFiles/test_cmake_clt.dir/Core/Src/main.c.obj
 .comment       0x00000043       0x44 CMakeFiles/test_cmake_clt.dir/Core/Src/gpio.c.obj
 .comment       0x00000043       0x44 CMakeFiles/test_cmake_clt.dir/Core/Src/dma.c.obj
 .comment       0x00000043       0x44 CMakeFiles/test_cmake_clt.dir/Core/Src/tim.c.obj
 .comment       0x00000043       0x44 CMakeFiles/test_cmake_clt.dir/Core/Src/stm32h7xx_it.c.obj
 .comment       0x00000043       0x44 CMakeFiles/test_cmake_clt.dir/Core/Src/stm32h7xx_hal_msp.c.obj
 .comment       0x00000043       0x44 C:/Users/auspicious/AppData/Local/stm32cube/bundles/gnu-tools-for-stm32/14.3.1+st.2/bin/../lib/gcc/arm-none-eabi/14.3.1/../../../../arm-none-eabi/lib/thumb/v7e-m+dp/hard\libg_nano.a(libc_a-memset.o)
 .comment       0x00000043       0x44 C:/Users/auspicious/AppData/Local/stm32cube/bundles/gnu-tools-for-stm32/14.3.1+st.2/bin/../lib/gcc/arm-none-eabi/14.3.1/../../../../arm-none-eabi/lib/thumb/v7e-m+dp/hard\libg_nano.a(libc_a-init.o)

.debug_info     0x00000000     0xe0e7
 .debug_info    0x00000000      0xbf0 cmake/stm32cubemx/CMakeFiles/STM32_Drivers.dir/__/__/Core/Src/system_stm32h7xx.c.obj
 .debug_info    0x00000bf0     0x10a5 cmake/stm32cubemx/CMakeFiles/STM32_Drivers.dir/__/__/Drivers/STM32H7xx_HAL_Driver/Src/stm32h7xx_hal_cortex.c.obj
 .debug_info    0x00001c95      0xd82 cmake/stm32cubemx/CMakeFiles/STM32_Drivers.dir/__/__/Drivers/STM32H7xx_HAL_Driver/Src/stm32h7xx_hal_rcc.c.obj
 .debug_info    0x00002a17      0xc6b cmake/stm32cubemx/CMakeFiles/STM32_Drivers.dir/__/__/Drivers/STM32H7xx_HAL_Driver/Src/stm32h7xx_hal_gpio.c.obj
 .debug_info    0x00003682      0xb71 cmake/stm32cubemx/CMakeFiles/STM32_Drivers.dir/__/__/Drivers/STM32H7xx_HAL_Driver/Src/stm32h7xx_hal_dma.c.obj
 .debug_info    0x000041f3      0xdce cmake/stm32cubemx/CMakeFiles/STM32_Drivers.dir/__/__/Drivers/STM32H7xx_HAL_Driver/Src/stm32h7xx_hal_pwr_ex.c.obj
 .debug_info    0x00004fc1     0x1698 cmake/stm32cubemx/CMakeFiles/STM32_Drivers.dir/__/__/Drivers/STM32H7xx_HAL_Driver/Src/stm32h7xx_hal.c.obj
 .debug_info    0x00006659     0x2bae cmake/stm32cubemx/CMakeFiles/STM32_Drivers.dir/__/__/Drivers/STM32H7xx_HAL_Driver/Src/stm32h7xx_hal_tim.c.obj
 .debug_info    0x00009207     0x18c1 cmake/stm32cubemx/CMakeFiles/STM32_Drivers.dir/__/__/Drivers/STM32H7xx_HAL_Driver/Src/stm32h7xx_hal_tim_ex.c.obj
 .debug_info    0x0000aac8      0xde0 CMakeFiles/test_cmake_clt.dir/Core/Src/main.c.obj
 .debug_info    0x0000b8a8      0x618 CMakeFiles/test_cmake_clt.dir/Core/Src/gpio.c.obj
 .debug_info    0x0000bec0      0x817 CMakeFiles/test_cmake_clt.dir/Core/Src/dma.c.obj
 .debug_info    0x0000c6d7      0xf48 CMakeFiles/test_cmake_clt.dir/Core/Src/tim.c.obj
 .debug_info    0x0000d61f      0x449 CMakeFiles/test_cmake_clt.dir/Core/Src/stm32h7xx_it.c.obj
 .debug_info    0x0000da68      0x464 CMakeFiles/test_cmake_clt.dir/Core/Src/stm32h7xx_hal_msp.c.obj
 .debug_info    0x0000decc       0x30 CMakeFiles/test_cmake_clt.dir/startup_stm32h723xx.s.obj
 .debug_info    0x0000defc       0xe0 C:/Users/auspicious/AppData/Local/stm32cube/bundles/gnu-tools-for-stm32/14.3.1+st.2/bin/../lib/gcc/arm-none-eabi/14.3.1/../../../../arm-none-eabi/lib/thumb/v7e-m+dp/hard\libg_nano.a(libc_a-memset.o)
 .debug_info    0x0000dfdc      0x10b C:/Users/auspicious/AppData/Local/stm32cube/bundles/gnu-tools-for-stm32/14.3.1+st.2/bin/../lib/gcc/arm-none-eabi/14.3.1/../../../../arm-none-eabi/lib/thumb/v7e-m+dp/hard\libg_nano.a(libc_a-init.o)

.debug_abbrev   0x00000000     0x2109
 .debug_abbrev  0x00000000      0x153 cmake/stm32cubemx/CMakeFiles/STM32_Drivers.dir/__/__/Core/Src/system_stm32h7xx.c.obj
 .debug_abbrev  0x00000153      0x339 cmake/stm32cubemx/CMakeFiles/STM32_Drivers.dir/__/__/Drivers/STM32H7xx_HAL_Driver/Src/stm32h7xx_hal_cortex.c.obj
 .debug_abbrev  0x0000048c      0x2b1 cmake/stm32cubemx/CMakeFiles/STM32_Drivers.dir/__/__/Drivers/STM32H7xx_HAL_Driver/Src/stm32h7xx_hal_rcc.c.obj
 .debug_abbrev  0x0000073d      0x205 cmake/stm32cubemx/CMakeFiles/STM32_Drivers.dir/__/__/Drivers/STM32H7xx_HAL_Driver/Src/stm32h7xx_hal_gpio.c.obj
 .debug_abbrev  0x00000942      0x248 cmake/stm32cubemx/CMakeFiles/STM32_Drivers.dir/__/__/Drivers/STM32H7xx_HAL_Driver/Src/stm32h7xx_hal_dma.c.obj
 .debug_abbrev  0x00000b8a      0x295 cmake/stm32cubemx/CMakeFiles/STM32_Drivers.dir/__/__/Drivers/STM32H7xx_HAL_Driver/Src/stm32h7xx_hal_pwr_ex.c.obj
 .debug_abbrev  0x00000e1f      0x29e cmake/stm32cubemx/CMakeFiles/STM32_Drivers.dir/__/__/Drivers/STM32H7xx_HAL_Driver/Src/stm32h7xx_hal.c.obj
 .debug_abbrev  0x000010bd      0x276 cmake/stm32cubemx/CMakeFiles/STM32_Drivers.dir/__/__/Drivers/STM32H7xx_HAL_Driver/Src/stm32h7xx_hal_tim.c.obj
 .debug_abbrev  0x00001333      0x296 cmake/stm32cubemx/CMakeFiles/STM32_Drivers.dir/__/__/Drivers/STM32H7xx_HAL_Driver/Src/stm32h7xx_hal_tim_ex.c.obj
 .debug_abbrev  0x000015c9      0x296 CMakeFiles/test_cmake_clt.dir/Core/Src/main.c.obj
 .debug_abbrev  0x0000185f      0x189 CMakeFiles/test_cmake_clt.dir/Core/Src/gpio.c.obj
 .debug_abbrev  0x000019e8      0x11e CMakeFiles/test_cmake_clt.dir/Core/Src/dma.c.obj
 .debug_abbrev  0x00001b06      0x230 CMakeFiles/test_cmake_clt.dir/Core/Src/tim.c.obj
 .debug_abbrev  0x00001d36      0x16d CMakeFiles/test_cmake_clt.dir/Core/Src/stm32h7xx_it.c.obj
 .debug_abbrev  0x00001ea3       0xdb CMakeFiles/test_cmake_clt.dir/Core/Src/stm32h7xx_hal_msp.c.obj
 .debug_abbrev  0x00001f7e       0x24 CMakeFiles/test_cmake_clt.dir/startup_stm32h723xx.s.obj
 .debug_abbrev  0x00001fa2       0x9e C:/Users/auspicious/AppData/Local/stm32cube/bundles/gnu-tools-for-stm32/14.3.1+st.2/bin/../lib/gcc/arm-none-eabi/14.3.1/../../../../arm-none-eabi/lib/thumb/v7e-m+dp/hard\libg_nano.a(libc_a-memset.o)
 .debug_abbrev  0x00002040       0xc9 C:/Users/auspicious/AppData/Local/stm32cube/bundles/gnu-tools-for-stm32/14.3.1+st.2/bin/../lib/gcc/arm-none-eabi/14.3.1/../../../../arm-none-eabi/lib/thumb/v7e-m+dp/hard\libg_nano.a(libc_a-init.o)

.debug_aranges  0x00000000      0xd10
 .debug_aranges
                0x00000000       0x30 cmake/stm32cubemx/CMakeFiles/STM32_Drivers.dir/__/__/Core/Src/system_stm32h7xx.c.obj
 .debug_aranges
                0x00000030      0x130 cmake/stm32cubemx/CMakeFiles/STM32_Drivers.dir/__/__/Drivers/STM32H7xx_HAL_Driver/Src/stm32h7xx_hal_cortex.c.obj
 .debug_aranges
                0x00000160       0x88 cmake/stm32cubemx/CMakeFiles/STM32_Drivers.dir/__/__/Drivers/STM32H7xx_HAL_Driver/Src/stm32h7xx_hal_rcc.c.obj
 .debug_aranges
                0x000001e8       0x58 cmake/stm32cubemx/CMakeFiles/STM32_Drivers.dir/__/__/Drivers/STM32H7xx_HAL_Driver/Src/stm32h7xx_hal_gpio.c.obj
 .debug_aranges
                0x00000240       0xa0 cmake/stm32cubemx/CMakeFiles/STM32_Drivers.dir/__/__/Drivers/STM32H7xx_HAL_Driver/Src/stm32h7xx_hal_dma.c.obj
 .debug_aranges
                0x000002e0      0x148 cmake/stm32cubemx/CMakeFiles/STM32_Drivers.dir/__/__/Drivers/STM32H7xx_HAL_Driver/Src/stm32h7xx_hal_pwr_ex.c.obj
 .debug_aranges
                0x00000428      0x1c8 cmake/stm32cubemx/CMakeFiles/STM32_Drivers.dir/__/__/Drivers/STM32H7xx_HAL_Driver/Src/stm32h7xx_hal.c.obj
 .debug_aranges
                0x000005f0      0x3e0 cmake/stm32cubemx/CMakeFiles/STM32_Drivers.dir/__/__/Drivers/STM32H7xx_HAL_Driver/Src/stm32h7xx_hal_tim.c.obj
 .debug_aranges
                0x000009d0      0x198 cmake/stm32cubemx/CMakeFiles/STM32_Drivers.dir/__/__/Drivers/STM32H7xx_HAL_Driver/Src/stm32h7xx_hal_tim_ex.c.obj
 .debug_aranges
                0x00000b68       0x40 CMakeFiles/test_cmake_clt.dir/Core/Src/main.c.obj
 .debug_aranges
                0x00000ba8       0x20 CMakeFiles/test_cmake_clt.dir/Core/Src/gpio.c.obj
 .debug_aranges
                0x00000bc8       0x20 CMakeFiles/test_cmake_clt.dir/Core/Src/dma.c.obj
 .debug_aranges
                0x00000be8       0x38 CMakeFiles/test_cmake_clt.dir/Core/Src/tim.c.obj
 .debug_aranges
                0x00000c20       0x68 CMakeFiles/test_cmake_clt.dir/Core/Src/stm32h7xx_it.c.obj
 .debug_aranges
                0x00000c88       0x20 CMakeFiles/test_cmake_clt.dir/Core/Src/stm32h7xx_hal_msp.c.obj
 .debug_aranges
                0x00000ca8       0x28 CMakeFiles/test_cmake_clt.dir/startup_stm32h723xx.s.obj
 .debug_aranges
                0x00000cd0       0x20 C:/Users/auspicious/AppData/Local/stm32cube/bundles/gnu-tools-for-stm32/14.3.1+st.2/bin/../lib/gcc/arm-none-eabi/14.3.1/../../../../arm-none-eabi/lib/thumb/v7e-m+dp/hard\libg_nano.a(libc_a-memset.o)
 .debug_aranges
                0x00000cf0       0x20 C:/Users/auspicious/AppData/Local/stm32cube/bundles/gnu-tools-for-stm32/14.3.1+st.2/bin/../lib/gcc/arm-none-eabi/14.3.1/../../../../arm-none-eabi/lib/thumb/v7e-m+dp/hard\libg_nano.a(libc_a-init.o)

.debug_rnglists
                0x00000000      0x9ff
 .debug_rnglists
                0x00000000       0x21 cmake/stm32cubemx/CMakeFiles/STM32_Drivers.dir/__/__/Core/Src/system_stm32h7xx.c.obj
 .debug_rnglists
                0x00000021       0xe0 cmake/stm32cubemx/CMakeFiles/STM32_Drivers.dir/__/__/Drivers/STM32H7xx_HAL_Driver/Src/stm32h7xx_hal_cortex.c.obj
 .debug_rnglists
                0x00000101       0x68 cmake/stm32cubemx/CMakeFiles/STM32_Drivers.dir/__/__/Drivers/STM32H7xx_HAL_Driver/Src/stm32h7xx_hal_rcc.c.obj
 .debug_rnglists
                0x00000169       0x3f cmake/stm32cubemx/CMakeFiles/STM32_Drivers.dir/__/__/Drivers/STM32H7xx_HAL_Driver/Src/stm32h7xx_hal_gpio.c.obj
 .debug_rnglists
                0x000001a8       0x82 cmake/stm32cubemx/CMakeFiles/STM32_Drivers.dir/__/__/Drivers/STM32H7xx_HAL_Driver/Src/stm32h7xx_hal_dma.c.obj
 .debug_rnglists
                0x0000022a       0xf5 cmake/stm32cubemx/CMakeFiles/STM32_Drivers.dir/__/__/Drivers/STM32H7xx_HAL_Driver/Src/stm32h7xx_hal_pwr_ex.c.obj
 .debug_rnglists
                0x0000031f      0x155 cmake/stm32cubemx/CMakeFiles/STM32_Drivers.dir/__/__/Drivers/STM32H7xx_HAL_Driver/Src/stm32h7xx_hal.c.obj
 .debug_rnglists
                0x00000474      0x328 cmake/stm32cubemx/CMakeFiles/STM32_Drivers.dir/__/__/Drivers/STM32H7xx_HAL_Driver/Src/stm32h7xx_hal_tim.c.obj
 .debug_rnglists
                0x0000079c      0x14d cmake/stm32cubemx/CMakeFiles/STM32_Drivers.dir/__/__/Drivers/STM32H7xx_HAL_Driver/Src/stm32h7xx_hal_tim_ex.c.obj
 .debug_rnglists
                0x000008e9       0x2d CMakeFiles/test_cmake_clt.dir/Core/Src/main.c.obj
 .debug_rnglists
                0x00000916       0x14 CMakeFiles/test_cmake_clt.dir/Core/Src/gpio.c.obj
 .debug_rnglists
                0x0000092a       0x13 CMakeFiles/test_cmake_clt.dir/Core/Src/dma.c.obj
 .debug_rnglists
                0x0000093d       0x27 CMakeFiles/test_cmake_clt.dir/Core/Src/tim.c.obj
 .debug_rnglists
                0x00000964       0x49 CMakeFiles/test_cmake_clt.dir/Core/Src/stm32h7xx_it.c.obj
 .debug_rnglists
                0x000009ad       0x13 CMakeFiles/test_cmake_clt.dir/Core/Src/stm32h7xx_hal_msp.c.obj
 .debug_rnglists
                0x000009c0       0x19 CMakeFiles/test_cmake_clt.dir/startup_stm32h723xx.s.obj
 .debug_rnglists
                0x000009d9       0x13 C:/Users/auspicious/AppData/Local/stm32cube/bundles/gnu-tools-for-stm32/14.3.1+st.2/bin/../lib/gcc/arm-none-eabi/14.3.1/../../../../arm-none-eabi/lib/thumb/v7e-m+dp/hard\libg_nano.a(libc_a-memset.o)
 .debug_rnglists
                0x000009ec       0x13 C:/Users/auspicious/AppData/Local/stm32cube/bundles/gnu-tools-for-stm32/14.3.1+st.2/bin/../lib/gcc/arm-none-eabi/14.3.1/../../../../arm-none-eabi/lib/thumb/v7e-m+dp/hard\libg_nano.a(libc_a-init.o)

.debug_macro    0x00000000    0x321d2
 .debug_macro   0x00000000      0x285 cmake/stm32cubemx/CMakeFiles/STM32_Drivers.dir/__/__/Core/Src/system_stm32h7xx.c.obj
 .debug_macro   0x00000285      0xaf6 cmake/stm32cubemx/CMakeFiles/STM32_Drivers.dir/__/__/Core/Src/system_stm32h7xx.c.obj
 .debug_macro   0x00000d7b       0x2e cmake/stm32cubemx/CMakeFiles/STM32_Drivers.dir/__/__/Core/Src/system_stm32h7xx.c.obj
 .debug_macro   0x00000da9       0x3b cmake/stm32cubemx/CMakeFiles/STM32_Drivers.dir/__/__/Core/Src/system_stm32h7xx.c.obj
 .debug_macro   0x00000de4       0x22 cmake/stm32cubemx/CMakeFiles/STM32_Drivers.dir/__/__/Core/Src/system_stm32h7xx.c.obj
 .debug_macro   0x00000e06       0x8e cmake/stm32cubemx/CMakeFiles/STM32_Drivers.dir/__/__/Core/Src/system_stm32h7xx.c.obj
 .debug_macro   0x00000e94       0x51 cmake/stm32cubemx/CMakeFiles/STM32_Drivers.dir/__/__/Core/Src/system_stm32h7xx.c.obj
 .debug_macro   0x00000ee5      0x103 cmake/stm32cubemx/CMakeFiles/STM32_Drivers.dir/__/__/Core/Src/system_stm32h7xx.c.obj
 .debug_macro   0x00000fe8       0x6a cmake/stm32cubemx/CMakeFiles/STM32_Drivers.dir/__/__/Core/Src/system_stm32h7xx.c.obj
 .debug_macro   0x00001052      0x1df cmake/stm32cubemx/CMakeFiles/STM32_Drivers.dir/__/__/Core/Src/system_stm32h7xx.c.obj
 .debug_macro   0x00001231       0x1c cmake/stm32cubemx/CMakeFiles/STM32_Drivers.dir/__/__/Core/Src/system_stm32h7xx.c.obj
 .debug_macro   0x0000124d       0x22 cmake/stm32cubemx/CMakeFiles/STM32_Drivers.dir/__/__/Core/Src/system_stm32h7xx.c.obj
 .debug_macro   0x0000126f       0xfb cmake/stm32cubemx/CMakeFiles/STM32_Drivers.dir/__/__/Core/Src/system_stm32h7xx.c.obj
 .debug_macro   0x0000136a     0x1305 cmake/stm32cubemx/CMakeFiles/STM32_Drivers.dir/__/__/Core/Src/system_stm32h7xx.c.obj
 .debug_macro   0x0000266f      0x11f cmake/stm32cubemx/CMakeFiles/STM32_Drivers.dir/__/__/Core/Src/system_stm32h7xx.c.obj
 .debug_macro   0x0000278e       0x27 cmake/stm32cubemx/CMakeFiles/STM32_Drivers.dir/__/__/Core/Src/system_stm32h7xx.c.obj
 .debug_macro   0x000027b5    0x216c1 cmake/stm32cubemx/CMakeFiles/STM32_Drivers.dir/__/__/Core/Src/system_stm32h7xx.c.obj
 .debug_macro   0x00023e76       0x6d cmake/stm32cubemx/CMakeFiles/STM32_Drivers.dir/__/__/Core/Src/system_stm32h7xx.c.obj
 .debug_macro   0x00023ee3      0x232 cmake/stm32cubemx/CMakeFiles/STM32_Drivers.dir/__/__/Core/Src/system_stm32h7xx.c.obj
 .debug_macro   0x00024115     0x3d64 cmake/stm32cubemx/CMakeFiles/STM32_Drivers.dir/__/__/Core/Src/system_stm32h7xx.c.obj
 .debug_macro   0x00027e79      0x190 cmake/stm32cubemx/CMakeFiles/STM32_Drivers.dir/__/__/Core/Src/system_stm32h7xx.c.obj
 .debug_macro   0x00028009       0x74 cmake/stm32cubemx/CMakeFiles/STM32_Drivers.dir/__/__/Core/Src/system_stm32h7xx.c.obj
 .debug_macro   0x0002807d       0x29 cmake/stm32cubemx/CMakeFiles/STM32_Drivers.dir/__/__/Core/Src/system_stm32h7xx.c.obj
 .debug_macro   0x000280a6       0x3c cmake/stm32cubemx/CMakeFiles/STM32_Drivers.dir/__/__/Core/Src/system_stm32h7xx.c.obj
 .debug_macro   0x000280e2       0x34 cmake/stm32cubemx/CMakeFiles/STM32_Drivers.dir/__/__/Core/Src/system_stm32h7xx.c.obj
 .debug_macro   0x00028116      0x364 cmake/stm32cubemx/CMakeFiles/STM32_Drivers.dir/__/__/Core/Src/system_stm32h7xx.c.obj
 .debug_macro   0x0002847a       0x16 cmake/stm32cubemx/CMakeFiles/STM32_Drivers.dir/__/__/Core/Src/system_stm32h7xx.c.obj
 .debug_macro   0x00028490       0x4a cmake/stm32cubemx/CMakeFiles/STM32_Drivers.dir/__/__/Core/Src/system_stm32h7xx.c.obj
 .debug_macro   0x000284da       0x34 cmake/stm32cubemx/CMakeFiles/STM32_Drivers.dir/__/__/Core/Src/system_stm32h7xx.c.obj
 .debug_macro   0x0002850e       0x10 cmake/stm32cubemx/CMakeFiles/STM32_Drivers.dir/__/__/Core/Src/system_stm32h7xx.c.obj
 .debug_macro   0x0002851e       0x58 cmake/stm32cubemx/CMakeFiles/STM32_Drivers.dir/__/__/Core/Src/system_stm32h7xx.c.obj
 .debug_macro   0x00028576      0x1de cmake/stm32cubemx/CMakeFiles/STM32_Drivers.dir/__/__/Core/Src/system_stm32h7xx.c.obj
 .debug_macro   0x00028754      0x19b cmake/stm32cubemx/CMakeFiles/STM32_Drivers.dir/__/__/Core/Src/system_stm32h7xx.c.obj
 .debug_macro   0x000288ef       0x5d cmake/stm32cubemx/CMakeFiles/STM32_Drivers.dir/__/__/Core/Src/system_stm32h7xx.c.obj
 .debug_macro   0x0002894c     0x2462 cmake/stm32cubemx/CMakeFiles/STM32_Drivers.dir/__/__/Core/Src/system_stm32h7xx.c.obj
 .debug_macro   0x0002adae     0x1079 cmake/stm32cubemx/CMakeFiles/STM32_Drivers.dir/__/__/Core/Src/system_stm32h7xx.c.obj
 .debug_macro   0x0002be27      0x154 cmake/stm32cubemx/CMakeFiles/STM32_Drivers.dir/__/__/Core/Src/system_stm32h7xx.c.obj
 .debug_macro   0x0002bf7b      0x114 cmake/stm32cubemx/CMakeFiles/STM32_Drivers.dir/__/__/Core/Src/system_stm32h7xx.c.obj
 .debug_macro   0x0002c08f      0x3fc cmake/stm32cubemx/CMakeFiles/STM32_Drivers.dir/__/__/Core/Src/system_stm32h7xx.c.obj
 .debug_macro   0x0002c48b       0xac cmake/stm32cubemx/CMakeFiles/STM32_Drivers.dir/__/__/Core/Src/system_stm32h7xx.c.obj
 .debug_macro   0x0002c537      0x788 cmake/stm32cubemx/CMakeFiles/STM32_Drivers.dir/__/__/Core/Src/system_stm32h7xx.c.obj
 .debug_macro   0x0002ccbf      0x228 cmake/stm32cubemx/CMakeFiles/STM32_Drivers.dir/__/__/Core/Src/system_stm32h7xx.c.obj
 .debug_macro   0x0002cee7       0x66 cmake/stm32cubemx/CMakeFiles/STM32_Drivers.dir/__/__/Core/Src/system_stm32h7xx.c.obj
 .debug_macro   0x0002cf4d      0x3a6 cmake/stm32cubemx/CMakeFiles/STM32_Drivers.dir/__/__/Core/Src/system_stm32h7xx.c.obj
 .debug_macro   0x0002d2f3      0x3f9 cmake/stm32cubemx/CMakeFiles/STM32_Drivers.dir/__/__/Core/Src/system_stm32h7xx.c.obj
 .debug_macro   0x0002d6ec      0x275 cmake/stm32cubemx/CMakeFiles/STM32_Drivers.dir/__/__/Core/Src/system_stm32h7xx.c.obj
 .debug_macro   0x0002d961      0x3ca cmake/stm32cubemx/CMakeFiles/STM32_Drivers.dir/__/__/Core/Src/system_stm32h7xx.c.obj
 .debug_macro   0x0002dd2b      0x45c cmake/stm32cubemx/CMakeFiles/STM32_Drivers.dir/__/__/Core/Src/system_stm32h7xx.c.obj
 .debug_macro   0x0002e187       0x3c cmake/stm32cubemx/CMakeFiles/STM32_Drivers.dir/__/__/Core/Src/system_stm32h7xx.c.obj
 .debug_macro   0x0002e1c3       0x4a cmake/stm32cubemx/CMakeFiles/STM32_Drivers.dir/__/__/Core/Src/system_stm32h7xx.c.obj
 .debug_macro   0x0002e20d      0x22c cmake/stm32cubemx/CMakeFiles/STM32_Drivers.dir/__/__/Core/Src/system_stm32h7xx.c.obj
 .debug_macro   0x0002e439       0x67 cmake/stm32cubemx/CMakeFiles/STM32_Drivers.dir/__/__/Core/Src/system_stm32h7xx.c.obj
 .debug_macro   0x0002e4a0       0xa5 cmake/stm32cubemx/CMakeFiles/STM32_Drivers.dir/__/__/Core/Src/system_stm32h7xx.c.obj
 .debug_macro   0x0002e545      0x1c4 cmake/stm32cubemx/CMakeFiles/STM32_Drivers.dir/__/__/Core/Src/system_stm32h7xx.c.obj
 .debug_macro   0x0002e709      0x22a cmake/stm32cubemx/CMakeFiles/STM32_Drivers.dir/__/__/Core/Src/system_stm32h7xx.c.obj
 .debug_macro   0x0002e933       0x35 cmake/stm32cubemx/CMakeFiles/STM32_Drivers.dir/__/__/Core/Src/system_stm32h7xx.c.obj
 .debug_macro   0x0002e968      0xb24 cmake/stm32cubemx/CMakeFiles/STM32_Drivers.dir/__/__/Core/Src/system_stm32h7xx.c.obj
 .debug_macro   0x0002f48c      0x29f cmake/stm32cubemx/CMakeFiles/STM32_Drivers.dir/__/__/Core/Src/system_stm32h7xx.c.obj
 .debug_macro   0x0002f72b      0x5f2 cmake/stm32cubemx/CMakeFiles/STM32_Drivers.dir/__/__/Core/Src/system_stm32h7xx.c.obj
 .debug_macro   0x0002fd1d      0x285 cmake/stm32cubemx/CMakeFiles/STM32_Drivers.dir/__/__/Drivers/STM32H7xx_HAL_Driver/Src/stm32h7xx_hal_cortex.c.obj
 .debug_macro   0x0002ffa2      0x2a9 cmake/stm32cubemx/CMakeFiles/STM32_Drivers.dir/__/__/Drivers/STM32H7xx_HAL_Driver/Src/stm32h7xx_hal_rcc.c.obj
 .debug_macro   0x0003024b      0x28c cmake/stm32cubemx/CMakeFiles/STM32_Drivers.dir/__/__/Drivers/STM32H7xx_HAL_Driver/Src/stm32h7xx_hal_gpio.c.obj
 .debug_macro   0x000304d7      0x2d9 cmake/stm32cubemx/CMakeFiles/STM32_Drivers.dir/__/__/Drivers/STM32H7xx_HAL_Driver/Src/stm32h7xx_hal_dma.c.obj
 .debug_macro   0x000307b0      0x2be cmake/stm32cubemx/CMakeFiles/STM32_Drivers.dir/__/__/Drivers/STM32H7xx_HAL_Driver/Src/stm32h7xx_hal_pwr_ex.c.obj
 .debug_macro   0x00030a6e      0x2af cmake/stm32cubemx/CMakeFiles/STM32_Drivers.dir/__/__/Drivers/STM32H7xx_HAL_Driver/Src/stm32h7xx_hal.c.obj
 .debug_macro   0x00030d1d      0x286 cmake/stm32cubemx/CMakeFiles/STM32_Drivers.dir/__/__/Drivers/STM32H7xx_HAL_Driver/Src/stm32h7xx_hal_tim.c.obj
 .debug_macro   0x00030fa3      0x28b cmake/stm32cubemx/CMakeFiles/STM32_Drivers.dir/__/__/Drivers/STM32H7xx_HAL_Driver/Src/stm32h7xx_hal_tim_ex.c.obj
 .debug_macro   0x0003122e      0x2b1 CMakeFiles/test_cmake_clt.dir/Core/Src/main.c.obj
 .debug_macro   0x000314df      0x299 CMakeFiles/test_cmake_clt.dir/Core/Src/gpio.c.obj
 .debug_macro   0x00031778      0x299 CMakeFiles/test_cmake_clt.dir/Core/Src/dma.c.obj
 .debug_macro   0x00031a11      0x299 CMakeFiles/test_cmake_clt.dir/Core/Src/tim.c.obj
 .debug_macro   0x00031caa      0x299 CMakeFiles/test_cmake_clt.dir/Core/Src/stm32h7xx_it.c.obj
 .debug_macro   0x00031f43      0x28f CMakeFiles/test_cmake_clt.dir/Core/Src/stm32h7xx_hal_msp.c.obj

.debug_line     0x00000000    0x116a9
 .debug_line    0x00000000      0xa63 cmake/stm32cubemx/CMakeFiles/STM32_Drivers.dir/__/__/Core/Src/system_stm32h7xx.c.obj
 .debug_line    0x00000a63      0xe31 cmake/stm32cubemx/CMakeFiles/STM32_Drivers.dir/__/__/Drivers/STM32H7xx_HAL_Driver/Src/stm32h7xx_hal_cortex.c.obj
 .debug_line    0x00001894     0x1455 cmake/stm32cubemx/CMakeFiles/STM32_Drivers.dir/__/__/Drivers/STM32H7xx_HAL_Driver/Src/stm32h7xx_hal_rcc.c.obj
 .debug_line    0x00002ce9      0xcb9 cmake/stm32cubemx/CMakeFiles/STM32_Drivers.dir/__/__/Drivers/STM32H7xx_HAL_Driver/Src/stm32h7xx_hal_gpio.c.obj
 .debug_line    0x000039a2     0x27c8 cmake/stm32cubemx/CMakeFiles/STM32_Drivers.dir/__/__/Drivers/STM32H7xx_HAL_Driver/Src/stm32h7xx_hal_dma.c.obj
 .debug_line    0x0000616a      0xf16 cmake/stm32cubemx/CMakeFiles/STM32_Drivers.dir/__/__/Drivers/STM32H7xx_HAL_Driver/Src/stm32h7xx_hal_pwr_ex.c.obj
 .debug_line    0x00007080      0xedb cmake/stm32cubemx/CMakeFiles/STM32_Drivers.dir/__/__/Drivers/STM32H7xx_HAL_Driver/Src/stm32h7xx_hal.c.obj
 .debug_line    0x00007f5b     0x402d cmake/stm32cubemx/CMakeFiles/STM32_Drivers.dir/__/__/Drivers/STM32H7xx_HAL_Driver/Src/stm32h7xx_hal_tim.c.obj
 .debug_line    0x0000bf88     0x1e65 cmake/stm32cubemx/CMakeFiles/STM32_Drivers.dir/__/__/Drivers/STM32H7xx_HAL_Driver/Src/stm32h7xx_hal_tim_ex.c.obj
 .debug_line    0x0000dded      0x984 CMakeFiles/test_cmake_clt.dir/Core/Src/main.c.obj
 .debug_line    0x0000e771      0x87e CMakeFiles/test_cmake_clt.dir/Core/Src/gpio.c.obj
 .debug_line    0x0000efef      0x86b CMakeFiles/test_cmake_clt.dir/Core/Src/dma.c.obj
 .debug_line    0x0000f85a      0x94a CMakeFiles/test_cmake_clt.dir/Core/Src/tim.c.obj
 .debug_line    0x000101a4      0x936 CMakeFiles/test_cmake_clt.dir/Core/Src/stm32h7xx_it.c.obj
 .debug_line    0x00010ada      0x86e CMakeFiles/test_cmake_clt.dir/Core/Src/stm32h7xx_hal_msp.c.obj
 .debug_line    0x00011348       0x7b CMakeFiles/test_cmake_clt.dir/startup_stm32h723xx.s.obj
 .debug_line    0x000113c3      0x17e C:/Users/auspicious/AppData/Local/stm32cube/bundles/gnu-tools-for-stm32/14.3.1+st.2/bin/../lib/gcc/arm-none-eabi/14.3.1/../../../../arm-none-eabi/lib/thumb/v7e-m+dp/hard\libg_nano.a(libc_a-memset.o)
 .debug_line    0x00011541      0x168 C:/Users/auspicious/AppData/Local/stm32cube/bundles/gnu-tools-for-stm32/14.3.1+st.2/bin/../lib/gcc/arm-none-eabi/14.3.1/../../../../arm-none-eabi/lib/thumb/v7e-m+dp/hard\libg_nano.a(libc_a-init.o)

.debug_str      0x00000000   0x144fc4
 .debug_str     0x00000000   0x144fc4 cmake/stm32cubemx/CMakeFiles/STM32_Drivers.dir/__/__/Core/Src/system_stm32h7xx.c.obj
                             0x140789 (size before relaxing)
 .debug_str     0x00144fc4   0x1410ee cmake/stm32cubemx/CMakeFiles/STM32_Drivers.dir/__/__/Drivers/STM32H7xx_HAL_Driver/Src/stm32h7xx_hal_cortex.c.obj
 .debug_str     0x00144fc4   0x140b18 cmake/stm32cubemx/CMakeFiles/STM32_Drivers.dir/__/__/Drivers/STM32H7xx_HAL_Driver/Src/stm32h7xx_hal_rcc.c.obj
 .debug_str     0x00144fc4   0x140795 cmake/stm32cubemx/CMakeFiles/STM32_Drivers.dir/__/__/Drivers/STM32H7xx_HAL_Driver/Src/stm32h7xx_hal_gpio.c.obj
 .debug_str     0x00144fc4   0x140eff cmake/stm32cubemx/CMakeFiles/STM32_Drivers.dir/__/__/Drivers/STM32H7xx_HAL_Driver/Src/stm32h7xx_hal_dma.c.obj
 .debug_str     0x00144fc4   0x140b9d cmake/stm32cubemx/CMakeFiles/STM32_Drivers.dir/__/__/Drivers/STM32H7xx_HAL_Driver/Src/stm32h7xx_hal_pwr_ex.c.obj
 .debug_str     0x00144fc4   0x1417d4 cmake/stm32cubemx/CMakeFiles/STM32_Drivers.dir/__/__/Drivers/STM32H7xx_HAL_Driver/Src/stm32h7xx_hal.c.obj
 .debug_str     0x00144fc4   0x141916 cmake/stm32cubemx/CMakeFiles/STM32_Drivers.dir/__/__/Drivers/STM32H7xx_HAL_Driver/Src/stm32h7xx_hal_tim.c.obj
 .debug_str     0x00144fc4   0x1412c3 cmake/stm32cubemx/CMakeFiles/STM32_Drivers.dir/__/__/Drivers/STM32H7xx_HAL_Driver/Src/stm32h7xx_hal_tim_ex.c.obj
 .debug_str     0x00144fc4   0x140d5b CMakeFiles/test_cmake_clt.dir/Core/Src/main.c.obj
 .debug_str     0x00144fc4   0x140578 CMakeFiles/test_cmake_clt.dir/Core/Src/gpio.c.obj
 .debug_str     0x00144fc4   0x140cba CMakeFiles/test_cmake_clt.dir/Core/Src/dma.c.obj
 .debug_str     0x00144fc4   0x140d7e CMakeFiles/test_cmake_clt.dir/Core/Src/tim.c.obj
 .debug_str     0x00144fc4   0x140668 CMakeFiles/test_cmake_clt.dir/Core/Src/stm32h7xx_it.c.obj
 .debug_str     0x00144fc4   0x1404ad CMakeFiles/test_cmake_clt.dir/Core/Src/stm32h7xx_hal_msp.c.obj
 .debug_str     0x00144fc4       0xa0 CMakeFiles/test_cmake_clt.dir/startup_stm32h723xx.s.obj
 .debug_str     0x00144fc4      0x214 C:/Users/auspicious/AppData/Local/stm32cube/bundles/gnu-tools-for-stm32/14.3.1+st.2/bin/../lib/gcc/arm-none-eabi/14.3.1/../../../../arm-none-eabi/lib/thumb/v7e-m+dp/hard\libg_nano.a(libc_a-memset.o)
 .debug_str     0x00144fc4      0x275 C:/Users/auspicious/AppData/Local/stm32cube/bundles/gnu-tools-for-stm32/14.3.1+st.2/bin/../lib/gcc/arm-none-eabi/14.3.1/../../../../arm-none-eabi/lib/thumb/v7e-m+dp/hard\libg_nano.a(libc_a-init.o)

.debug_frame    0x00000000     0x3198
 .debug_frame   0x00000000       0x6c cmake/stm32cubemx/CMakeFiles/STM32_Drivers.dir/__/__/Core/Src/system_stm32h7xx.c.obj
 .debug_frame   0x0000006c      0x4b8 cmake/stm32cubemx/CMakeFiles/STM32_Drivers.dir/__/__/Drivers/STM32H7xx_HAL_Driver/Src/stm32h7xx_hal_cortex.c.obj
 .debug_frame   0x00000524      0x1e4 cmake/stm32cubemx/CMakeFiles/STM32_Drivers.dir/__/__/Drivers/STM32H7xx_HAL_Driver/Src/stm32h7xx_hal_rcc.c.obj
 .debug_frame   0x00000708      0x130 cmake/stm32cubemx/CMakeFiles/STM32_Drivers.dir/__/__/Drivers/STM32H7xx_HAL_Driver/Src/stm32h7xx_hal_gpio.c.obj
 .debug_frame   0x00000838      0x290 cmake/stm32cubemx/CMakeFiles/STM32_Drivers.dir/__/__/Drivers/STM32H7xx_HAL_Driver/Src/stm32h7xx_hal_dma.c.obj
 .debug_frame   0x00000ac8      0x4c8 cmake/stm32cubemx/CMakeFiles/STM32_Drivers.dir/__/__/Drivers/STM32H7xx_HAL_Driver/Src/stm32h7xx_hal_pwr_ex.c.obj
 .debug_frame   0x00000f90      0x6a0 cmake/stm32cubemx/CMakeFiles/STM32_Drivers.dir/__/__/Drivers/STM32H7xx_HAL_Driver/Src/stm32h7xx_hal.c.obj
 .debug_frame   0x00001630     0x1144 cmake/stm32cubemx/CMakeFiles/STM32_Drivers.dir/__/__/Drivers/STM32H7xx_HAL_Driver/Src/stm32h7xx_hal_tim.c.obj
 .debug_frame   0x00002774      0x6d8 cmake/stm32cubemx/CMakeFiles/STM32_Drivers.dir/__/__/Drivers/STM32H7xx_HAL_Driver/Src/stm32h7xx_hal_tim_ex.c.obj
 .debug_frame   0x00002e4c       0xb0 CMakeFiles/test_cmake_clt.dir/Core/Src/main.c.obj
 .debug_frame   0x00002efc       0x34 CMakeFiles/test_cmake_clt.dir/Core/Src/gpio.c.obj
 .debug_frame   0x00002f30       0x34 CMakeFiles/test_cmake_clt.dir/Core/Src/dma.c.obj
 .debug_frame   0x00002f64       0xa0 CMakeFiles/test_cmake_clt.dir/Core/Src/tim.c.obj
 .debug_frame   0x00003004      0x114 CMakeFiles/test_cmake_clt.dir/Core/Src/stm32h7xx_it.c.obj
 .debug_frame   0x00003118       0x34 CMakeFiles/test_cmake_clt.dir/Core/Src/stm32h7xx_hal_msp.c.obj
 .debug_frame   0x0000314c       0x20 C:/Users/auspicious/AppData/Local/stm32cube/bundles/gnu-tools-for-stm32/14.3.1+st.2/bin/../lib/gcc/arm-none-eabi/14.3.1/../../../../arm-none-eabi/lib/thumb/v7e-m+dp/hard\libg_nano.a(libc_a-memset.o)
 .debug_frame   0x0000316c       0x2c C:/Users/auspicious/AppData/Local/stm32cube/bundles/gnu-tools-for-stm32/14.3.1+st.2/bin/../lib/gcc/arm-none-eabi/14.3.1/../../../../arm-none-eabi/lib/thumb/v7e-m+dp/hard\libg_nano.a(libc_a-init.o)

.debug_line_str
                0x00000000       0x84
 .debug_line_str
                0x00000000       0x84 CMakeFiles/test_cmake_clt.dir/startup_stm32h723xx.s.obj

.debug_loclists
                0x00000000       0xa1
 .debug_loclists
                0x00000000       0x4d C:/Users/auspicious/AppData/Local/stm32cube/bundles/gnu-tools-for-stm32/14.3.1+st.2/bin/../lib/gcc/arm-none-eabi/14.3.1/../../../../arm-none-eabi/lib/thumb/v7e-m+dp/hard\libg_nano.a(libc_a-memset.o)
 .debug_loclists
                0x0000004d       0x54 C:/Users/auspicious/AppData/Local/stm32cube/bundles/gnu-tools-for-stm32/14.3.1+st.2/bin/../lib/gcc/arm-none-eabi/14.3.1/../../../../arm-none-eabi/lib/thumb/v7e-m+dp/hard\libg_nano.a(libc_a-init.o)
